Archive member included because of file (symbol)

/home/owen/workspace-rs5/StdPeriphLib_v100_STM32F4xx/Debug/libStdPeriphLib_v100_STM32F4xx.a(misc.o)
                              ./src/CS4344.o (NVIC_Init)
/home/owen/workspace-rs5/StdPeriphLib_v100_STM32F4xx/Debug/libStdPeriphLib_v100_STM32F4xx.a(stm32f4xx_adc.o)
                              ./src/pp6.o (ADC_Init)
/home/owen/workspace-rs5/StdPeriphLib_v100_STM32F4xx/Debug/libStdPeriphLib_v100_STM32F4xx.a(stm32f4xx_gpio.o)
                              ./src/CS4344.o (GPIO_Init)
/home/owen/workspace-rs5/StdPeriphLib_v100_STM32F4xx/Debug/libStdPeriphLib_v100_STM32F4xx.a(stm32f4xx_rcc.o)
                              ./src/CS4344.o (RCC_AHB1PeriphClockCmd)
/home/owen/workspace-rs5/StdPeriphLib_v100_STM32F4xx/Debug/libStdPeriphLib_v100_STM32F4xx.a(stm32f4xx_rng.o)
                              ./src/main.o (RNG_Cmd)
/home/owen/workspace-rs5/StdPeriphLib_v100_STM32F4xx/Debug/libStdPeriphLib_v100_STM32F4xx.a(stm32f4xx_spi.o)
                              ./src/CS4344.o (SPI_I2S_DeInit)
/home/owen/workspace-rs5/StdPeriphLib_v100_STM32F4xx/Debug/libStdPeriphLib_v100_STM32F4xx.a(stm32f4xx_tim.o)
                              ./src/pwm.o (TIM_TimeBaseInit)
/home/owen/workspace-rs5/StdPeriphLib_v100_STM32F4xx/Debug/libStdPeriphLib_v100_STM32F4xx.a(stm32f4xx_usart.o)
                              ./src/uart.o (USART_Init)
/home/owen/workspace-rs5/CMSISv2p10_DSPLIB_CM4/lib/libCMSISv2p10_DSPLIB_CM4.a(arm_sin_f32.o)
                              ./src/oscillator.o (arm_sin_f32)
/usr/local/redsuite_5.2.4_2122/redsuite/tools/bin/../lib/gcc/arm-none-eabi/4.6.2/../../../../arm-none-eabi/lib/armv7e-m/softfp/libcr_c.a(__weak__main.o)
                              ./src/cr_startup_stm32f4xx.o (__main)

Allocating common symbols
Common symbol       size              file

recvArg0_           0x4               ./src/main.o
channelIn_          0x4               ./src/main.o
uart_recv_buf       0x20              ./src/main.o
recvEvent_          0x4               ./src/main.o
tmp8                0x1               ./src/main.o
recvMode_           0x4               ./src/main.o
recvByteCount_      0x4               ./src/main.o
sendFullCommands_   0x1               ./src/main.o
pp6                 0x154             ./src/pp6.o
recvBytesNeeded_    0x4               ./src/main.o
play_buf            0x400             ./src/CS4344.o
lastStatusSent_     0x4               ./src/main.o

Discarded input sections

 .text          0x00000000        0x0 ./src/CS4344.o
 .data          0x00000000        0x0 ./src/CS4344.o
 .bss           0x00000000        0x0 ./src/CS4344.o
 .bss.o         0x00000000        0x2 ./src/CS4344.o
 .text          0x00000000        0x0 ./src/audio.o
 .data          0x00000000        0x0 ./src/audio.o
 .bss           0x00000000        0x0 ./src/audio.o
 .text.c_to_f   0x00000000       0xf4 ./src/audio.o
 .text          0x00000000        0x0 ./src/cr_startup_stm32f4xx.o
 .data          0x00000000        0x0 ./src/cr_startup_stm32f4xx.o
 .bss           0x00000000        0x0 ./src/cr_startup_stm32f4xx.o
 .text          0x00000000        0x0 ./src/main.o
 .data          0x00000000        0x0 ./src/main.o
 .bss           0x00000000        0x0 ./src/main.o
 .data.miditof  0x00000000       0x54 ./src/main.o
 .rodata.PARAM_SEND_FULL_COMMANDS
                0x00000000        0x4 ./src/main.o
 .rodata.PARAM_CHANNEL_IN
                0x00000000        0x4 ./src/main.o
 .text          0x00000000        0x0 ./src/midi.o
 .data          0x00000000        0x0 ./src/midi.o
 .bss           0x00000000        0x0 ./src/midi.o
 .rodata.PARAM_SEND_FULL_COMMANDS
                0x00000000        0x4 ./src/midi.o
 .rodata.PARAM_CHANNEL_IN
                0x00000000        0x4 ./src/midi.o
 .text.sendNoteOff
                0x00000000       0x78 ./src/midi.o
 .text.sendNoteOn
                0x00000000       0x78 ./src/midi.o
 .text.sendVelocityChange
                0x00000000       0x6c ./src/midi.o
 .text.sendControlChange
                0x00000000       0x6c ./src/midi.o
 .text.sendProgramChange
                0x00000000       0x5c ./src/midi.o
 .text.sendAfterTouch
                0x00000000       0x5c ./src/midi.o
 .text.sendPitchChange
                0x00000000       0x3c ./src/midi.o
 .text.sendSongPosition
                0x00000000       0x3c ./src/midi.o
 .text.sendSongSelect
                0x00000000       0x28 ./src/midi.o
 .text.sendTuneRequest
                0x00000000       0x10 ./src/midi.o
 .text.sendContinue
                0x00000000       0x10 ./src/midi.o
 .text.sendActiveSense
                0x00000000       0x10 ./src/midi.o
 .text.sendReset
                0x00000000       0x10 ./src/midi.o
 .text.setParam
                0x00000000       0x68 ./src/midi.o
 .text.getParam
                0x00000000       0x50 ./src/midi.o
 .text          0x00000000        0x0 ./src/notelist.o
 .data          0x00000000        0x0 ./src/notelist.o
[...]
Memory Configuration

Name             Origin             Length             Attributes
MFlash512        0x08000000         0x00080000         xr
Ram112           0x20000000         0x0001c000         xrw
PeriphRam16      0x2001c000         0x00004000         xrw
Ram64            0x10000000         0x00010000         xrw
*default*        0x00000000         0xffffffff

Linker script and memory map

LOAD ./src/CS4344.o
LOAD ./src/audio.o
LOAD ./src/cr_startup_stm32f4xx.o
LOAD ./src/main.o
LOAD ./src/midi.o
LOAD ./src/notelist.o
LOAD ./src/oscillator.o
LOAD ./src/pp6.o
LOAD ./src/pwm.o
LOAD ./src/sad.o
LOAD ./src/sadsr.o
LOAD ./src/sequencer.o
LOAD ./src/system_stm32f4xx.o
LOAD ./src/timer.o
LOAD ./src/uart.o
LOAD /home/owen/workspace-rs5/StdPeriphLib_v100_STM32F4xx/Debug/libStdPeriphLib_v100_STM32F4xx.a
LOAD /home/owen/workspace-rs5/CMSISv2p10_STM32F4xx/Debug/libCMSISv2p10_STM32F4xx.a
LOAD /home/owen/workspace-rs5/CMSISv2p10_DSPLIB_CM4/lib/libCMSISv2p10_DSPLIB_CM4.a
START GROUP
LOAD /usr/local/redsuite_5.2.4_2122/redsuite/tools/bin/../lib/gcc/arm-none-eabi/4.6.2/../../../../arm-none-eabi/lib/armv7e-m/softfp/libcr_c.a
LOAD /usr/local/redsuite_5.2.4_2122/redsuite/tools/bin/../lib/gcc/arm-none-eabi/4.6.2/armv7e-m/softfp/libcr_eabihelpers.a
END GROUP
                0x08080000                __top_MFlash512 = 0x8080000
                0x2001c000                __top_Ram112 = 0x2001c000
                0x20020000                __top_PeriphRam16 = 0x20020000
                0x10010000                __top_Ram64 = 0x10010000

.text           0x08000000     0x52cc
 FILL mask 0xff
                0x08000000                __vectors_start__ = ABSOLUTE (.)
 *(.isr_vector)
 .isr_vector    0x08000000      0x188 ./src/cr_startup_stm32f4xx.o
                0x08000000                g_pfnVectors
                0x08000188                . = ALIGN (0x4)
                0x08000188                __section_table_start = .
                0x08000188                __data_section_table = .
                0x08000188        0x4 LONG 0x80052cc LOADADDR (.data)
                0x0800018c        0x4 LONG 0x20000000 ADDR (.data)
                0x08000190        0x4 LONG 0x1f8 SIZEOF (.data)
                0x08000194        0x4 LONG 0x80052cc LOADADDR (.data_RAM2)
                0x08000198        0x4 LONG 0x2001c000 ADDR (.data_RAM2)
                0x0800019c        0x4 LONG 0x0 SIZEOF (.data_RAM2)
                0x080001a0        0x4 LONG 0x80052cc LOADADDR (.data_RAM3)
                0x080001a4        0x4 LONG 0x10000000 ADDR (.data_RAM3)
                0x080001a8        0x4 LONG 0x0 SIZEOF (.data_RAM3)
                0x080001ac                __data_section_table_end = .
                0x080001ac                __bss_section_table = .
                0x080001ac        0x4 LONG 0x200001f8 ADDR (.bss)
                0x080001b0        0x4 LONG 0xd218 SIZEOF (.bss)
                0x080001b4        0x4 LONG 0x2001c000 ADDR (.bss_RAM2)
                0x080001b8        0x4 LONG 0x0 SIZEOF (.bss_RAM2)
                0x080001bc        0x4 LONG 0x10000000 ADDR (.bss_RAM3)
                0x080001c0        0x4 LONG 0x0 SIZEOF (.bss_RAM3)
                0x080001c4                __bss_section_table_end = .
                0x080001c4                __section_table_end = .
 *(.after_vectors*)
 .after_vectors
                0x080001c4       0x88 ./src/cr_startup_stm32f4xx.o
                0x080001c4                NMI_Handler
                0x080001c6                HardFault_Handler
                0x080001c8                MemManage_Handler
                0x080001ca                BusFault_Handler
                0x080001cc                UsageFault_Handler
                0x080001ce                SVC_Handler
                0x080001d0                DebugMon_Handler
                0x080001d2                PendSV_Handler
                0x080001d4                SysTick_Handler
                0x080001d6                data_init
                0x080001e8                bss_init
                0x080001f8                ResetISR
                0x08000244                RTC_Alarm_IRQHandler
                0x08000244                HASH_RNG_IRQHandler
                0x08000244                EXTI2_IRQHandler
                0x08000244                TIM8_CC_IRQHandler
                0x08000244                TIM1_CC_IRQHandler
                0x08000244                DMA2_Stream5_IRQHandler
                0x08000244                DMA1_Stream5_IRQHandler
                0x08000244                PVD_IRQHandler
                0x08000244                SDIO_IRQHandler
                0x08000244                TAMP_STAMP_IRQHandler
                0x08000244                CAN2_RX1_IRQHandler
                0x08000244                EXTI3_IRQHandler
                0x08000244                TIM8_TRG_COM_TIM14_IRQHandler
                0x08000244                TIM1_UP_TIM10_IRQHandler
                0x08000244                TIM8_UP_TIM13_IRQHandler
                0x08000244                I2C3_ER_IRQHandler
                0x08000244                EXTI0_IRQHandler
                0x08000244                I2C2_EV_IRQHandler
                0x08000244                DMA1_Stream2_IRQHandler
                0x08000244                CAN1_RX0_IRQHandler
                0x08000244                FPU_IRQHandler
                0x08000244                OTG_HS_WKUP_IRQHandler
                0x08000244                CAN2_SCE_IRQHandler
                0x08000244                DMA2_Stream2_IRQHandler
                0x08000244                SPI1_IRQHandler
                0x08000244                IntDefaultHandler
                0x08000244                TIM6_DAC_IRQHandler
                0x08000244                TIM1_BRK_TIM9_IRQHandler
                0x08000244                DCMI_IRQHandler
                0x08000244                CAN2_RX0_IRQHandler
                0x08000244                DMA2_Stream3_IRQHandler
                0x08000244                USART6_IRQHandler
                0x08000244                USART3_IRQHandler
                0x08000244                CRYP_IRQHandler
                0x08000244                CAN1_RX1_IRQHandler
                0x08000244                UART5_IRQHandler
                0x08000244                DMA2_Stream0_IRQHandler
                0x08000244                TIM4_IRQHandler
                0x08000244                I2C1_EV_IRQHandler
                0x08000244                DMA1_Stream6_IRQHandler
                0x08000244                DMA1_Stream1_IRQHandler
                0x08000244                UART4_IRQHandler
                0x08000244                TIM3_IRQHandler
                0x08000244                RCC_IRQHandler
                0x08000244                TIM8_BRK_TIM12_IRQHandler
                0x08000244                EXTI15_10_IRQHandler
                0x08000244                ADC_IRQHandler
                0x08000244                DMA1_Stream7_IRQHandler
                0x08000244                TIM7_IRQHandler
                0x08000244                CAN2_TX_IRQHandler
                0x08000244                TIM5_IRQHandler
                0x08000244                DMA2_Stream7_IRQHandler
                0x08000244                I2C3_EV_IRQHandler
                0x08000244                EXTI9_5_IRQHandler
                0x08000244                RTC_WKUP_IRQHandler
                0x08000244                ETH_WKUP_IRQHandler
                0x08000244                SPI2_IRQHandler
                0x08000244                OTG_HS_EP1_IN_IRQHandler
                0x08000244                DMA1_Stream0_IRQHandler
                0x08000244                CAN1_TX_IRQHandler
                0x08000244                EXTI4_IRQHandler
                0x08000244                FSMC_IRQHandler
                0x08000244                ETH_IRQHandler
                0x08000244                OTG_HS_EP1_OUT_IRQHandler
                0x08000244                WWDG_IRQHandler
                0x08000244                TIM2_IRQHandler
                0x08000244                OTG_FS_WKUP_IRQHandler
                0x08000244                TIM1_TRG_COM_TIM11_IRQHandler
                0x08000244                OTG_HS_IRQHandler
                0x08000244                EXTI1_IRQHandler
                0x08000244                USART2_IRQHandler
                0x08000244                I2C2_ER_IRQHandler
                0x08000244                DMA2_Stream1_IRQHandler
                0x08000244                CAN1_SCE_IRQHandler
                0x08000244                FLASH_IRQHandler
                0x08000244                DMA2_Stream4_IRQHandler
                0x08000244                USART1_IRQHandler
                0x08000244                OTG_FS_IRQHandler
                0x08000244                DMA1_Stream4_IRQHandler
                0x08000244                I2C1_ER_IRQHandler
                0x08000244                DMA2_Stream6_IRQHandler
                0x08000244                DMA1_Stream3_IRQHandler
 *(.text*)
 .text.CS4344_init
                0x0800024c      0x17c ./src/CS4344.o
                0x0800024c                CS4344_init
 .text.SPI3_IRQHandler
                0x080003c8       0x94 ./src/CS4344.o
                0x080003c8                SPI3_IRQHandler
 .text.c_to_f_ratio
                0x0800045c       0xe8 ./src/audio.o
                0x0800045c                c_to_f_ratio
 .text.main     0x08000544      0x9d8 ./src/main.o
                0x08000544                main
 .text.flash_led_record_enable
                0x08000f1c       0x40 ./src/main.o
 .text.Delay    0x08000f5c       0x2c ./src/main.o
 .text.recvByte
                0x08000f88      0x4c8 ./src/midi.o
                0x08000f88                recvByte
 .text.sendSync
                0x08001450       0x10 ./src/midi.o
                0x08001450                sendSync
 .text.sendStart
                0x08001460       0x10 ./src/midi.o
                0x08001460                sendStart
 .text.sendStop
                0x08001470       0x10 ./src/midi.o
                0x08001470                sendStop
 .text.midi_init
                0x08001480       0x84 ./src/midi.o
                0x08001480                midi_init
 .text.handleNoteOff
                0x08001504       0x24 ./src/midi.o
                0x08001504                handleNoteOff
 .text.handleNoteOn
                0x08001528       0x24 ./src/midi.o
                0x08001528                handleNoteOn
 .text.handleSync
                0x0800154c        0xc ./src/midi.o
                0x0800154c                handleSync
 .text.handleStart
                0x08001558        0xc ./src/midi.o
                0x08001558                handleStart
 .text.handleStop
                0x08001564        0xc ./src/midi.o
                0x08001564                handleStop
 .text.handleVelocityChange
                0x08001570       0x18 ./src/midi.o
                0x08001570                handleVelocityChange
 .text.handleControlChange
                0x08001588       0x18 ./src/midi.o
                0x08001588                handleControlChange
 .text.handleProgramChange
                0x080015a0       0x14 ./src/midi.o
                0x080015a0                handleProgramChange
 .text.handleAfterTouch
                0x080015b4       0x14 ./src/midi.o
                0x080015b4                handleAfterTouch
 .text.handlePitchChange
                0x080015c8       0x14 ./src/midi.o
                0x080015c8                handlePitchChange
 .text.handleSongPosition
                0x080015dc       0x14 ./src/midi.o
                0x080015dc                handleSongPosition
 .text.handleSongSelect
                0x080015f0       0x14 ./src/midi.o
                0x080015f0                handleSongSelect
 .text.handleTuneRequest
                0x08001604        0xc ./src/midi.o
                0x08001604                handleTuneRequest
 .text.handleContinue
                0x08001610        0xc ./src/midi.o
                0x08001610                handleContinue
 .text.handleActiveSense
                0x0800161c        0xc ./src/midi.o
                0x0800161c                handleActiveSense
 .text.handleReset
                0x08001628        0xc ./src/midi.o
                0x08001628                handleReset
 .text.note_list_init
                0x08001634       0x8c ./src/notelist.o
                0x08001634                note_list_init
 .text.note_list_set_current_to_last
                0x080016c0       0x60 ./src/notelist.o
                0x080016c0                note_list_set_current_to_last
 .text.note_list_copy_notes
                0x08001720       0x58 ./src/notelist.o
                0x08001720                note_list_copy_notes
 .text.note_list_most_recent
                0x08001778       0x24 ./src/notelist.o
                0x08001778                note_list_most_recent
 .text.note_list_note_on
                0x0800179c       0x38 ./src/notelist.o
                0x0800179c                note_list_note_on
 .text.note_list_note_off
                0x080017d4       0x98 ./src/notelist.o
                0x080017d4                note_list_note_off
 .text.pp6_init
                0x0800186c      0x154 ./src/pp6.o
                0x0800186c                pp6_init
 .text.pp6_set_gate
                0x080019c0       0x40 ./src/pp6.o
                0x080019c0                pp6_set_gate
 .text.pp6_midi_clock_tick
                0x08001a00       0x98 ./src/pp6.o
                0x08001a00                pp6_midi_clock_tick
 .text.pp6_midi_clock_present
                0x08001a98       0x18 ./src/pp6.o
                0x08001a98                pp6_midi_clock_present
 .text.pp6_get_knob_1
                0x08001ab0       0x18 ./src/pp6.o
                0x08001ab0                pp6_get_knob_1
 .text.pp6_get_knob_2
                0x08001ac8       0x18 ./src/pp6.o
                0x08001ac8                pp6_get_knob_2
 .text.pp6_get_knob_3
                0x08001ae0       0x18 ./src/pp6.o
                0x08001ae0                pp6_get_knob_3
 .text.pp6_get_knob_4
                0x08001af8       0x18 ./src/pp6.o
                0x08001af8                pp6_get_knob_4
 .text.pp6_get_knob_5
                0x08001b10       0x18 ./src/pp6.o
                0x08001b10                pp6_get_knob_5
 .text.pp6_get_knob_array
                0x08001b28       0x14 ./src/pp6.o
                0x08001b28                pp6_get_knob_array
 .text.pp6_set_mode_button_pressed
                0x08001b3c       0x1c ./src/pp6.o
                0x08001b3c                pp6_set_mode_button_pressed
 .text.pp6_mode_button_pressed
                0x08001b58       0x18 ./src/pp6.o
                0x08001b58                pp6_mode_button_pressed
 .text.pp6_set_aux_button_pressed
                0x08001b70       0x1c ./src/pp6.o
                0x08001b70                pp6_set_aux_button_pressed
 .text.pp6_set_aux_button_released
                0x08001b8c       0x1c ./src/pp6.o
                0x08001b8c                pp6_set_aux_button_released
 .text.pp6_aux_button_pressed
                0x08001ba8       0x18 ./src/pp6.o
                0x08001ba8                pp6_aux_button_pressed
 .text.pp6_change_mode
                0x08001bc0       0x8c ./src/pp6.o
                0x08001bc0                pp6_change_mode
 .text.pp6_set_mode
                0x08001c4c       0x38 ./src/pp6.o
                0x08001c4c                pp6_set_mode
 .text.pp6_get_mode
                0x08001c84       0x18 ./src/pp6.o
                0x08001c84                pp6_get_mode
 .text.pp6_set_seq_led
                0x08001c9c      0x244 ./src/pp6.o
                0x08001c9c                pp6_set_seq_led
 .text.pp6_get_seq_led
                0x08001ee0       0x18 ./src/pp6.o
                0x08001ee0                pp6_get_seq_led
 .text.pp6_set_mode_led
                0x08001ef8      0x244 ./src/pp6.o
                0x08001ef8                pp6_set_mode_led
 .text.pp6_set_clk_led
                0x0800213c      0x230 ./src/pp6.o
                0x0800213c                pp6_set_clk_led
 .text.pp6_flash_seq_led
                0x0800236c       0x24 ./src/pp6.o
                0x0800236c                pp6_flash_seq_led
 .text.pp6_flash_mode_led
                0x08002390       0x24 ./src/pp6.o
                0x08002390                pp6_flash_mode_led
 .text.pp6_flash_update
                0x080023b4      0x120 ./src/pp6.o
                0x080023b4                pp6_flash_update
 .text.pp6_get_keys
                0x080024d4       0x18 ./src/pp6.o
                0x080024d4                pp6_get_keys
 .text.pp6_get_key_events
                0x080024ec      0x150 ./src/pp6.o
                0x080024ec                pp6_get_key_events
 .text.pp6_note_on_flag
                0x0800263c       0x18 ./src/pp6.o
                0x0800263c                pp6_note_on_flag
 .text.pp6_set_note_off
                0x08002654       0x4c ./src/pp6.o
                0x08002654                pp6_set_note_off
 .text.pp6_set_note_on
                0x080026a0       0x4c ./src/pp6.o
                0x080026a0                pp6_set_note_on
 .text.pp6_get_note_state
                0x080026ec       0x2c ./src/pp6.o
                0x080026ec                pp6_get_note_state
 .text.pp6_get_note_state_last
                0x08002718       0x2c ./src/pp6.o
                0x08002718                pp6_get_note_state_last
 .text.pp6_set_current_note_state_to_last
                0x08002744       0x48 ./src/pp6.o
                0x08002744                pp6_set_current_note_state_to_last
 .text.pp6_turn_off_all_on_notes
                0x0800278c       0x50 ./src/pp6.o
                0x0800278c                pp6_turn_off_all_on_notes
 .text.pp6_set_synth_note_stop
                0x080027dc       0x28 ./src/pp6.o
                0x080027dc                pp6_set_synth_note_stop
 .text.pp6_set_midi_start
                0x08002804       0x2c ./src/pp6.o
                0x08002804                pp6_set_midi_start
 .text.pp6_get_midi_start
                0x08002830       0x18 ./src/pp6.o
                0x08002830                pp6_get_midi_start
 .text.pp6_set_midi_stop
                0x08002848       0x1c ./src/pp6.o
                0x08002848                pp6_set_midi_stop
 .text.pp6_get_midi_stop
                0x08002864       0x18 ./src/pp6.o
                0x08002864                pp6_get_midi_stop
 .text.pp6_clear_flags
                0x0800287c       0xe0 ./src/pp6.o
                0x0800287c                pp6_clear_flags
 .text.pp6_inc_physical_notes_on
                0x0800295c       0x28 ./src/pp6.o
                0x0800295c                pp6_inc_physical_notes_on
 .text.pp6_dec_physical_notes_on
                0x08002984       0x38 ./src/pp6.o
                0x08002984                pp6_dec_physical_notes_on
 .text.pp6_get_physical_notes_on
                0x080029bc       0x18 ./src/pp6.o
                0x080029bc                pp6_get_physical_notes_on
 .text.pp6_knobs_init
                0x080029d4      0x10c ./src/pp6.o
                0x080029d4                pp6_knobs_init
 .text.pp6_knobs_update
                0x08002ae0      0x1f0 ./src/pp6.o
                0x08002ae0                pp6_knobs_update
 .text.pp6_knob_1_touched
                0x08002cd0       0x18 ./src/pp6.o
                0x08002cd0                pp6_knob_1_touched
 .text.pp6_knob_2_touched
                0x08002ce8       0x18 ./src/pp6.o
                0x08002ce8                pp6_knob_2_touched
 .text.pp6_knob_3_touched
                0x08002d00       0x18 ./src/pp6.o
                0x08002d00                pp6_knob_3_touched
 .text.pp6_init_digi_out
                0x08002d18       0xd0 ./src/pp6.o
                0x08002d18                pp6_init_digi_out
 .text.pp6_init_digi_in
                0x08002de8       0xd4 ./src/pp6.o
                0x08002de8                pp6_init_digi_in
 .text.pp6_keys_update
                0x08002ebc      0x2b8 ./src/pp6.o
                0x08002ebc                pp6_keys_update
 .text.pwm_init
                0x08003174      0x134 ./src/pwm.o
                0x08003174                pwm_init
 .text.pwm_set  0x080032a8       0x78 ./src/pwm.o
                0x080032a8                pwm_set
 .text.seq_set_status
                0x08003320       0x20 ./src/sequencer.o
                0x08003320                seq_set_status
 .text.seq_get_status
                0x08003340       0x18 ./src/sequencer.o
                0x08003340                seq_get_status
 .text.seq_start_recording
                0x08003358       0x28 ./src/sequencer.o
                0x08003358                seq_start_recording
 .text.seq_log_first_note_null
                0x08003380       0x54 ./src/sequencer.o
                0x08003380                seq_log_first_note_null
 .text.seq_log_note_start
                0x080033d4       0x90 ./src/sequencer.o
                0x080033d4                seq_log_note_start
 .text.seq_log_note_stop
                0x08003464       0x90 ./src/sequencer.o
                0x08003464                seq_log_note_stop
 .text.seq_log_events
                0x080034f4       0x60 ./src/sequencer.o
                0x080034f4                seq_log_events
 .text.seq_stop_recording
                0x08003554      0x15c ./src/sequencer.o
                0x08003554                seq_stop_recording
 .text.seq_rewind
                0x080036b0       0x28 ./src/sequencer.o
                0x080036b0                seq_rewind
 .text.seq_play_tick
                0x080036d8      0x118 ./src/sequencer.o
                0x080036d8                seq_play_tick
 .text.seq_tick
                0x080037f0       0x24 ./src/sequencer.o
                0x080037f0                seq_tick
 .text.seq_get_time
                0x08003814       0x18 ./src/sequencer.o
                0x08003814                seq_get_time
 .text.seq_get_length
                0x0800382c       0x18 ./src/sequencer.o
                0x0800382c                seq_get_length
 .text.seq_log_knobs
                0x08003844       0xb8 ./src/sequencer.o
                0x08003844                seq_log_knobs
 .text.seq_play_knobs
                0x080038fc       0x90 ./src/sequencer.o
                0x080038fc                seq_play_knobs
 .text.seq_enable_knob_playback
                0x0800398c       0x44 ./src/sequencer.o
                0x0800398c                seq_enable_knob_playback
 .text.seq_set_auto_stop
                0x080039d0       0x18 ./src/sequencer.o
                0x080039d0                seq_set_auto_stop
 .text.seq_get_auto_stop
                0x080039e8       0x18 ./src/sequencer.o
                0x080039e8                seq_get_auto_stop
 .text.seq_clear_auto_stop
                0x08003a00       0x18 ./src/sequencer.o
                0x08003a00                seq_clear_auto_stop
 .text.SystemInit
                0x08003a18       0xb0 ./src/system_stm32f4xx.o
                0x08003a18                SystemInit
 .text.SetSysClock
                0x08003ac8      0x1e0 ./src/system_stm32f4xx.o
 .text.timer_init
                0x08003ca8       0x4c ./src/timer.o
                0x08003ca8                timer_init
 .text.uart_init
                0x08003cf4       0xc4 ./src/uart.o
                0x08003cf4                uart_init
 .text.put_char
                0x08003db8       0x60 ./src/uart.o
                0x08003db8                put_char
 .text.uart_service_tx_buf
                0x08003e18       0x8c ./src/uart.o
                0x08003e18                uart_service_tx_buf
 .text.NVIC_Init
                0x08003ea4       0xe4 /home/owen/workspace-rs5/StdPeriphLib_v100_STM32F4xx/Debug/libStdPeriphLib_v100_STM32F4xx.a(misc.o)
                0x08003ea4                NVIC_Init
 .text.ADC_Init
                0x08003f88       0xb8 /home/owen/workspace-rs5/StdPeriphLib_v100_STM32F4xx/Debug/libStdPeriphLib_v100_STM32F4xx.a(stm32f4xx_adc.o)
                0x08003f88                ADC_Init
 .text.ADC_CommonInit
                0x08004040       0x5c /home/owen/workspace-rs5/StdPeriphLib_v100_STM32F4xx/Debug/libStdPeriphLib_v100_STM32F4xx.a(stm32f4xx_adc.o)
                0x08004040                ADC_CommonInit
 .text.ADC_Cmd  0x0800409c       0x38 /home/owen/workspace-rs5/StdPeriphLib_v100_STM32F4xx/Debug/libStdPeriphLib_v100_STM32F4xx.a(stm32f4xx_adc.o)
                0x0800409c                ADC_Cmd
 .text.ADC_RegularChannelConfig
                0x080040d4      0x1bc /home/owen/workspace-rs5/StdPeriphLib_v100_STM32F4xx/Debug/libStdPeriphLib_v100_STM32F4xx.a(stm32f4xx_adc.o)
                0x080040d4                ADC_RegularChannelConfig
 .text.ADC_SoftwareStartConv
                0x08004290       0x20 /home/owen/workspace-rs5/StdPeriphLib_v100_STM32F4xx/Debug/libStdPeriphLib_v100_STM32F4xx.a(stm32f4xx_adc.o)
                0x08004290                ADC_SoftwareStartConv
 .text.ADC_GetConversionValue
                0x080042b0       0x1c /home/owen/workspace-rs5/StdPeriphLib_v100_STM32F4xx/Debug/libStdPeriphLib_v100_STM32F4xx.a(stm32f4xx_adc.o)
                0x080042b0                ADC_GetConversionValue
 .text.GPIO_Init
                0x080042cc      0x154 /home/owen/workspace-rs5/StdPeriphLib_v100_STM32F4xx/Debug/libStdPeriphLib_v100_STM32F4xx.a(stm32f4xx_gpio.o)
                0x080042cc                GPIO_Init
 .text.GPIO_ReadInputDataBit
                0x08004420       0x3c /home/owen/workspace-rs5/StdPeriphLib_v100_STM32F4xx/Debug/libStdPeriphLib_v100_STM32F4xx.a(stm32f4xx_gpio.o)
                0x08004420                GPIO_ReadInputDataBit
 .text.GPIO_WriteBit
                0x0800445c       0x30 /home/owen/workspace-rs5/StdPeriphLib_v100_STM32F4xx/Debug/libStdPeriphLib_v100_STM32F4xx.a(stm32f4xx_gpio.o)
                0x0800445c                GPIO_WriteBit
 .text.GPIO_PinAFConfig
                0x0800448c       0xac /home/owen/workspace-rs5/StdPeriphLib_v100_STM32F4xx/Debug/libStdPeriphLib_v100_STM32F4xx.a(stm32f4xx_gpio.o)
                0x0800448c                GPIO_PinAFConfig
 .text.RCC_GetClocksFreq
                0x08004538      0x1d0 /home/owen/workspace-rs5/StdPeriphLib_v100_STM32F4xx/Debug/libStdPeriphLib_v100_STM32F4xx.a(stm32f4xx_rcc.o)
                0x08004538                RCC_GetClocksFreq
 .text.RCC_AHB1PeriphClockCmd
                0x08004708       0x58 /home/owen/workspace-rs5/StdPeriphLib_v100_STM32F4xx/Debug/libStdPeriphLib_v100_STM32F4xx.a(stm32f4xx_rcc.o)
                0x08004708                RCC_AHB1PeriphClockCmd
 .text.RCC_AHB2PeriphClockCmd
                0x08004760       0x58 /home/owen/workspace-rs5/StdPeriphLib_v100_STM32F4xx/Debug/libStdPeriphLib_v100_STM32F4xx.a(stm32f4xx_rcc.o)
                0x08004760                RCC_AHB2PeriphClockCmd
 .text.RCC_APB1PeriphClockCmd
                0x080047b8       0x58 /home/owen/workspace-rs5/StdPeriphLib_v100_STM32F4xx/Debug/libStdPeriphLib_v100_STM32F4xx.a(stm32f4xx_rcc.o)
                0x080047b8                RCC_APB1PeriphClockCmd
 .text.RCC_APB2PeriphClockCmd
                0x08004810       0x58 /home/owen/workspace-rs5/StdPeriphLib_v100_STM32F4xx/Debug/libStdPeriphLib_v100_STM32F4xx.a(stm32f4xx_rcc.o)
                0x08004810                RCC_APB2PeriphClockCmd
 .text.RCC_APB1PeriphResetCmd
                0x08004868       0x58 /home/owen/workspace-rs5/StdPeriphLib_v100_STM32F4xx/Debug/libStdPeriphLib_v100_STM32F4xx.a(stm32f4xx_rcc.o)
                0x08004868                RCC_APB1PeriphResetCmd
 .text.RCC_APB2PeriphResetCmd
                0x080048c0       0x58 /home/owen/workspace-rs5/StdPeriphLib_v100_STM32F4xx/Debug/libStdPeriphLib_v100_STM32F4xx.a(stm32f4xx_rcc.o)
                0x080048c0                RCC_APB2PeriphResetCmd
 .text.RNG_Cmd  0x08004918       0x4c /home/owen/workspace-rs5/StdPeriphLib_v100_STM32F4xx/Debug/libStdPeriphLib_v100_STM32F4xx.a(stm32f4xx_rng.o)
                0x08004918                RNG_Cmd
 .text.SPI_I2S_DeInit
                0x08004964       0x88 /home/owen/workspace-rs5/StdPeriphLib_v100_STM32F4xx/Debug/libStdPeriphLib_v100_STM32F4xx.a(stm32f4xx_spi.o)
                0x08004964                SPI_I2S_DeInit
 .text.I2S_Init
                0x080049ec      0x214 /home/owen/workspace-rs5/StdPeriphLib_v100_STM32F4xx/Debug/libStdPeriphLib_v100_STM32F4xx.a(stm32f4xx_spi.o)
                0x080049ec                I2S_Init
 .text.I2S_Cmd  0x08004c00       0x40 /home/owen/workspace-rs5/StdPeriphLib_v100_STM32F4xx/Debug/libStdPeriphLib_v100_STM32F4xx.a(stm32f4xx_spi.o)
                0x08004c00                I2S_Cmd
 .text.SPI_I2S_SendData
                0x08004c40       0x1c /home/owen/workspace-rs5/StdPeriphLib_v100_STM32F4xx/Debug/libStdPeriphLib_v100_STM32F4xx.a(stm32f4xx_spi.o)
                0x08004c40                SPI_I2S_SendData
 .text.SPI_I2S_ITConfig
                0x08004c5c       0x6c /home/owen/workspace-rs5/StdPeriphLib_v100_STM32F4xx/Debug/libStdPeriphLib_v100_STM32F4xx.a(stm32f4xx_spi.o)
                0x08004c5c                SPI_I2S_ITConfig
 .text.SPI_I2S_GetFlagStatus
                0x08004cc8       0x40 /home/owen/workspace-rs5/StdPeriphLib_v100_STM32F4xx/Debug/libStdPeriphLib_v100_STM32F4xx.a(stm32f4xx_spi.o)
                0x08004cc8                SPI_I2S_GetFlagStatus
 .text.TIM_TimeBaseInit
                0x08004d08       0xf4 /home/owen/workspace-rs5/StdPeriphLib_v100_STM32F4xx/Debug/libStdPeriphLib_v100_STM32F4xx.a(stm32f4xx_tim.o)
                0x08004d08                TIM_TimeBaseInit
 .text.TIM_TimeBaseStructInit
                0x08004dfc       0x3c /home/owen/workspace-rs5/StdPeriphLib_v100_STM32F4xx/Debug/libStdPeriphLib_v100_STM32F4xx.a(stm32f4xx_tim.o)
                0x08004dfc                TIM_TimeBaseStructInit
 .text.TIM_Cmd  0x08004e38       0x40 /home/owen/workspace-rs5/StdPeriphLib_v100_STM32F4xx/Debug/libStdPeriphLib_v100_STM32F4xx.a(stm32f4xx_tim.o)
                0x08004e38                TIM_Cmd
 .text.TIM_OC1Init
                0x08004e78       0xfc /home/owen/workspace-rs5/StdPeriphLib_v100_STM32F4xx/Debug/libStdPeriphLib_v100_STM32F4xx.a(stm32f4xx_tim.o)
                0x08004e78                TIM_OC1Init
 .text.TIM_OCStructInit
                0x08004f74       0x54 /home/owen/workspace-rs5/StdPeriphLib_v100_STM32F4xx/Debug/libStdPeriphLib_v100_STM32F4xx.a(stm32f4xx_tim.o)
                0x08004f74                TIM_OCStructInit
 .text.TIM_OC1PreloadConfig
                0x08004fc8       0x38 /home/owen/workspace-rs5/StdPeriphLib_v100_STM32F4xx/Debug/libStdPeriphLib_v100_STM32F4xx.a(stm32f4xx_tim.o)
                0x08004fc8                TIM_OC1PreloadConfig
 .text.TIM_CtrlPWMOutputs
                0x08005000       0x50 /home/owen/workspace-rs5/StdPeriphLib_v100_STM32F4xx/Debug/libStdPeriphLib_v100_STM32F4xx.a(stm32f4xx_tim.o)
                0x08005000                TIM_CtrlPWMOutputs
 .text.USART_Init
                0x08005050      0x1ac /home/owen/workspace-rs5/StdPeriphLib_v100_STM32F4xx/Debug/libStdPeriphLib_v100_STM32F4xx.a(stm32f4xx_usart.o)
                0x08005050                USART_Init
 .text.USART_Cmd
                0x080051fc       0x40 /home/owen/workspace-rs5/StdPeriphLib_v100_STM32F4xx/Debug/libStdPeriphLib_v100_STM32F4xx.a(stm32f4xx_usart.o)
                0x080051fc                USART_Cmd
 .text.USART_SendData
                0x0800523c       0x28 /home/owen/workspace-rs5/StdPeriphLib_v100_STM32F4xx/Debug/libStdPeriphLib_v100_STM32F4xx.a(stm32f4xx_usart.o)
                0x0800523c                USART_SendData
 .text.USART_ReceiveData
                0x08005264       0x24 /home/owen/workspace-rs5/StdPeriphLib_v100_STM32F4xx/Debug/libStdPeriphLib_v100_STM32F4xx.a(stm32f4xx_usart.o)
                0x08005264                USART_ReceiveData
 .text.USART_GetFlagStatus
                0x08005288       0x40 /home/owen/workspace-rs5/StdPeriphLib_v100_STM32F4xx/Debug/libStdPeriphLib_v100_STM32F4xx.a(stm32f4xx_usart.o)
                0x08005288                USART_GetFlagStatus
 .text.__weak_main
                0x080052c8        0x4 /usr/local/redsuite_5.2.4_2122/redsuite/tools/bin/../lib/gcc/arm-none-eabi/4.6.2/../../../../arm-none-eabi/lib/armv7e-m/softfp/libcr_c.a(__weak__main.o)
                0x080052c8                __main
                0x080052c8                __weak_main
 *(.rodata .rodata.*)
                0x080052cc                . = ALIGN (0x4)

.glue_7         0x080052cc        0x0
 .glue_7        0x00000000        0x0 linker stubs

.glue_7t        0x080052cc        0x0
 .glue_7t       0x00000000        0x0 linker stubs

.vfp11_veneer   0x080052cc        0x0
 .vfp11_veneer  0x00000000        0x0 linker stubs

.v4_bx          0x080052cc        0x0
 .v4_bx         0x00000000        0x0 linker stubs

.ARM.extab
 *(.ARM.extab* .gnu.linkonce.armextab.*)
                0x080052cc                __exidx_start = .

.ARM.exidx
 *(.ARM.exidx* .gnu.linkonce.armexidx.*)
                0x080052cc                __exidx_end = .
                0x080052cc                _etext = .

.data_RAM2      0x2001c000        0x0 load address 0x080052cc
 FILL mask 0xff
 *(.data.$RAM2*)
 *(.data.$PeriphRam16*)
                0x2001c000                . = ALIGN (0x4)

.data_RAM3      0x10000000        0x0 load address 0x080052cc
 FILL mask 0xff
 *(.data.$RAM3*)
 *(.data.$Ram64*)
                0x10000000                . = ALIGN (0x4)

.uninit_RESERVED
                0x20000000        0x0
 *(.bss.$RESERVED*)
                0x20000000                . = ALIGN (0x4)
                0x20000000                _end_uninit_RESERVED = .

.data           0x20000000      0x1f8 load address 0x080052cc
 FILL mask 0xff
                0x20000000                _data = .
 *(vtable)
 *(.data*)
 .data.hardware_index
                0x20000000        0x4 ./src/CS4344.o
                0x20000000                hardware_index
 .data.pitch_class
                0x20000004       0x30 ./src/audio.o
                0x20000004                pitch_class
 .data.semitone
                0x20000034      0x190 ./src/audio.o
                0x20000034                semitone
 .data.keys_history
                0x200001c4       0x20 ./src/pp6.o
                0x200001c4                keys_history
 .data.seq_playback_knobs_enabled
                0x200001e4        0x1 ./src/sequencer.o
 .data.seq_knob_1_playback_enabled
                0x200001e5        0x1 ./src/sequencer.o
 .data.seq_knob_2_playback_enabled
                0x200001e6        0x1 ./src/sequencer.o
 .data.seq_knob_3_playback_enabled
                0x200001e7        0x1 ./src/sequencer.o
 .data.APBAHBPrescTable
                0x200001e8       0x10 /home/owen/workspace-rs5/StdPeriphLib_v100_STM32F4xx/Debug/libStdPeriphLib_v100_STM32F4xx.a(stm32f4xx_rcc.o)
                0x200001f8                . = ALIGN (0x4)
                0x200001f8                _edata = .

.bss_RAM2       0x2001c000        0x0
 *(.bss.$RAM2*)
 *(.bss.$PeriphRam16*)
                0x2001c000                . = ALIGN (0x4)

.bss_RAM3       0x10000000        0x0
 *(.bss.$RAM3*)
 *(.bss.$Ram64*)
                0x10000000                . = ALIGN (0x4)

.bss            0x200001f8     0xd218
                0x200001f8                _bss = .
 *(.bss*)
 .bss.software_index
                0x200001f8        0x4 ./src/CS4344.o
                0x200001f8                software_index
 .bss.sample_clock
                0x200001fc        0x4 ./src/CS4344.o
                0x200001fc                sample_clock
 .bss.sample_clock_last
                0x20000200        0x4 ./src/main.o
 .bss.led_counter
                0x20000204        0x4 ./src/main.o
 .bss.aux_led_color
                0x20000208        0x1 ./src/main.o
 .bss.uart_recv_buf_write
                0x20000209        0x1 ./src/main.o
                0x20000209                uart_recv_buf_write
 .bss.uart_recv_buf_read
                0x2000020a        0x1 ./src/main.o
                0x2000020a                uart_recv_buf_read
 .bss.history_index.9471
                0x2000020b        0x1 ./src/pp6.o
 .bss.channel.9435
                0x2000020c        0x1 ./src/pp6.o
 *fill*         0x2000020d        0x3 00
 .bss.knobs.9436
                0x20000210       0x14 ./src/pp6.o
 .bss.seq_deltas
                0x20000224      0x400 ./src/sequencer.o
 .bss.seq_notes
                0x20000624      0x400 ./src/sequencer.o
 .bss.seq_events
                0x20000a24      0x400 ./src/sequencer.o
 .bss.seq_index
                0x20000e24        0x4 ./src/sequencer.o
 .bss.seq_time  0x20000e28        0x4 ./src/sequencer.o
 .bss.seq_length
                0x20000e2c        0x4 ./src/sequencer.o
 .bss.seq_status
                0x20000e30        0x1 ./src/sequencer.o
 .bss.seq_auto_stop
                0x20000e31        0x1 ./src/sequencer.o
 *fill*         0x20000e32        0x2 00
 .bss.knob_log  0x20000e34     0xc000 ./src/sequencer.o
 .bss.uart_tx_buf
                0x2000ce34       0x40 ./src/uart.o
 .bss.uart_tx_buf_write
                0x2000ce74        0x1 ./src/uart.o
 .bss.uart_tx_buf_read
                0x2000ce75        0x1 ./src/uart.o
 *(COMMON)
 *fill*         0x2000ce76        0x2 00
 COMMON         0x2000ce78      0x400 ./src/CS4344.o
                0x2000ce78                play_buf
 COMMON         0x2000d278       0x44 ./src/main.o
                0x2000d278                recvArg0_
                0x2000d27c                channelIn_
                0x2000d280                uart_recv_buf
                0x2000d2a0                recvEvent_
                0x2000d2a4                tmp8
                0x2000d2a8                recvMode_
                0x2000d2ac                recvByteCount_
                0x2000d2b0                sendFullCommands_
                0x2000d2b4                recvBytesNeeded_
                0x2000d2b8                lastStatusSent_
 COMMON         0x2000d2bc      0x154 ./src/pp6.o
                0x2000d2bc                pp6
                0x2000d410                . = ALIGN (0x4)
                0x2000d410                _ebss = .
                0x2000d410                PROVIDE (end, .)

.noinit_RAM2    0x2001c000        0x0
 *(.noinit.$RAM2*)
 *(.noinit.$PeriphRam16*)
                0x2001c000                . = ALIGN (0x4)

.noinit_RAM3    0x10000000        0x0
 *(.noinit.$RAM3*)
 *(.noinit.$Ram64*)
                0x10000000                . = ALIGN (0x4)

.noinit         0x2000d410        0x0
                0x2000d410                _noinit = .
 *(.noinit*)
                0x2000d410                . = ALIGN (0x4)
                0x2000d410                _end_noinit = .
                0x2000d410                PROVIDE (_pvHeapStart, .)
                0x2001c000                PROVIDE (_vStackTop, (__top_Ram112 - 0x0))
OUTPUT(MelodyMill.axf elf32-littlearm)

.debug_info     0x00000000     0xb676
 .debug_info    0x00000000      0x7cb ./src/CS4344.o
 .debug_info    0x000007cb      0x196 ./src/audio.o
 .debug_info    0x00000961      0x31b ./src/cr_startup_stm32f4xx.o
 .debug_info    0x00000c7c      0x61a ./src/main.o
 .debug_info    0x00001296      0x849 ./src/midi.o
 .debug_info    0x00001adf      0x4ec ./src/notelist.o
 .debug_info    0x00001fcb      0x956 ./src/oscillator.o
 .debug_info    0x00002921     0x1123 ./src/pp6.o
 .debug_info    0x00003a44      0x6e8 ./src/pwm.o
 .debug_info    0x0000412c      0x1c6 ./src/sad.o
 .debug_info    0x000042f2      0x242 ./src/sadsr.o
 .debug_info    0x00004534      0x40b ./src/sequencer.o
 .debug_info    0x0000493f      0x625 ./src/system_stm32f4xx.o
 .debug_info    0x00004f64      0x3be ./src/timer.o
 .debug_info    0x00005322      0x4b4 ./src/uart.o
 .debug_info    0x000057d6      0x59c /home/owen/workspace-rs5/StdPeriphLib_v100_STM32F4xx/Debug/libStdPeriphLib_v100_STM32F4xx.a(misc.o)
 .debug_info    0x00005d72      0xcfd /home/owen/workspace-rs5/StdPeriphLib_v100_STM32F4xx/Debug/libStdPeriphLib_v100_STM32F4xx.a(stm32f4xx_adc.o)
 .debug_info    0x00006a6f      0x641 /home/owen/workspace-rs5/StdPeriphLib_v100_STM32F4xx/Debug/libStdPeriphLib_v100_STM32F4xx.a(stm32f4xx_gpio.o)
 .debug_info    0x000070b0      0xd2c /home/owen/workspace-rs5/StdPeriphLib_v100_STM32F4xx/Debug/libStdPeriphLib_v100_STM32F4xx.a(stm32f4xx_rcc.o)
 .debug_info    0x00007ddc      0x299 /home/owen/workspace-rs5/StdPeriphLib_v100_STM32F4xx/Debug/libStdPeriphLib_v100_STM32F4xx.a(stm32f4xx_rng.o)
 .debug_info    0x00008075      0xbd4 /home/owen/workspace-rs5/StdPeriphLib_v100_STM32F4xx/Debug/libStdPeriphLib_v100_STM32F4xx.a(stm32f4xx_spi.o)
 .debug_info    0x00008c49     0x1e30 /home/owen/workspace-rs5/StdPeriphLib_v100_STM32F4xx/Debug/libStdPeriphLib_v100_STM32F4xx.a(stm32f4xx_tim.o)
 .debug_info    0x0000aa79      0xa57 /home/owen/workspace-rs5/StdPeriphLib_v100_STM32F4xx/Debug/libStdPeriphLib_v100_STM32F4xx.a(stm32f4xx_usart.o)
 .debug_info    0x0000b4d0      0x1a6 /home/owen/workspace-rs5/CMSISv2p10_DSPLIB_CM4/lib/libCMSISv2p10_DSPLIB_CM4.a(arm_sin_f32.o)

.debug_abbrev   0x00000000     0x1e5d
 .debug_abbrev  0x00000000      0x17e ./src/CS4344.o
 .debug_abbrev  0x0000017e       0xc2 ./src/audio.o
 .debug_abbrev  0x00000240      0x119 ./src/cr_startup_stm32f4xx.o
 .debug_abbrev  0x00000359      0x1af ./src/main.o
 .debug_abbrev  0x00000508      0x132 ./src/midi.o
 .debug_abbrev  0x0000063a       0xed ./src/notelist.o
 .debug_abbrev  0x00000727      0x14f ./src/oscillator.o
 .debug_abbrev  0x00000876      0x253 ./src/pp6.o
 .debug_abbrev  0x00000ac9      0x137 ./src/pwm.o
 .debug_abbrev  0x00000c00       0xdd ./src/sad.o
 .debug_abbrev  0x00000cdd       0xe1 ./src/sadsr.o
 .debug_abbrev  0x00000dbe       0xdc ./src/sequencer.o
 .debug_abbrev  0x00000e9a      0x144 ./src/system_stm32f4xx.o
 .debug_abbrev  0x00000fde      0x109 ./src/timer.o
 .debug_abbrev  0x000010e7      0x12f ./src/uart.o
 .debug_abbrev  0x00001216      0x12a /home/owen/workspace-rs5/StdPeriphLib_v100_STM32F4xx/Debug/libStdPeriphLib_v100_STM32F4xx.a(misc.o)
 .debug_abbrev  0x00001340      0x18d /home/owen/workspace-rs5/StdPeriphLib_v100_STM32F4xx/Debug/libStdPeriphLib_v100_STM32F4xx.a(stm32f4xx_adc.o)
 .debug_abbrev  0x000014cd      0x186 /home/owen/workspace-rs5/StdPeriphLib_v100_STM32F4xx/Debug/libStdPeriphLib_v100_STM32F4xx.a(stm32f4xx_gpio.o)
 .debug_abbrev  0x00001653      0x1bb /home/owen/workspace-rs5/StdPeriphLib_v100_STM32F4xx/Debug/libStdPeriphLib_v100_STM32F4xx.a(stm32f4xx_rcc.o)
 .debug_abbrev  0x0000180e      0x13b /home/owen/workspace-rs5/StdPeriphLib_v100_STM32F4xx/Debug/libStdPeriphLib_v100_STM32F4xx.a(stm32f4xx_rng.o)
 .debug_abbrev  0x00001949      0x164 /home/owen/workspace-rs5/StdPeriphLib_v100_STM32F4xx/Debug/libStdPeriphLib_v100_STM32F4xx.a(stm32f4xx_spi.o)
 .debug_abbrev  0x00001aad      0x167 /home/owen/workspace-rs5/StdPeriphLib_v100_STM32F4xx/Debug/libStdPeriphLib_v100_STM32F4xx.a(stm32f4xx_tim.o)
 .debug_abbrev  0x00001c14      0x152 /home/owen/workspace-rs5/StdPeriphLib_v100_STM32F4xx/Debug/libStdPeriphLib_v100_STM32F4xx.a(stm32f4xx_usart.o)
 .debug_abbrev  0x00001d66       0xf7 /home/owen/workspace-rs5/CMSISv2p10_DSPLIB_CM4/lib/libCMSISv2p10_DSPLIB_CM4.a(arm_sin_f32.o)

.debug_loc      0x00000000     0x608d
 .debug_loc     0x00000000       0x70 ./src/CS4344.o
 .debug_loc     0x00000070       0x70 ./src/audio.o
 .debug_loc     0x000000e0      0x102 ./src/cr_startup_stm32f4xx.o
 .debug_loc     0x000001e2       0xab ./src/main.o
 .debug_loc     0x0000028d      0x738 ./src/midi.o
 .debug_loc     0x000009c5      0x34c ./src/notelist.o
 .debug_loc     0x00000d11      0x462 ./src/oscillator.o
 .debug_loc     0x00001173      0xe68 ./src/pp6.o
 .debug_loc     0x00001fdb       0xa8 ./src/pwm.o
 .debug_loc     0x00002083       0xe0 ./src/sad.o
 .debug_loc     0x00002163      0x150 ./src/sadsr.o
 .debug_loc     0x000022b3      0x410 ./src/sequencer.o
 .debug_loc     0x000026c3       0x9c ./src/system_stm32f4xx.o
 .debug_loc     0x0000275f       0x90 ./src/timer.o
 .debug_loc     0x000027ef       0x9c ./src/uart.o
 .debug_loc     0x0000288b      0x118 /home/owen/workspace-rs5/StdPeriphLib_v100_STM32F4xx/Debug/libStdPeriphLib_v100_STM32F4xx.a(misc.o)
 .debug_loc     0x000029a3      0x838 /home/owen/workspace-rs5/StdPeriphLib_v100_STM32F4xx/Debug/libStdPeriphLib_v100_STM32F4xx.a(stm32f4xx_adc.o)
 .debug_loc     0x000031db      0x310 /home/owen/workspace-rs5/StdPeriphLib_v100_STM32F4xx/Debug/libStdPeriphLib_v100_STM32F4xx.a(stm32f4xx_gpio.o)
 .debug_loc     0x000034eb      0x97c /home/owen/workspace-rs5/StdPeriphLib_v100_STM32F4xx/Debug/libStdPeriphLib_v100_STM32F4xx.a(stm32f4xx_rcc.o)
 .debug_loc     0x00003e67      0x1a8 /home/owen/workspace-rs5/StdPeriphLib_v100_STM32F4xx/Debug/libStdPeriphLib_v100_STM32F4xx.a(stm32f4xx_rng.o)
 .debug_loc     0x0000400f      0x578 /home/owen/workspace-rs5/StdPeriphLib_v100_STM32F4xx/Debug/libStdPeriphLib_v100_STM32F4xx.a(stm32f4xx_spi.o)
 .debug_loc     0x00004587     0x1420 /home/owen/workspace-rs5/StdPeriphLib_v100_STM32F4xx/Debug/libStdPeriphLib_v100_STM32F4xx.a(stm32f4xx_tim.o)
 .debug_loc     0x000059a7      0x658 /home/owen/workspace-rs5/StdPeriphLib_v100_STM32F4xx/Debug/libStdPeriphLib_v100_STM32F4xx.a(stm32f4xx_usart.o)
 .debug_loc     0x00005fff       0x8e /home/owen/workspace-rs5/CMSISv2p10_DSPLIB_CM4/lib/libCMSISv2p10_DSPLIB_CM4.a(arm_sin_f32.o)

.debug_aranges  0x00000000     0x10e0
 .debug_aranges
                0x00000000       0x28 ./src/CS4344.o
 .debug_aranges
                0x00000028       0x28 ./src/audio.o
 .debug_aranges
                0x00000050       0x80 ./src/cr_startup_stm32f4xx.o
 .debug_aranges
                0x000000d0       0x30 ./src/main.o
 .debug_aranges
                0x00000100      0x138 ./src/midi.o
 .debug_aranges
                0x00000238       0x90 ./src/notelist.o
 .debug_aranges
                0x000002c8       0xb8 ./src/oscillator.o
 .debug_aranges
                0x00000380      0x280 ./src/pp6.o
 .debug_aranges
                0x00000600       0x30 ./src/pwm.o
 .debug_aranges
                0x00000630       0x38 ./src/sad.o
 .debug_aranges
                0x00000668       0x48 ./src/sadsr.o
 .debug_aranges
                0x000006b0       0xc8 ./src/sequencer.o
 .debug_aranges
                0x00000778       0x30 ./src/system_stm32f4xx.o
 .debug_aranges
                0x000007a8       0x30 ./src/timer.o
 .debug_aranges
                0x000007d8       0x30 ./src/uart.o
 .debug_aranges
                0x00000808       0x40 /home/owen/workspace-rs5/StdPeriphLib_v100_STM32F4xx/Debug/libStdPeriphLib_v100_STM32F4xx.a(misc.o)
 .debug_aranges
                0x00000848      0x148 /home/owen/workspace-rs5/StdPeriphLib_v100_STM32F4xx/Debug/libStdPeriphLib_v100_STM32F4xx.a(stm32f4xx_adc.o)
 .debug_aranges
                0x00000990       0x88 /home/owen/workspace-rs5/StdPeriphLib_v100_STM32F4xx/Debug/libStdPeriphLib_v100_STM32F4xx.a(stm32f4xx_gpio.o)
 .debug_aranges
                0x00000a18      0x178 /home/owen/workspace-rs5/StdPeriphLib_v100_STM32F4xx/Debug/libStdPeriphLib_v100_STM32F4xx.a(stm32f4xx_rcc.o)
 .debug_aranges
                0x00000b90       0x58 /home/owen/workspace-rs5/StdPeriphLib_v100_STM32F4xx/Debug/libStdPeriphLib_v100_STM32F4xx.a(stm32f4xx_rng.o)
 .debug_aranges
                0x00000be8       0xe0 /home/owen/workspace-rs5/StdPeriphLib_v100_STM32F4xx/Debug/libStdPeriphLib_v100_STM32F4xx.a(stm32f4xx_spi.o)
 .debug_aranges
                0x00000cc8      0x2f8 /home/owen/workspace-rs5/StdPeriphLib_v100_STM32F4xx/Debug/libStdPeriphLib_v100_STM32F4xx.a(stm32f4xx_tim.o)
 .debug_aranges
                0x00000fc0      0x100 /home/owen/workspace-rs5/StdPeriphLib_v100_STM32F4xx/Debug/libStdPeriphLib_v100_STM32F4xx.a(stm32f4xx_usart.o)
 .debug_aranges
                0x000010c0       0x20 /home/owen/workspace-rs5/CMSISv2p10_DSPLIB_CM4/lib/libCMSISv2p10_DSPLIB_CM4.a(arm_sin_f32.o)

.debug_ranges   0x00000000      0xf60
 .debug_ranges  0x00000000       0x18 ./src/CS4344.o
 .debug_ranges  0x00000018       0x18 ./src/audio.o
 .debug_ranges  0x00000030       0x70 ./src/cr_startup_stm32f4xx.o
 .debug_ranges  0x000000a0       0x20 ./src/main.o
 .debug_ranges  0x000000c0      0x128 ./src/midi.o
 .debug_ranges  0x000001e8       0x80 ./src/notelist.o
 .debug_ranges  0x00000268       0xa8 ./src/oscillator.o
 .debug_ranges  0x00000310      0x270 ./src/pp6.o
 .debug_ranges  0x00000580       0x20 ./src/pwm.o
 .debug_ranges  0x000005a0       0x28 ./src/sad.o
 .debug_ranges  0x000005c8       0x38 ./src/sadsr.o
 .debug_ranges  0x00000600       0xb8 ./src/sequencer.o
 .debug_ranges  0x000006b8       0x20 ./src/system_stm32f4xx.o
 .debug_ranges  0x000006d8       0x20 ./src/timer.o
 .debug_ranges  0x000006f8       0x20 ./src/uart.o
 .debug_ranges  0x00000718       0x30 /home/owen/workspace-rs5/StdPeriphLib_v100_STM32F4xx/Debug/libStdPeriphLib_v100_STM32F4xx.a(misc.o)
 .debug_ranges  0x00000748      0x138 /home/owen/workspace-rs5/StdPeriphLib_v100_STM32F4xx/Debug/libStdPeriphLib_v100_STM32F4xx.a(stm32f4xx_adc.o)
 .debug_ranges  0x00000880       0x78 /home/owen/workspace-rs5/StdPeriphLib_v100_STM32F4xx/Debug/libStdPeriphLib_v100_STM32F4xx.a(stm32f4xx_gpio.o)
 .debug_ranges  0x000008f8      0x168 /home/owen/workspace-rs5/StdPeriphLib_v100_STM32F4xx/Debug/libStdPeriphLib_v100_STM32F4xx.a(stm32f4xx_rcc.o)
 .debug_ranges  0x00000a60       0x48 /home/owen/workspace-rs5/StdPeriphLib_v100_STM32F4xx/Debug/libStdPeriphLib_v100_STM32F4xx.a(stm32f4xx_rng.o)
 .debug_ranges  0x00000aa8       0xd0 /home/owen/workspace-rs5/StdPeriphLib_v100_STM32F4xx/Debug/libStdPeriphLib_v100_STM32F4xx.a(stm32f4xx_spi.o)
 .debug_ranges  0x00000b78      0x2e8 /home/owen/workspace-rs5/StdPeriphLib_v100_STM32F4xx/Debug/libStdPeriphLib_v100_STM32F4xx.a(stm32f4xx_tim.o)
 .debug_ranges  0x00000e60       0xf0 /home/owen/workspace-rs5/StdPeriphLib_v100_STM32F4xx/Debug/libStdPeriphLib_v100_STM32F4xx.a(stm32f4xx_usart.o)
 .debug_ranges  0x00000f50       0x10 /home/owen/workspace-rs5/CMSISv2p10_DSPLIB_CM4/lib/libCMSISv2p10_DSPLIB_CM4.a(arm_sin_f32.o)

.debug_line     0x00000000     0xb281
 .debug_line    0x00000000      0x634 ./src/CS4344.o
 .debug_line    0x00000634      0x463 ./src/audio.o
 .debug_line    0x00000a97      0x65e ./src/cr_startup_stm32f4xx.o
 .debug_line    0x000010f5      0x854 ./src/main.o
 .debug_line    0x00001949      0x9df ./src/midi.o
 .debug_line    0x00002328      0x66e ./src/notelist.o
 .debug_line    0x00002996      0x647 ./src/oscillator.o
 .debug_line    0x00002fdd      0xebf ./src/pp6.o
 .debug_line    0x00003e9c      0x70c ./src/pwm.o
 .debug_line    0x000045a8      0x48e ./src/sad.o
 .debug_line    0x00004a36      0x4bc ./src/sadsr.o
 .debug_line    0x00004ef2      0x630 ./src/sequencer.o
 .debug_line    0x00005522      0x674 ./src/system_stm32f4xx.o
 .debug_line    0x00005b96      0x61e ./src/timer.o
 .debug_line    0x000061b4      0x62e ./src/uart.o
 .debug_line    0x000067e2      0x645 /home/owen/workspace-rs5/StdPeriphLib_v100_STM32F4xx/Debug/libStdPeriphLib_v100_STM32F4xx.a(misc.o)
 .debug_line    0x00006e27      0x94b /home/owen/workspace-rs5/StdPeriphLib_v100_STM32F4xx/Debug/libStdPeriphLib_v100_STM32F4xx.a(stm32f4xx_adc.o)
 .debug_line    0x00007772      0x735 /home/owen/workspace-rs5/StdPeriphLib_v100_STM32F4xx/Debug/libStdPeriphLib_v100_STM32F4xx.a(stm32f4xx_gpio.o)
 .debug_line    0x00007ea7      0x993 /home/owen/workspace-rs5/StdPeriphLib_v100_STM32F4xx/Debug/libStdPeriphLib_v100_STM32F4xx.a(stm32f4xx_rcc.o)
 .debug_line    0x0000883a      0x67f /home/owen/workspace-rs5/StdPeriphLib_v100_STM32F4xx/Debug/libStdPeriphLib_v100_STM32F4xx.a(stm32f4xx_rng.o)
 .debug_line    0x00008eb9      0x84b /home/owen/workspace-rs5/StdPeriphLib_v100_STM32F4xx/Debug/libStdPeriphLib_v100_STM32F4xx.a(stm32f4xx_spi.o)
 .debug_line    0x00009704      0xe70 /home/owen/workspace-rs5/StdPeriphLib_v100_STM32F4xx/Debug/libStdPeriphLib_v100_STM32F4xx.a(stm32f4xx_tim.o)
 .debug_line    0x0000a574      0x886 /home/owen/workspace-rs5/StdPeriphLib_v100_STM32F4xx/Debug/libStdPeriphLib_v100_STM32F4xx.a(stm32f4xx_usart.o)
 .debug_line    0x0000adfa      0x487 /home/owen/workspace-rs5/CMSISv2p10_DSPLIB_CM4/lib/libCMSISv2p10_DSPLIB_CM4.a(arm_sin_f32.o)

.debug_macinfo  0x00000000   0x63cc6e
 .debug_macinfo
                0x00000000    0x5bcdb ./src/CS4344.o
 .debug_macinfo
                0x0005bcdb     0x5044 ./src/audio.o
 .debug_macinfo
                0x00060d1f    0x5baca ./src/cr_startup_stm32f4xx.o
 .debug_macinfo
                0x000bc7e9    0x5cc83 ./src/main.o
 .debug_macinfo
                0x0011946c    0x5c93d ./src/midi.o
 .debug_macinfo
                0x00175da9     0x4fc6 ./src/notelist.o
 .debug_macinfo
                0x0017ad6f     0x5069 ./src/oscillator.o
 .debug_macinfo
                0x0017fdd8    0x5c688 ./src/pp6.o
 .debug_macinfo
                0x001dc460    0x5c22b ./src/pwm.o
 .debug_macinfo
                0x0023868b     0x5052 ./src/sad.o
 .debug_macinfo
                0x0023d6dd     0x5054 ./src/sadsr.o
 .debug_macinfo
                0x00242731     0x54b6 ./src/sequencer.o
 .debug_macinfo
                0x00247be7    0x5bacd ./src/system_stm32f4xx.o
 .debug_macinfo
                0x002a36b4    0x5ba79 ./src/timer.o
 .debug_macinfo
                0x002ff12d    0x5ba78 ./src/uart.o
 .debug_macinfo
                0x0035aba5    0x5ba7b /home/owen/workspace-rs5/StdPeriphLib_v100_STM32F4xx/Debug/libStdPeriphLib_v100_STM32F4xx.a(misc.o)
 .debug_macinfo
                0x003b6620    0x5bd69 /home/owen/workspace-rs5/StdPeriphLib_v100_STM32F4xx/Debug/libStdPeriphLib_v100_STM32F4xx.a(stm32f4xx_adc.o)
 .debug_macinfo
                0x00412389    0x5ba4f /home/owen/workspace-rs5/StdPeriphLib_v100_STM32F4xx/Debug/libStdPeriphLib_v100_STM32F4xx.a(stm32f4xx_gpio.o)
 .debug_macinfo
                0x0046ddd8    0x5bf5b /home/owen/workspace-rs5/StdPeriphLib_v100_STM32F4xx/Debug/libStdPeriphLib_v100_STM32F4xx.a(stm32f4xx_rcc.o)
 .debug_macinfo
                0x004c9d33    0x5ba4f /home/owen/workspace-rs5/StdPeriphLib_v100_STM32F4xx/Debug/libStdPeriphLib_v100_STM32F4xx.a(stm32f4xx_rng.o)
 .debug_macinfo
                0x00525782    0x5bb3c /home/owen/workspace-rs5/StdPeriphLib_v100_STM32F4xx/Debug/libStdPeriphLib_v100_STM32F4xx.a(stm32f4xx_spi.o)
 .debug_macinfo
                0x005812be    0x5bb28 /home/owen/workspace-rs5/StdPeriphLib_v100_STM32F4xx/Debug/libStdPeriphLib_v100_STM32F4xx.a(stm32f4xx_tim.o)
 .debug_macinfo
                0x005dcde6    0x5bb7b /home/owen/workspace-rs5/StdPeriphLib_v100_STM32F4xx/Debug/libStdPeriphLib_v100_STM32F4xx.a(stm32f4xx_usart.o)
 .debug_macinfo
                0x00638961     0x430d /home/owen/workspace-rs5/CMSISv2p10_DSPLIB_CM4/lib/libCMSISv2p10_DSPLIB_CM4.a(arm_sin_f32.o)

.debug_str      0x00000000     0x429e
 .debug_str     0x00000000      0x976 ./src/CS4344.o
                                0x9b3 (size before relaxing)
 .debug_str     0x00000976       0x54 ./src/audio.o
                                0x149 (size before relaxing)
 .debug_str     0x000009ca      0x179 ./src/cr_startup_stm32f4xx.o
                                0x280 (size before relaxing)
 .debug_str     0x00000b43      0x207 ./src/main.o
                                0x3db (size before relaxing)
 .debug_str     0x00000d4a      0x263 ./src/midi.o
                                0x414 (size before relaxing)
 .debug_str     0x00000fad      0x162 ./src/notelist.o
                                0x2a3 (size before relaxing)
 .debug_str     0x0000110f      0x2a2 ./src/oscillator.o
                                0x3ea (size before relaxing)
 .debug_str     0x000013b1      0x861 ./src/pp6.o
                                0xcac (size before relaxing)
 .debug_str     0x00001c12      0x1ce ./src/pwm.o
                                0x501 (size before relaxing)
 .debug_str     0x00001de0       0x74 ./src/sad.o
                                0x178 (size before relaxing)
 .debug_str     0x00001e54       0x85 ./src/sadsr.o
                                0x1bf (size before relaxing)
 .debug_str     0x00001ed9      0x279 ./src/sequencer.o
                                0x395 (size before relaxing)
 .debug_str     0x00002152      0x1b8 ./src/system_stm32f4xx.o
                                0x337 (size before relaxing)
 .debug_str     0x0000230a       0x35 ./src/timer.o
                                0x2be (size before relaxing)
 .debug_str     0x0000233f       0xf0 ./src/uart.o
                                0x411 (size before relaxing)
 .debug_str     0x0000242f      0x16c /home/owen/workspace-rs5/StdPeriphLib_v100_STM32F4xx/Debug/libStdPeriphLib_v100_STM32F4xx.a(misc.o)
                                0x371 (size before relaxing)
 .debug_str     0x0000259b      0x4d6 /home/owen/workspace-rs5/StdPeriphLib_v100_STM32F4xx/Debug/libStdPeriphLib_v100_STM32F4xx.a(stm32f4xx_adc.o)
                                0x79c (size before relaxing)
 .debug_str     0x00002a71      0x171 /home/owen/workspace-rs5/StdPeriphLib_v100_STM32F4xx/Debug/libStdPeriphLib_v100_STM32F4xx.a(stm32f4xx_gpio.o)
                                0x43b (size before relaxing)
 .debug_str     0x00002be2      0x537 /home/owen/workspace-rs5/StdPeriphLib_v100_STM32F4xx/Debug/libStdPeriphLib_v100_STM32F4xx.a(stm32f4xx_rcc.o)
                                0x7e8 (size before relaxing)
 .debug_str     0x00003119       0xad /home/owen/workspace-rs5/StdPeriphLib_v100_STM32F4xx/Debug/libStdPeriphLib_v100_STM32F4xx.a(stm32f4xx_rng.o)
                                0x21c (size before relaxing)
 .debug_str     0x000031c6      0x2e6 /home/owen/workspace-rs5/StdPeriphLib_v100_STM32F4xx/Debug/libStdPeriphLib_v100_STM32F4xx.a(stm32f4xx_spi.o)
                                0x622 (size before relaxing)
 .debug_str     0x000034ac      0x9cc /home/owen/workspace-rs5/StdPeriphLib_v100_STM32F4xx/Debug/libStdPeriphLib_v100_STM32F4xx.a(stm32f4xx_tim.o)
                                0xd68 (size before relaxing)
 .debug_str     0x00003e78      0x378 /home/owen/workspace-rs5/StdPeriphLib_v100_STM32F4xx/Debug/libStdPeriphLib_v100_STM32F4xx.a(stm32f4xx_usart.o)
                                0x627 (size before relaxing)
 .debug_str     0x000041f0       0xae /home/owen/workspace-rs5/CMSISv2p10_DSPLIB_CM4/lib/libCMSISv2p10_DSPLIB_CM4.a(arm_sin_f32.o)
                                0x14e (size before relaxing)

.comment        0x00000000      0x10a
 .comment       0x00000000       0x70 ./src/CS4344.o
                                 0x71 (size before relaxing)
 .comment       0x00000000       0x71 ./src/audio.o
 .comment       0x00000000       0x71 ./src/cr_startup_stm32f4xx.o
 .comment       0x00000000       0x71 ./src/main.o
 .comment       0x00000000       0x71 ./src/midi.o
 .comment       0x00000000       0x71 ./src/notelist.o
 .comment       0x00000000       0x71 ./src/oscillator.o
 .comment       0x00000000       0x71 ./src/pp6.o
 .comment       0x00000000       0x71 ./src/pwm.o
 .comment       0x00000000       0x71 ./src/sad.o
 .comment       0x00000000       0x71 ./src/sadsr.o
 .comment       0x00000000       0x71 ./src/sequencer.o
 .comment       0x00000000       0x71 ./src/system_stm32f4xx.o
 .comment       0x00000000       0x71 ./src/timer.o
 .comment       0x00000000       0x71 ./src/uart.o
 .comment       0x00000000       0x71 /home/owen/workspace-rs5/StdPeriphLib_v100_STM32F4xx/Debug/libStdPeriphLib_v100_STM32F4xx.a(misc.o)
 .comment       0x00000000       0x71 /home/owen/workspace-rs5/StdPeriphLib_v100_STM32F4xx/Debug/libStdPeriphLib_v100_STM32F4xx.a(stm32f4xx_adc.o)
 .comment       0x00000000       0x71 /home/owen/workspace-rs5/StdPeriphLib_v100_STM32F4xx/Debug/libStdPeriphLib_v100_STM32F4xx.a(stm32f4xx_gpio.o)
 .comment       0x00000000       0x71 /home/owen/workspace-rs5/StdPeriphLib_v100_STM32F4xx/Debug/libStdPeriphLib_v100_STM32F4xx.a(stm32f4xx_rcc.o)
 .comment       0x00000000       0x71 /home/owen/workspace-rs5/StdPeriphLib_v100_STM32F4xx/Debug/libStdPeriphLib_v100_STM32F4xx.a(stm32f4xx_rng.o)
 .comment       0x00000000       0x71 /home/owen/workspace-rs5/StdPeriphLib_v100_STM32F4xx/Debug/libStdPeriphLib_v100_STM32F4xx.a(stm32f4xx_spi.o)
 .comment       0x00000000       0x71 /home/owen/workspace-rs5/StdPeriphLib_v100_STM32F4xx/Debug/libStdPeriphLib_v100_STM32F4xx.a(stm32f4xx_tim.o)
 .comment       0x00000000       0x71 /home/owen/workspace-rs5/StdPeriphLib_v100_STM32F4xx/Debug/libStdPeriphLib_v100_STM32F4xx.a(stm32f4xx_usart.o)
 .comment       0x00000070       0x2a /home/owen/workspace-rs5/CMSISv2p10_DSPLIB_CM4/lib/libCMSISv2p10_DSPLIB_CM4.a(arm_sin_f32.o)
                                 0x2b (size before relaxing)
 .comment       0x0000009a       0x70 /usr/local/redsuite_5.2.4_2122/redsuite/tools/bin/../lib/gcc/arm-none-eabi/4.6.2/../../../../arm-none-eabi/lib/armv7e-m/softfp/libcr_c.a(__weak__main.o)
                                 0x71 (size before relaxing)

.ARM.attributes
                0x00000000       0x39
 .ARM.attributes
                0x00000000       0x39 ./src/CS4344.o
 .ARM.attributes
                0x00000039       0x39 ./src/audio.o
 .ARM.attributes
                0x00000072       0x39 ./src/cr_startup_stm32f4xx.o
 .ARM.attributes
                0x000000ab       0x39 ./src/main.o
 .ARM.attributes
                0x000000e4       0x39 ./src/midi.o
 .ARM.attributes
                0x0000011d       0x39 ./src/notelist.o
 .ARM.attributes
                0x00000156       0x39 ./src/oscillator.o
 .ARM.attributes
                0x0000018f       0x39 ./src/pp6.o
 .ARM.attributes
                0x000001c8       0x39 ./src/pwm.o
 .ARM.attributes
                0x00000201       0x39 ./src/sad.o
 .ARM.attributes
                0x0000023a       0x39 ./src/sadsr.o
 .ARM.attributes
                0x00000273       0x39 ./src/sequencer.o
 .ARM.attributes
                0x000002ac       0x39 ./src/system_stm32f4xx.o
 .ARM.attributes
                0x000002e5       0x39 ./src/timer.o
 .ARM.attributes
                0x0000031e       0x39 ./src/uart.o
 .ARM.attributes
                0x00000357       0x39 /home/owen/workspace-rs5/StdPeriphLib_v100_STM32F4xx/Debug/libStdPeriphLib_v100_STM32F4xx.a(misc.o)
 .ARM.attributes
                0x00000390       0x39 /home/owen/workspace-rs5/StdPeriphLib_v100_STM32F4xx/Debug/libStdPeriphLib_v100_STM32F4xx.a(stm32f4xx_adc.o)
 .ARM.attributes
                0x000003c9       0x39 /home/owen/workspace-rs5/StdPeriphLib_v100_STM32F4xx/Debug/libStdPeriphLib_v100_STM32F4xx.a(stm32f4xx_gpio.o)
 .ARM.attributes
                0x00000402       0x39 /home/owen/workspace-rs5/StdPeriphLib_v100_STM32F4xx/Debug/libStdPeriphLib_v100_STM32F4xx.a(stm32f4xx_rcc.o)
 .ARM.attributes
                0x0000043b       0x39 /home/owen/workspace-rs5/StdPeriphLib_v100_STM32F4xx/Debug/libStdPeriphLib_v100_STM32F4xx.a(stm32f4xx_rng.o)
 .ARM.attributes
                0x00000474       0x39 /home/owen/workspace-rs5/StdPeriphLib_v100_STM32F4xx/Debug/libStdPeriphLib_v100_STM32F4xx.a(stm32f4xx_spi.o)
 .ARM.attributes
                0x000004ad       0x39 /home/owen/workspace-rs5/StdPeriphLib_v100_STM32F4xx/Debug/libStdPeriphLib_v100_STM32F4xx.a(stm32f4xx_tim.o)
 .ARM.attributes
                0x000004e6       0x39 /home/owen/workspace-rs5/StdPeriphLib_v100_STM32F4xx/Debug/libStdPeriphLib_v100_STM32F4xx.a(stm32f4xx_usart.o)
 .ARM.attributes
                0x0000051f       0x37 /home/owen/workspace-rs5/CMSISv2p10_DSPLIB_CM4/lib/libCMSISv2p10_DSPLIB_CM4.a(arm_sin_f32.o)
 .ARM.attributes
                0x00000556       0x39 /usr/local/redsuite_5.2.4_2122/redsuite/tools/bin/../lib/gcc/arm-none-eabi/4.6.2/../../../../arm-none-eabi/lib/armv7e-m/softfp/libcr_c.a(__weak__main.o)

.debug_frame    0x00000000     0x33ec
 .debug_frame   0x00000000       0x50 ./src/CS4344.o
 .debug_frame   0x00000050       0x48 ./src/audio.o
 .debug_frame   0x00000098       0xf4 ./src/cr_startup_stm32f4xx.o
 .debug_frame   0x0000018c       0x6c ./src/main.o
 .debug_frame   0x000001f8      0x420 ./src/midi.o
 .debug_frame   0x00000618      0x1bc ./src/notelist.o
 .debug_frame   0x000007d4      0x24c ./src/oscillator.o
 .debug_frame   0x00000a20      0x7fc ./src/pp6.o
 .debug_frame   0x0000121c       0x6c ./src/pwm.o
 .debug_frame   0x00001288       0x80 ./src/sad.o
 .debug_frame   0x00001308       0xb8 ./src/sadsr.o
 .debug_frame   0x000013c0      0x258 ./src/sequencer.o
 .debug_frame   0x00001618       0x64 ./src/system_stm32f4xx.o
 .debug_frame   0x0000167c       0x68 ./src/timer.o
 .debug_frame   0x000016e4       0x68 ./src/uart.o
 .debug_frame   0x0000174c       0x9c /home/owen/workspace-rs5/StdPeriphLib_v100_STM32F4xx/Debug/libStdPeriphLib_v100_STM32F4xx.a(misc.o)
 .debug_frame   0x000017e8      0x434 /home/owen/workspace-rs5/StdPeriphLib_v100_STM32F4xx/Debug/libStdPeriphLib_v100_STM32F4xx.a(stm32f4xx_adc.o)
 .debug_frame   0x00001c1c      0x19c /home/owen/workspace-rs5/StdPeriphLib_v100_STM32F4xx/Debug/libStdPeriphLib_v100_STM32F4xx.a(stm32f4xx_gpio.o)
 .debug_frame   0x00001db8      0x4d8 /home/owen/workspace-rs5/StdPeriphLib_v100_STM32F4xx/Debug/libStdPeriphLib_v100_STM32F4xx.a(stm32f4xx_rcc.o)
 .debug_frame   0x00002290       0xec /home/owen/workspace-rs5/StdPeriphLib_v100_STM32F4xx/Debug/libStdPeriphLib_v100_STM32F4xx.a(stm32f4xx_rng.o)
 .debug_frame   0x0000237c      0x2d0 /home/owen/workspace-rs5/StdPeriphLib_v100_STM32F4xx/Debug/libStdPeriphLib_v100_STM32F4xx.a(stm32f4xx_spi.o)
 .debug_frame   0x0000264c      0xa3c /home/owen/workspace-rs5/StdPeriphLib_v100_STM32F4xx/Debug/libStdPeriphLib_v100_STM32F4xx.a(stm32f4xx_tim.o)
 .debug_frame   0x00003088      0x344 /home/owen/workspace-rs5/StdPeriphLib_v100_STM32F4xx/Debug/libStdPeriphLib_v100_STM32F4xx.a(stm32f4xx_usart.o)
 .debug_frame   0x000033cc       0x20 /home/owen/workspace-rs5/CMSISv2p10_DSPLIB_CM4/lib/libCMSISv2p10_DSPLIB_CM4.a(arm_sin_f32.o)

.debug_pubnames
                0x00000000       0x22
 .debug_pubnames
                0x00000000       0x22 /home/owen/workspace-rs5/CMSISv2p10_DSPLIB_CM4/lib/libCMSISv2p10_DSPLIB_CM4.a(arm_sin_f32.o)

.debug_pubtypes
                0x00000000       0x39
 .debug_pubtypes
                0x00000000       0x39 /home/owen/workspace-rs5/CMSISv2p10_DSPLIB_CM4/lib/libCMSISv2p10_DSPLIB_CM4.a(arm_sin_f32.o)
