Archive member included because of file (symbol)

/home/owen/workspace-rs5/StdPeriphLib_v100_STM32F4xx/Debug/libStdPeriphLib_v100_STM32F4xx.a(misc.o)
                              ./src/CS4344.o (NVIC_Init)
/home/owen/workspace-rs5/StdPeriphLib_v100_STM32F4xx/Debug/libStdPeriphLib_v100_STM32F4xx.a(stm32f4xx_adc.o)
                              ./src/pp6.o (ADC_Init)
/home/owen/workspace-rs5/StdPeriphLib_v100_STM32F4xx/Debug/libStdPeriphLib_v100_STM32F4xx.a(stm32f4xx_gpio.o)
                              ./src/CS4344.o (GPIO_Init)
/home/owen/workspace-rs5/StdPeriphLib_v100_STM32F4xx/Debug/libStdPeriphLib_v100_STM32F4xx.a(stm32f4xx_rcc.o)
                              ./src/CS4344.o (RCC_AHB1PeriphClockCmd)
/home/owen/workspace-rs5/StdPeriphLib_v100_STM32F4xx/Debug/libStdPeriphLib_v100_STM32F4xx.a(stm32f4xx_rng.o)
                              ./src/main.o (RNG_Cmd)
/home/owen/workspace-rs5/StdPeriphLib_v100_STM32F4xx/Debug/libStdPeriphLib_v100_STM32F4xx.a(stm32f4xx_spi.o)
                              ./src/CS4344.o (SPI_I2S_DeInit)
/home/owen/workspace-rs5/StdPeriphLib_v100_STM32F4xx/Debug/libStdPeriphLib_v100_STM32F4xx.a(stm32f4xx_tim.o)
                              ./src/pwm.o (TIM_TimeBaseInit)
/home/owen/workspace-rs5/StdPeriphLib_v100_STM32F4xx/Debug/libStdPeriphLib_v100_STM32F4xx.a(stm32f4xx_usart.o)
                              ./src/uart.o (USART_Init)
/home/owen/workspace-rs5/CMSISv2p10_DSPLIB_CM4/lib/libCMSISv2p10_DSPLIB_CM4.a(arm_sin_f32.o)
                              ./src/oscillator.o (arm_sin_f32)
/usr/local/redsuite_5.2.4_2122/redsuite/tools/bin/../lib/gcc/arm-none-eabi/4.6.2/../../../../arm-none-eabi/lib/armv7e-m/softfp/libcr_c.a(__weak__main.o)
                              ./src/cr_startup_stm32f4xx.o (__main)

Allocating common symbols
Common symbol       size              file

cents               0x4               ./src/main.o
rate                0x4               ./src/main.o
dur                 0x4               ./src/main.o
recvArg0_           0x4               ./src/main.o
channelIn_          0x4               ./src/main.o
tune                0x4               ./src/main.o
uart_recv_buf       0x20              ./src/main.o
nl                  0x204             ./src/main.o
glide_step          0x4               ./src/main.o
recvEvent_          0x4               ./src/main.o
i                   0x4               ./src/main.o
v                   0x4               ./src/main.o
tmp8                0x1               ./src/main.o
cents_target        0x4               ./src/main.o
glide               0x4               ./src/main.o
transformed         0x204             ./src/main.o
recvMode_           0x4               ./src/main.o
recvByteCount_      0x4               ./src/main.o
sendFullCommands_   0x1               ./src/main.o
pp6                 0x250             ./src/pp6.o
s                   0x2               ./src/main.o
recvBytesNeeded_    0x4               ./src/main.o
oct_delta           0x1               ./src/main.o
play_buf            0x400             ./src/CS4344.o
lastStatusSent_     0x4               ./src/main.o
range               0x4               ./src/main.o

Discarded input sections

 .text          0x00000000        0x0 ./src/CS4344.o
 .data          0x00000000        0x0 ./src/CS4344.o
 .bss           0x00000000        0x0 ./src/CS4344.o
 .bss.o         0x00000000        0x2 ./src/CS4344.o
 .text          0x00000000        0x0 ./src/audio.o
 .data          0x00000000        0x0 ./src/audio.o
 .bss           0x00000000        0x0 ./src/audio.o
 .text.c_to_f   0x00000000       0xf4 ./src/audio.o
 .text          0x00000000        0x0 ./src/cr_startup_stm32f4xx.o
 .data          0x00000000        0x0 ./src/cr_startup_stm32f4xx.o
 .bss           0x00000000        0x0 ./src/cr_startup_stm32f4xx.o
 .text          0x00000000        0x0 ./src/main.o
 .data          0x00000000        0x0 ./src/main.o
 .bss           0x00000000        0x0 ./src/main.o
 .data.miditof  0x00000000       0x54 ./src/main.o
 .rodata.PARAM_SEND_FULL_COMMANDS
                0x00000000        0x4 ./src/main.o
 .rodata.PARAM_CHANNEL_IN
                0x00000000        0x4 ./src/main.o
 .text.Delay    0x00000000       0x2c ./src/main.o
 .text          0x00000000        0x0 ./src/midi.o
 .data          0x00000000        0x0 ./src/midi.o
 .bss           0x00000000        0x0 ./src/midi.o
 .rodata.PARAM_SEND_FULL_COMMANDS
                0x00000000        0x4 ./src/midi.o
 .rodata.PARAM_CHANNEL_IN
                0x00000000        0x4 ./src/midi.o
 .text.sendVelocityChange
                0x00000000       0x6c ./src/midi.o
 .text.sendControlChange
                0x00000000       0x6c ./src/midi.o
 .text.sendProgramChange
                0x00000000       0x5c ./src/midi.o
 .text.sendAfterTouch
                0x00000000       0x5c ./src/midi.o
 .text.sendPitchChange
                0x00000000       0x3c ./src/midi.o
 .text.sendSongPosition
                0x00000000       0x3c ./src/midi.o
[...]
Memory Configuration

Name             Origin             Length             Attributes
MFlash512        0x08000000         0x00080000         xr
Ram112           0x20000000         0x0001c000         xrw
PeriphRam16      0x2001c000         0x00004000         xrw
Ram64            0x10000000         0x00010000         xrw
*default*        0x00000000         0xffffffff

Linker script and memory map

LOAD ./src/CS4344.o
LOAD ./src/audio.o
LOAD ./src/cr_startup_stm32f4xx.o
LOAD ./src/main.o
LOAD ./src/midi.o
LOAD ./src/notelist.o
LOAD ./src/oscillator.o
LOAD ./src/pp6.o
LOAD ./src/pwm.o
LOAD ./src/sad.o
LOAD ./src/sadsr.o
LOAD ./src/sequencer.o
LOAD ./src/system_stm32f4xx.o
LOAD ./src/timer.o
LOAD ./src/uart.o
LOAD /home/owen/workspace-rs5/StdPeriphLib_v100_STM32F4xx/Debug/libStdPeriphLib_v100_STM32F4xx.a
LOAD /home/owen/workspace-rs5/CMSISv2p10_STM32F4xx/Debug/libCMSISv2p10_STM32F4xx.a
LOAD /home/owen/workspace-rs5/CMSISv2p10_DSPLIB_CM4/lib/libCMSISv2p10_DSPLIB_CM4.a
START GROUP
LOAD /usr/local/redsuite_5.2.4_2122/redsuite/tools/bin/../lib/gcc/arm-none-eabi/4.6.2/../../../../arm-none-eabi/lib/armv7e-m/softfp/libcr_c.a
LOAD /usr/local/redsuite_5.2.4_2122/redsuite/tools/bin/../lib/gcc/arm-none-eabi/4.6.2/armv7e-m/softfp/libcr_eabihelpers.a
END GROUP
                0x08080000                __top_MFlash512 = 0x8080000
                0x2001c000                __top_Ram112 = 0x2001c000
                0x20020000                __top_PeriphRam16 = 0x20020000
                0x10010000                __top_Ram64 = 0x10010000

.text           0x08000000     0x6d40
 FILL mask 0xff
                0x08000000                __vectors_start__ = ABSOLUTE (.)
 *(.isr_vector)
 .isr_vector    0x08000000      0x188 ./src/cr_startup_stm32f4xx.o
                0x08000000                g_pfnVectors
                0x08000188                . = ALIGN (0x4)
                0x08000188                __section_table_start = .
                0x08000188                __data_section_table = .
                0x08000188        0x4 LONG 0x8006d40 LOADADDR (.data)
                0x0800018c        0x4 LONG 0x20000000 ADDR (.data)
                0x08000190        0x4 LONG 0x1fc SIZEOF (.data)
                0x08000194        0x4 LONG 0x8006d40 LOADADDR (.data_RAM2)
                0x08000198        0x4 LONG 0x2001c000 ADDR (.data_RAM2)
                0x0800019c        0x4 LONG 0x0 SIZEOF (.data_RAM2)
                0x080001a0        0x4 LONG 0x8006d40 LOADADDR (.data_RAM3)
                0x080001a4        0x4 LONG 0x10000000 ADDR (.data_RAM3)
                0x080001a8        0x4 LONG 0x0 SIZEOF (.data_RAM3)
                0x080001ac                __data_section_table_end = .
                0x080001ac                __bss_section_table = .
                0x080001ac        0x4 LONG 0x200001fc ADDR (.bss)
                0x080001b0        0x4 LONG 0xd87c SIZEOF (.bss)
                0x080001b4        0x4 LONG 0x2001c000 ADDR (.bss_RAM2)
                0x080001b8        0x4 LONG 0x0 SIZEOF (.bss_RAM2)
                0x080001bc        0x4 LONG 0x10000000 ADDR (.bss_RAM3)
                0x080001c0        0x4 LONG 0x0 SIZEOF (.bss_RAM3)
                0x080001c4                __bss_section_table_end = .
                0x080001c4                __section_table_end = .
 *(.after_vectors*)
 .after_vectors
                0x080001c4       0x88 ./src/cr_startup_stm32f4xx.o
                0x080001c4                NMI_Handler
                0x080001c6                HardFault_Handler
                0x080001c8                MemManage_Handler
                0x080001ca                BusFault_Handler
                0x080001cc                UsageFault_Handler
                0x080001ce                SVC_Handler
                0x080001d0                DebugMon_Handler
                0x080001d2                PendSV_Handler
                0x080001d4                SysTick_Handler
                0x080001d6                data_init
                0x080001e8                bss_init
                0x080001f8                ResetISR
                0x08000244                RTC_Alarm_IRQHandler
                0x08000244                HASH_RNG_IRQHandler
                0x08000244                EXTI2_IRQHandler
                0x08000244                TIM8_CC_IRQHandler
                0x08000244                TIM1_CC_IRQHandler
                0x08000244                DMA2_Stream5_IRQHandler
                0x08000244                DMA1_Stream5_IRQHandler
                0x08000244                PVD_IRQHandler
                0x08000244                SDIO_IRQHandler
                0x08000244                TAMP_STAMP_IRQHandler
                0x08000244                CAN2_RX1_IRQHandler
                0x08000244                EXTI3_IRQHandler
                0x08000244                TIM8_TRG_COM_TIM14_IRQHandler
                0x08000244                TIM1_UP_TIM10_IRQHandler
                0x08000244                TIM8_UP_TIM13_IRQHandler
                0x08000244                I2C3_ER_IRQHandler
                0x08000244                EXTI0_IRQHandler
                0x08000244                I2C2_EV_IRQHandler
                0x08000244                DMA1_Stream2_IRQHandler
                0x08000244                CAN1_RX0_IRQHandler
                0x08000244                FPU_IRQHandler
                0x08000244                OTG_HS_WKUP_IRQHandler
                0x08000244                CAN2_SCE_IRQHandler
                0x08000244                DMA2_Stream2_IRQHandler
                0x08000244                SPI1_IRQHandler
                0x08000244                IntDefaultHandler
                0x08000244                TIM6_DAC_IRQHandler
                0x08000244                TIM1_BRK_TIM9_IRQHandler
                0x08000244                DCMI_IRQHandler
                0x08000244                CAN2_RX0_IRQHandler
                0x08000244                DMA2_Stream3_IRQHandler
                0x08000244                USART6_IRQHandler
                0x08000244                USART3_IRQHandler
                0x08000244                CRYP_IRQHandler
                0x08000244                CAN1_RX1_IRQHandler
                0x08000244                UART5_IRQHandler
                0x08000244                DMA2_Stream0_IRQHandler
                0x08000244                TIM4_IRQHandler
                0x08000244                I2C1_EV_IRQHandler
                0x08000244                DMA1_Stream6_IRQHandler
                0x08000244                DMA1_Stream1_IRQHandler
                0x08000244                UART4_IRQHandler
                0x08000244                TIM3_IRQHandler
                0x08000244                RCC_IRQHandler
                0x08000244                TIM8_BRK_TIM12_IRQHandler
                0x08000244                EXTI15_10_IRQHandler
                0x08000244                ADC_IRQHandler
                0x08000244                DMA1_Stream7_IRQHandler
                0x08000244                TIM7_IRQHandler
                0x08000244                CAN2_TX_IRQHandler
                0x08000244                TIM5_IRQHandler
                0x08000244                DMA2_Stream7_IRQHandler
                0x08000244                I2C3_EV_IRQHandler
                0x08000244                EXTI9_5_IRQHandler
                0x08000244                RTC_WKUP_IRQHandler
                0x08000244                ETH_WKUP_IRQHandler
                0x08000244                SPI2_IRQHandler
                0x08000244                OTG_HS_EP1_IN_IRQHandler
                0x08000244                DMA1_Stream0_IRQHandler
                0x08000244                CAN1_TX_IRQHandler
                0x08000244                EXTI4_IRQHandler
                0x08000244                FSMC_IRQHandler
                0x08000244                ETH_IRQHandler
                0x08000244                OTG_HS_EP1_OUT_IRQHandler
                0x08000244                WWDG_IRQHandler
                0x08000244                TIM2_IRQHandler
                0x08000244                OTG_FS_WKUP_IRQHandler
                0x08000244                TIM1_TRG_COM_TIM11_IRQHandler
                0x08000244                OTG_HS_IRQHandler
                0x08000244                EXTI1_IRQHandler
                0x08000244                USART2_IRQHandler
                0x08000244                I2C2_ER_IRQHandler
                0x08000244                DMA2_Stream1_IRQHandler
                0x08000244                CAN1_SCE_IRQHandler
                0x08000244                FLASH_IRQHandler
                0x08000244                DMA2_Stream4_IRQHandler
                0x08000244                USART1_IRQHandler
                0x08000244                OTG_FS_IRQHandler
                0x08000244                DMA1_Stream4_IRQHandler
                0x08000244                I2C1_ER_IRQHandler
                0x08000244                DMA2_Stream6_IRQHandler
                0x08000244                DMA1_Stream3_IRQHandler
 *(.text*)
 .text.CS4344_init
                0x0800024c      0x17c ./src/CS4344.o
                0x0800024c                CS4344_init
 .text.SPI3_IRQHandler
                0x080003c8       0x94 ./src/CS4344.o
                0x080003c8                SPI3_IRQHandler
 .text.c_to_f_ratio
                0x0800045c       0xe8 ./src/audio.o
                0x0800045c                c_to_f_ratio
 .text.main     0x08000544     0x1000 ./src/main.o
                0x08000544                main
 .text.update_note_list
                0x08001544       0xbc ./src/main.o
 .text.check_for_hold_release
                0x08001600       0x8c ./src/main.o
 .text.combine_keyboard_and_sequencer_notes
                0x0800168c       0x94 ./src/main.o
 .text.run_arp_ticks
                0x08001720      0x3a4 ./src/main.o
 .text.run_arp_ticks_full_speed
                0x08001ac4       0x7c ./src/main.o
 .text.run_sequencer
                0x08001b40      0x350 ./src/main.o
 .text.check_cv_clock
                0x08001e90       0xe8 ./src/main.o
 .text.determine_clock_source
                0x08001f78       0x4c ./src/main.o
 .text.play_note
                0x08001fc4      0x160 ./src/main.o
 .text.adjust_f
                0x08002124      0x29c ./src/main.o
 .text.flash_led_record_enable
                0x080023c0       0x40 ./src/main.o
 .text.recvByte
                0x08002400      0x4c8 ./src/midi.o
                0x08002400                recvByte
 .text.sendNoteOff
                0x080028c8       0x78 ./src/midi.o
                0x080028c8                sendNoteOff
 .text.sendNoteOn
                0x08002940       0x78 ./src/midi.o
                0x08002940                sendNoteOn
 .text.sendSync
                0x080029b8       0x10 ./src/midi.o
                0x080029b8                sendSync
 .text.sendStart
                0x080029c8       0x10 ./src/midi.o
                0x080029c8                sendStart
 .text.sendStop
                0x080029d8       0x10 ./src/midi.o
                0x080029d8                sendStop
 .text.midi_init
                0x080029e8       0x84 ./src/midi.o
                0x080029e8                midi_init
 .text.handleNoteOff
                0x08002a6c       0x20 ./src/midi.o
                0x08002a6c                handleNoteOff
 .text.handleNoteOn
                0x08002a8c       0x20 ./src/midi.o
                0x08002a8c                handleNoteOn
 .text.handleSync
                0x08002aac        0xc ./src/midi.o
                0x08002aac                handleSync
 .text.handleStart
                0x08002ab8        0xc ./src/midi.o
                0x08002ab8                handleStart
 .text.handleStop
                0x08002ac4        0xc ./src/midi.o
                0x08002ac4                handleStop
 .text.handleVelocityChange
                0x08002ad0       0x18 ./src/midi.o
                0x08002ad0                handleVelocityChange
 .text.handleControlChange
                0x08002ae8       0x18 ./src/midi.o
                0x08002ae8                handleControlChange
 .text.handleProgramChange
                0x08002b00       0x14 ./src/midi.o
                0x08002b00                handleProgramChange
 .text.handleAfterTouch
                0x08002b14       0x14 ./src/midi.o
                0x08002b14                handleAfterTouch
 .text.handlePitchChange
                0x08002b28       0x14 ./src/midi.o
                0x08002b28                handlePitchChange
 .text.handleSongPosition
                0x08002b3c       0x14 ./src/midi.o
                0x08002b3c                handleSongPosition
 .text.handleSongSelect
                0x08002b50       0x14 ./src/midi.o
                0x08002b50                handleSongSelect
 .text.handleTuneRequest
                0x08002b64        0xc ./src/midi.o
                0x08002b64                handleTuneRequest
 .text.handleContinue
                0x08002b70        0xc ./src/midi.o
                0x08002b70                handleContinue
 .text.handleActiveSense
                0x08002b7c        0xc ./src/midi.o
                0x08002b7c                handleActiveSense
 .text.handleReset
                0x08002b88        0xc ./src/midi.o
                0x08002b88                handleReset
 .text.note_list_init
                0x08002b94       0x8c ./src/notelist.o
                0x08002b94                note_list_init
 .text.note_list_set_current_to_last
                0x08002c20       0x60 ./src/notelist.o
                0x08002c20                note_list_set_current_to_last
 .text.note_list_copy_notes
                0x08002c80       0x58 ./src/notelist.o
                0x08002c80                note_list_copy_notes
 .text.note_list_most_recent
                0x08002cd8       0x24 ./src/notelist.o
                0x08002cd8                note_list_most_recent
 .text.note_list_note_on
                0x08002cfc       0x38 ./src/notelist.o
                0x08002cfc                note_list_note_on
 .text.note_list_note_off
                0x08002d34       0x98 ./src/notelist.o
                0x08002d34                note_list_note_off
 .text.pp6_init
                0x08002dcc      0x268 ./src/pp6.o
                0x08002dcc                pp6_init
 .text.pp6_set_trig
                0x08003034       0x40 ./src/pp6.o
                0x08003034                pp6_set_trig
 .text.pp6_set_gate
                0x08003074       0x50 ./src/pp6.o
                0x08003074                pp6_set_gate
 .text.pp6_get_gate
                0x080030c4       0x18 ./src/pp6.o
                0x080030c4                pp6_get_gate
 .text.pp6_get_cv_clk
                0x080030dc       0x28 ./src/pp6.o
                0x080030dc                pp6_get_cv_clk
 .text.pp6_get_clk_src
                0x08003104       0x18 ./src/pp6.o
                0x08003104                pp6_get_clk_src
 .text.pp6_set_clk_src
                0x0800311c       0x24 ./src/pp6.o
                0x0800311c                pp6_set_clk_src
 .text.pp6_midi_clock_tick
                0x08003140       0x94 ./src/pp6.o
                0x08003140                pp6_midi_clock_tick
 .text.pp6_get_midi_clock_count
                0x080031d4       0x18 ./src/pp6.o
                0x080031d4                pp6_get_midi_clock_count
 .text.pp6_check_for_midi_clock
                0x080031ec       0x4c ./src/pp6.o
                0x080031ec                pp6_check_for_midi_clock
 .text.pp6_midi_clock_present
                0x08003238       0x18 ./src/pp6.o
                0x08003238                pp6_midi_clock_present
 .text.pp6_get_knob_1
                0x08003250       0x18 ./src/pp6.o
                0x08003250                pp6_get_knob_1
 .text.pp6_get_knob_2
                0x08003268       0x18 ./src/pp6.o
                0x08003268                pp6_get_knob_2
 .text.pp6_get_knob_3
                0x08003280       0x18 ./src/pp6.o
                0x08003280                pp6_get_knob_3
 .text.pp6_get_knob_4
                0x08003298       0x18 ./src/pp6.o
                0x08003298                pp6_get_knob_4
 .text.pp6_get_knob_5
                0x080032b0       0x18 ./src/pp6.o
                0x080032b0                pp6_get_knob_5
 .text.pp6_get_knob_array
                0x080032c8       0x14 ./src/pp6.o
                0x080032c8                pp6_get_knob_array
 .text.pp6_set_mode_button_pressed
                0x080032dc       0x1c ./src/pp6.o
                0x080032dc                pp6_set_mode_button_pressed
 .text.pp6_mode_button_pressed
                0x080032f8       0x18 ./src/pp6.o
                0x080032f8                pp6_mode_button_pressed
 .text.pp6_set_aux_button_pressed
                0x08003310       0x1c ./src/pp6.o
                0x08003310                pp6_set_aux_button_pressed
 .text.pp6_set_aux_button_released
                0x0800332c       0x1c ./src/pp6.o
                0x0800332c                pp6_set_aux_button_released
 .text.pp6_aux_button_pressed
                0x08003348       0x18 ./src/pp6.o
                0x08003348                pp6_aux_button_pressed
 .text.pp6_change_mode
                0x08003360       0x8c ./src/pp6.o
                0x08003360                pp6_change_mode
 .text.pp6_set_mode
                0x080033ec       0x38 ./src/pp6.o
                0x080033ec                pp6_set_mode
 .text.pp6_get_mode
                0x08003424       0x18 ./src/pp6.o
                0x08003424                pp6_get_mode
 .text.pp6_set_seq_led
                0x0800343c      0x244 ./src/pp6.o
                0x0800343c                pp6_set_seq_led
 .text.pp6_get_seq_led
                0x08003680       0x18 ./src/pp6.o
                0x08003680                pp6_get_seq_led
 .text.pp6_set_mode_led
                0x08003698      0x244 ./src/pp6.o
                0x08003698                pp6_set_mode_led
 .text.pp6_set_clk_led
                0x080038dc      0x230 ./src/pp6.o
                0x080038dc                pp6_set_clk_led
 .text.pp6_get_clk_led
                0x08003b0c       0x18 ./src/pp6.o
                0x08003b0c                pp6_get_clk_led
 .text.pp6_flash_seq_led
                0x08003b24       0x24 ./src/pp6.o
                0x08003b24                pp6_flash_seq_led
 .text.pp6_flash_update
                0x08003b48      0x120 ./src/pp6.o
                0x08003b48                pp6_flash_update
 .text.pp6_get_keys
                0x08003c68       0x18 ./src/pp6.o
                0x08003c68                pp6_get_keys
 .text.pp6_get_key_events
                0x08003c80      0x148 ./src/pp6.o
                0x08003c80                pp6_get_key_events
 .text.pp6_keyboard_note_on_flag
                0x08003dc8       0x18 ./src/pp6.o
                0x08003dc8                pp6_keyboard_note_on_flag
 .text.pp6_set_note_off
                0x08003de0       0x2c ./src/pp6.o
                0x08003de0                pp6_set_note_off
 .text.pp6_set_note_on
                0x08003e0c       0x2c ./src/pp6.o
                0x08003e0c                pp6_set_note_on
 .text.pp6_set_keyboard_note_off
                0x08003e38       0x2c ./src/pp6.o
                0x08003e38                pp6_set_keyboard_note_off
 .text.pp6_set_keyboard_note_on
                0x08003e64       0x3c ./src/pp6.o
                0x08003e64                pp6_set_keyboard_note_on
 .text.pp6_get_keyboard_note_state
                0x08003ea0       0x2c ./src/pp6.o
                0x08003ea0                pp6_get_keyboard_note_state
 .text.pp6_get_keyboard_note_state_last
                0x08003ecc       0x2c ./src/pp6.o
                0x08003ecc                pp6_get_keyboard_note_state_last
 .text.pp6_set_current_keyboard_note_state_to_last
                0x08003ef8       0x48 ./src/pp6.o
                0x08003ef8                pp6_set_current_keyboard_note_state_to_last
 .text.pp6_get_note_state
                0x08003f40       0x2c ./src/pp6.o
                0x08003f40                pp6_get_note_state
 .text.pp6_get_note_state_last
                0x08003f6c       0x2c ./src/pp6.o
                0x08003f6c                pp6_get_note_state_last
 .text.pp6_set_current_note_state_to_last
                0x08003f98       0x48 ./src/pp6.o
                0x08003f98                pp6_set_current_note_state_to_last
 .text.pp6_set_midi_start
                0x08003fe0       0x2c ./src/pp6.o
                0x08003fe0                pp6_set_midi_start
 .text.pp6_get_midi_start
                0x0800400c       0x18 ./src/pp6.o
                0x0800400c                pp6_get_midi_start
 .text.pp6_set_midi_stop
                0x08004024       0x1c ./src/pp6.o
                0x08004024                pp6_set_midi_stop
 .text.pp6_get_midi_stop
                0x08004040       0x18 ./src/pp6.o
                0x08004040                pp6_get_midi_stop
 .text.pp6_clear_flags
                0x08004058       0xe0 ./src/pp6.o
                0x08004058                pp6_clear_flags
 .text.pp6_get_keyboard_notes_on
                0x08004138       0x78 ./src/pp6.o
                0x08004138                pp6_get_keyboard_notes_on
 .text.pp6_set_cv_clock_tick
                0x080041b0       0x1c ./src/pp6.o
                0x080041b0                pp6_set_cv_clock_tick
 .text.pp6_get_cv_clock_tick
                0x080041cc       0x18 ./src/pp6.o
                0x080041cc                pp6_get_cv_clock_tick
 .text.pp6_knobs_init
                0x080041e4      0x10c ./src/pp6.o
                0x080041e4                pp6_knobs_init
 .text.pp6_knobs_update
                0x080042f0      0x1f0 ./src/pp6.o
                0x080042f0                pp6_knobs_update
 .text.pp6_knob_1_touched
                0x080044e0       0x18 ./src/pp6.o
                0x080044e0                pp6_knob_1_touched
 .text.pp6_knob_2_touched
                0x080044f8       0x18 ./src/pp6.o
                0x080044f8                pp6_knob_2_touched
 .text.pp6_knob_3_touched
                0x08004510       0x18 ./src/pp6.o
                0x08004510                pp6_knob_3_touched
 .text.pp6_init_digi_out
                0x08004528       0xd0 ./src/pp6.o
                0x08004528                pp6_init_digi_out
 .text.pp6_init_digi_in
                0x080045f8       0xd4 ./src/pp6.o
                0x080045f8                pp6_init_digi_in
 .text.pp6_keys_update
                0x080046cc      0x2b8 ./src/pp6.o
                0x080046cc                pp6_keys_update
 .text.pwm_init
                0x08004984      0x134 ./src/pwm.o
                0x08004984                pwm_init
 .text.pwm_set  0x08004ab8       0xb0 ./src/pwm.o
                0x08004ab8                pwm_set
 .text.seq_init
                0x08004b68       0x94 ./src/sequencer.o
                0x08004b68                seq_init
 .text.seq_set_all_notes_off
                0x08004bfc       0x38 ./src/sequencer.o
                0x08004bfc                seq_set_all_notes_off
 .text.seq_set_note_off
                0x08004c34       0x28 ./src/sequencer.o
                0x08004c34                seq_set_note_off
 .text.seq_set_note_on
                0x08004c5c       0x28 ./src/sequencer.o
                0x08004c5c                seq_set_note_on
 .text.seq_get_note_state
                0x08004c84       0x28 ./src/sequencer.o
                0x08004c84                seq_get_note_state
 .text.seq_set_status
                0x08004cac       0x20 ./src/sequencer.o
                0x08004cac                seq_set_status
 .text.seq_get_status
                0x08004ccc       0x18 ./src/sequencer.o
                0x08004ccc                seq_get_status
 .text.seq_start_recording
                0x08004ce4       0x28 ./src/sequencer.o
                0x08004ce4                seq_start_recording
 .text.seq_log_first_note_null
                0x08004d0c       0x54 ./src/sequencer.o
                0x08004d0c                seq_log_first_note_null
 .text.seq_log_note_start
                0x08004d60       0x90 ./src/sequencer.o
                0x08004d60                seq_log_note_start
 .text.seq_log_note_stop
                0x08004df0       0x90 ./src/sequencer.o
                0x08004df0                seq_log_note_stop
 .text.seq_log_events
                0x08004e80       0x60 ./src/sequencer.o
                0x08004e80                seq_log_events
 .text.seq_log_first_notes
                0x08004ee0       0x4c ./src/sequencer.o
                0x08004ee0                seq_log_first_notes
 .text.seq_stop_recording
                0x08004f2c      0x168 ./src/sequencer.o
                0x08004f2c                seq_stop_recording
 .text.seq_rewind
                0x08005094       0x28 ./src/sequencer.o
                0x08005094                seq_rewind
 .text.seq_play_tick
                0x080050bc      0x14c ./src/sequencer.o
                0x080050bc                seq_play_tick
 .text.seq_tick
                0x08005208       0x24 ./src/sequencer.o
                0x08005208                seq_tick
 .text.seq_get_time
                0x0800522c       0x18 ./src/sequencer.o
                0x0800522c                seq_get_time
 .text.seq_get_length
                0x08005244       0x18 ./src/sequencer.o
                0x08005244                seq_get_length
 .text.seq_log_knobs
                0x0800525c       0xb8 ./src/sequencer.o
                0x0800525c                seq_log_knobs
 .text.seq_play_knobs
                0x08005314       0x90 ./src/sequencer.o
                0x08005314                seq_play_knobs
 .text.seq_enable_knob_playback
                0x080053a4       0x44 ./src/sequencer.o
                0x080053a4                seq_enable_knob_playback
 .text.seq_set_auto_stop
                0x080053e8       0x18 ./src/sequencer.o
                0x080053e8                seq_set_auto_stop
 .text.seq_get_auto_stop
                0x08005400       0x18 ./src/sequencer.o
                0x08005400                seq_get_auto_stop
 .text.seq_clear_auto_stop
                0x08005418       0x18 ./src/sequencer.o
                0x08005418                seq_clear_auto_stop
 .text.SystemInit
                0x08005430       0xb0 ./src/system_stm32f4xx.o
                0x08005430                SystemInit
 .text.SetSysClock
                0x080054e0      0x1e0 ./src/system_stm32f4xx.o
 .text.timer_init
                0x080056c0       0x4c ./src/timer.o
                0x080056c0                timer_init
 .text.timer_reset
                0x0800570c       0x14 ./src/timer.o
                0x0800570c                timer_reset
 .text.timer_get_time
                0x08005720       0x14 ./src/timer.o
                0x08005720                timer_get_time
 .text.uart_init
                0x08005734       0xc4 ./src/uart.o
                0x08005734                uart_init
 .text.put_char
                0x080057f8       0x60 ./src/uart.o
                0x080057f8                put_char
 .text.uart_service_tx_buf
                0x08005858       0x8c ./src/uart.o
                0x08005858                uart_service_tx_buf
 .text.NVIC_Init
                0x080058e4       0xe4 /home/owen/workspace-rs5/StdPeriphLib_v100_STM32F4xx/Debug/libStdPeriphLib_v100_STM32F4xx.a(misc.o)
                0x080058e4                NVIC_Init
 .text.ADC_Init
                0x080059c8       0xb8 /home/owen/workspace-rs5/StdPeriphLib_v100_STM32F4xx/Debug/libStdPeriphLib_v100_STM32F4xx.a(stm32f4xx_adc.o)
                0x080059c8                ADC_Init
 .text.ADC_CommonInit
                0x08005a80       0x5c /home/owen/workspace-rs5/StdPeriphLib_v100_STM32F4xx/Debug/libStdPeriphLib_v100_STM32F4xx.a(stm32f4xx_adc.o)
                0x08005a80                ADC_CommonInit
 .text.ADC_Cmd  0x08005adc       0x38 /home/owen/workspace-rs5/StdPeriphLib_v100_STM32F4xx/Debug/libStdPeriphLib_v100_STM32F4xx.a(stm32f4xx_adc.o)
                0x08005adc                ADC_Cmd
 .text.ADC_RegularChannelConfig
                0x08005b14      0x1bc /home/owen/workspace-rs5/StdPeriphLib_v100_STM32F4xx/Debug/libStdPeriphLib_v100_STM32F4xx.a(stm32f4xx_adc.o)
                0x08005b14                ADC_RegularChannelConfig
 .text.ADC_SoftwareStartConv
                0x08005cd0       0x20 /home/owen/workspace-rs5/StdPeriphLib_v100_STM32F4xx/Debug/libStdPeriphLib_v100_STM32F4xx.a(stm32f4xx_adc.o)
                0x08005cd0                ADC_SoftwareStartConv
 .text.ADC_GetConversionValue
                0x08005cf0       0x1c /home/owen/workspace-rs5/StdPeriphLib_v100_STM32F4xx/Debug/libStdPeriphLib_v100_STM32F4xx.a(stm32f4xx_adc.o)
                0x08005cf0                ADC_GetConversionValue
 .text.GPIO_Init
                0x08005d0c      0x154 /home/owen/workspace-rs5/StdPeriphLib_v100_STM32F4xx/Debug/libStdPeriphLib_v100_STM32F4xx.a(stm32f4xx_gpio.o)
                0x08005d0c                GPIO_Init
 .text.GPIO_ReadInputDataBit
                0x08005e60       0x3c /home/owen/workspace-rs5/StdPeriphLib_v100_STM32F4xx/Debug/libStdPeriphLib_v100_STM32F4xx.a(stm32f4xx_gpio.o)
                0x08005e60                GPIO_ReadInputDataBit
 .text.GPIO_WriteBit
                0x08005e9c       0x30 /home/owen/workspace-rs5/StdPeriphLib_v100_STM32F4xx/Debug/libStdPeriphLib_v100_STM32F4xx.a(stm32f4xx_gpio.o)
                0x08005e9c                GPIO_WriteBit
 .text.GPIO_PinAFConfig
                0x08005ecc       0xac /home/owen/workspace-rs5/StdPeriphLib_v100_STM32F4xx/Debug/libStdPeriphLib_v100_STM32F4xx.a(stm32f4xx_gpio.o)
                0x08005ecc                GPIO_PinAFConfig
 .text.RCC_GetClocksFreq
                0x08005f78      0x1d0 /home/owen/workspace-rs5/StdPeriphLib_v100_STM32F4xx/Debug/libStdPeriphLib_v100_STM32F4xx.a(stm32f4xx_rcc.o)
                0x08005f78                RCC_GetClocksFreq
 .text.RCC_AHB1PeriphClockCmd
                0x08006148       0x58 /home/owen/workspace-rs5/StdPeriphLib_v100_STM32F4xx/Debug/libStdPeriphLib_v100_STM32F4xx.a(stm32f4xx_rcc.o)
                0x08006148                RCC_AHB1PeriphClockCmd
 .text.RCC_AHB2PeriphClockCmd
                0x080061a0       0x58 /home/owen/workspace-rs5/StdPeriphLib_v100_STM32F4xx/Debug/libStdPeriphLib_v100_STM32F4xx.a(stm32f4xx_rcc.o)
                0x080061a0                RCC_AHB2PeriphClockCmd
 .text.RCC_APB1PeriphClockCmd
                0x080061f8       0x58 /home/owen/workspace-rs5/StdPeriphLib_v100_STM32F4xx/Debug/libStdPeriphLib_v100_STM32F4xx.a(stm32f4xx_rcc.o)
                0x080061f8                RCC_APB1PeriphClockCmd
 .text.RCC_APB2PeriphClockCmd
                0x08006250       0x58 /home/owen/workspace-rs5/StdPeriphLib_v100_STM32F4xx/Debug/libStdPeriphLib_v100_STM32F4xx.a(stm32f4xx_rcc.o)
                0x08006250                RCC_APB2PeriphClockCmd
 .text.RCC_APB1PeriphResetCmd
                0x080062a8       0x58 /home/owen/workspace-rs5/StdPeriphLib_v100_STM32F4xx/Debug/libStdPeriphLib_v100_STM32F4xx.a(stm32f4xx_rcc.o)
                0x080062a8                RCC_APB1PeriphResetCmd
 .text.RCC_APB2PeriphResetCmd
                0x08006300       0x58 /home/owen/workspace-rs5/StdPeriphLib_v100_STM32F4xx/Debug/libStdPeriphLib_v100_STM32F4xx.a(stm32f4xx_rcc.o)
                0x08006300                RCC_APB2PeriphResetCmd
 .text.RNG_Cmd  0x08006358       0x4c /home/owen/workspace-rs5/StdPeriphLib_v100_STM32F4xx/Debug/libStdPeriphLib_v100_STM32F4xx.a(stm32f4xx_rng.o)
                0x08006358                RNG_Cmd
 .text.SPI_I2S_DeInit
                0x080063a4       0x88 /home/owen/workspace-rs5/StdPeriphLib_v100_STM32F4xx/Debug/libStdPeriphLib_v100_STM32F4xx.a(stm32f4xx_spi.o)
                0x080063a4                SPI_I2S_DeInit
 .text.I2S_Init
                0x0800642c      0x214 /home/owen/workspace-rs5/StdPeriphLib_v100_STM32F4xx/Debug/libStdPeriphLib_v100_STM32F4xx.a(stm32f4xx_spi.o)
                0x0800642c                I2S_Init
 .text.I2S_Cmd  0x08006640       0x40 /home/owen/workspace-rs5/StdPeriphLib_v100_STM32F4xx/Debug/libStdPeriphLib_v100_STM32F4xx.a(stm32f4xx_spi.o)
                0x08006640                I2S_Cmd
 .text.SPI_I2S_SendData
                0x08006680       0x1c /home/owen/workspace-rs5/StdPeriphLib_v100_STM32F4xx/Debug/libStdPeriphLib_v100_STM32F4xx.a(stm32f4xx_spi.o)
                0x08006680                SPI_I2S_SendData
 .text.SPI_I2S_ITConfig
                0x0800669c       0x6c /home/owen/workspace-rs5/StdPeriphLib_v100_STM32F4xx/Debug/libStdPeriphLib_v100_STM32F4xx.a(stm32f4xx_spi.o)
                0x0800669c                SPI_I2S_ITConfig
 .text.SPI_I2S_GetFlagStatus
                0x08006708       0x40 /home/owen/workspace-rs5/StdPeriphLib_v100_STM32F4xx/Debug/libStdPeriphLib_v100_STM32F4xx.a(stm32f4xx_spi.o)
                0x08006708                SPI_I2S_GetFlagStatus
 .text.TIM_TimeBaseInit
                0x08006748       0xf4 /home/owen/workspace-rs5/StdPeriphLib_v100_STM32F4xx/Debug/libStdPeriphLib_v100_STM32F4xx.a(stm32f4xx_tim.o)
                0x08006748                TIM_TimeBaseInit
 .text.TIM_TimeBaseStructInit
                0x0800683c       0x3c /home/owen/workspace-rs5/StdPeriphLib_v100_STM32F4xx/Debug/libStdPeriphLib_v100_STM32F4xx.a(stm32f4xx_tim.o)
                0x0800683c                TIM_TimeBaseStructInit
 .text.TIM_SetCounter
                0x08006878       0x1c /home/owen/workspace-rs5/StdPeriphLib_v100_STM32F4xx/Debug/libStdPeriphLib_v100_STM32F4xx.a(stm32f4xx_tim.o)
                0x08006878                TIM_SetCounter
 .text.TIM_GetCounter
                0x08006894       0x18 /home/owen/workspace-rs5/StdPeriphLib_v100_STM32F4xx/Debug/libStdPeriphLib_v100_STM32F4xx.a(stm32f4xx_tim.o)
                0x08006894                TIM_GetCounter
 .text.TIM_Cmd  0x080068ac       0x40 /home/owen/workspace-rs5/StdPeriphLib_v100_STM32F4xx/Debug/libStdPeriphLib_v100_STM32F4xx.a(stm32f4xx_tim.o)
                0x080068ac                TIM_Cmd
 .text.TIM_OC1Init
                0x080068ec       0xfc /home/owen/workspace-rs5/StdPeriphLib_v100_STM32F4xx/Debug/libStdPeriphLib_v100_STM32F4xx.a(stm32f4xx_tim.o)
                0x080068ec                TIM_OC1Init
 .text.TIM_OCStructInit
                0x080069e8       0x54 /home/owen/workspace-rs5/StdPeriphLib_v100_STM32F4xx/Debug/libStdPeriphLib_v100_STM32F4xx.a(stm32f4xx_tim.o)
                0x080069e8                TIM_OCStructInit
 .text.TIM_OC1PreloadConfig
                0x08006a3c       0x38 /home/owen/workspace-rs5/StdPeriphLib_v100_STM32F4xx/Debug/libStdPeriphLib_v100_STM32F4xx.a(stm32f4xx_tim.o)
                0x08006a3c                TIM_OC1PreloadConfig
 .text.TIM_CtrlPWMOutputs
                0x08006a74       0x50 /home/owen/workspace-rs5/StdPeriphLib_v100_STM32F4xx/Debug/libStdPeriphLib_v100_STM32F4xx.a(stm32f4xx_tim.o)
                0x08006a74                TIM_CtrlPWMOutputs
 .text.USART_Init
                0x08006ac4      0x1ac /home/owen/workspace-rs5/StdPeriphLib_v100_STM32F4xx/Debug/libStdPeriphLib_v100_STM32F4xx.a(stm32f4xx_usart.o)
                0x08006ac4                USART_Init
 .text.USART_Cmd
                0x08006c70       0x40 /home/owen/workspace-rs5/StdPeriphLib_v100_STM32F4xx/Debug/libStdPeriphLib_v100_STM32F4xx.a(stm32f4xx_usart.o)
                0x08006c70                USART_Cmd
 .text.USART_SendData
                0x08006cb0       0x28 /home/owen/workspace-rs5/StdPeriphLib_v100_STM32F4xx/Debug/libStdPeriphLib_v100_STM32F4xx.a(stm32f4xx_usart.o)
                0x08006cb0                USART_SendData
 .text.USART_ReceiveData
                0x08006cd8       0x24 /home/owen/workspace-rs5/StdPeriphLib_v100_STM32F4xx/Debug/libStdPeriphLib_v100_STM32F4xx.a(stm32f4xx_usart.o)
                0x08006cd8                USART_ReceiveData
 .text.USART_GetFlagStatus
                0x08006cfc       0x40 /home/owen/workspace-rs5/StdPeriphLib_v100_STM32F4xx/Debug/libStdPeriphLib_v100_STM32F4xx.a(stm32f4xx_usart.o)
                0x08006cfc                USART_GetFlagStatus
 .text.__weak_main
                0x08006d3c        0x4 /usr/local/redsuite_5.2.4_2122/redsuite/tools/bin/../lib/gcc/arm-none-eabi/4.6.2/../../../../arm-none-eabi/lib/armv7e-m/softfp/libcr_c.a(__weak__main.o)
                0x08006d3c                __main
                0x08006d3c                __weak_main
 *(.rodata .rodata.*)
                0x08006d40                . = ALIGN (0x4)

.glue_7         0x08006d40        0x0
 .glue_7        0x00000000        0x0 linker stubs

.glue_7t        0x08006d40        0x0
 .glue_7t       0x00000000        0x0 linker stubs

.vfp11_veneer   0x08006d40        0x0
 .vfp11_veneer  0x00000000        0x0 linker stubs

.v4_bx          0x08006d40        0x0
 .v4_bx         0x00000000        0x0 linker stubs

.ARM.extab
 *(.ARM.extab* .gnu.linkonce.armextab.*)
                0x08006d40                __exidx_start = .

.ARM.exidx
 *(.ARM.exidx* .gnu.linkonce.armexidx.*)
                0x08006d40                __exidx_end = .
                0x08006d40                _etext = .

.data_RAM2      0x2001c000        0x0 load address 0x08006d40
 FILL mask 0xff
 *(.data.$RAM2*)
 *(.data.$PeriphRam16*)
                0x2001c000                . = ALIGN (0x4)

.data_RAM3      0x10000000        0x0 load address 0x08006d40
 FILL mask 0xff
 *(.data.$RAM3*)
 *(.data.$Ram64*)
                0x10000000                . = ALIGN (0x4)

.uninit_RESERVED
                0x20000000        0x0
 *(.bss.$RESERVED*)
                0x20000000                . = ALIGN (0x4)
                0x20000000                _end_uninit_RESERVED = .

.data           0x20000000      0x1fc load address 0x08006d40
 FILL mask 0xff
                0x20000000                _data = .
 *(vtable)
 *(.data*)
 .data.hardware_index
                0x20000000        0x4 ./src/CS4344.o
                0x20000000                hardware_index
 .data.pitch_class
                0x20000004       0x30 ./src/audio.o
                0x20000004                pitch_class
 .data.semitone
                0x20000034      0x190 ./src/audio.o
                0x20000034                semitone
 .data.cv_clock_period
                0x200001c4        0x4 ./src/main.o
                0x200001c4                cv_clock_period
 .data.keys_history
                0x200001c8       0x20 ./src/pp6.o
                0x200001c8                keys_history
 .data.seq_playback_knobs_enabled
                0x200001e8        0x1 ./src/sequencer.o
 .data.seq_knob_1_playback_enabled
                0x200001e9        0x1 ./src/sequencer.o
 .data.seq_knob_2_playback_enabled
                0x200001ea        0x1 ./src/sequencer.o
 .data.seq_knob_3_playback_enabled
                0x200001eb        0x1 ./src/sequencer.o
 .data.APBAHBPrescTable
                0x200001ec       0x10 /home/owen/workspace-rs5/StdPeriphLib_v100_STM32F4xx/Debug/libStdPeriphLib_v100_STM32F4xx.a(stm32f4xx_rcc.o)
                0x200001fc                . = ALIGN (0x4)
                0x200001fc                _edata = .

.bss_RAM2       0x2001c000        0x0
 *(.bss.$RAM2*)
 *(.bss.$PeriphRam16*)
                0x2001c000                . = ALIGN (0x4)

.bss_RAM3       0x10000000        0x0
 *(.bss.$RAM3*)
 *(.bss.$Ram64*)
                0x10000000                . = ALIGN (0x4)

.bss            0x200001fc     0xd87c
                0x200001fc                _bss = .
 *(.bss*)
 .bss.software_index
                0x200001fc        0x4 ./src/CS4344.o
                0x200001fc                software_index
 .bss.sample_clock
                0x20000200        0x4 ./src/CS4344.o
                0x20000200                sample_clock
 .bss.sample_clock_last
                0x20000204        0x4 ./src/main.o
                0x20000204                sample_clock_last
 .bss.led_counter
                0x20000208        0x4 ./src/main.o
                0x20000208                led_counter
 .bss.aux_led_color
                0x2000020c        0x1 ./src/main.o
                0x2000020c                aux_led_color
 .bss.uart_recv_buf_write
                0x2000020d        0x1 ./src/main.o
                0x2000020d                uart_recv_buf_write
 .bss.uart_recv_buf_read
                0x2000020e        0x1 ./src/main.o
                0x2000020e                uart_recv_buf_read
 *fill*         0x2000020f        0x1 00
 .bss.gate_time
                0x20000210        0x4 ./src/main.o
                0x20000210                gate_time
 .bss.gate_reset
                0x20000214        0x4 ./src/main.o
                0x20000214                gate_reset
 .bss.trig_time
                0x20000218        0x1 ./src/main.o
                0x20000218                trig_time
 .bss.current_midi_clock
                0x20000219        0x1 ./src/main.o
                0x20000219                current_midi_clock
 .bss.last_midi_note
                0x2000021a        0x1 ./src/main.o
                0x2000021a                last_midi_note
 .bss.current_midi_note
                0x2000021b        0x1 ./src/main.o
                0x2000021b                current_midi_note
 .bss.period    0x2000021c        0x4 ./src/main.o
                0x2000021c                period
 .bss.arp_count
                0x20000220        0x4 ./src/main.o
                0x20000220                arp_count
 .bss.arp_tick  0x20000224        0x4 ./src/main.o
                0x20000224                arp_tick
 .bss.current_note
                0x20000228        0x1 ./src/main.o
                0x20000228                current_note
 .bss.oct       0x20000229        0x1 ./src/main.o
                0x20000229                oct
 *fill*         0x2000022a        0x2 00
 .bss.cv_clock_state_history
                0x2000022c        0x4 ./src/main.o
                0x2000022c                cv_clock_state_history
 .bss.cv_clock_state_history_index
                0x20000230        0x1 ./src/main.o
                0x20000230                cv_clock_state_history_index
 .bss.cv_clock_state
                0x20000231        0x1 ./src/main.o
                0x20000231                cv_clock_state
 .bss.cv_clock_state_last
                0x20000232        0x1 ./src/main.o
                0x20000232                cv_clock_state_last
 *fill*         0x20000233        0x1 00
 .bss.cv_clock_last_tick
                0x20000234        0x4 ./src/main.o
                0x20000234                cv_clock_last_tick
 .bss.tuning_mode
                0x20000238        0x1 ./src/main.o
                0x20000238                tuning_mode
 *fill*         0x20000239        0x3 00
 .bss.aux_button_depress_time
                0x2000023c        0x4 ./src/main.o
                0x2000023c                aux_button_depress_time
 .bss.history_index.9600
                0x20000240        0x1 ./src/pp6.o
 .bss.channel.9564
                0x20000241        0x1 ./src/pp6.o
 *fill*         0x20000242        0x2 00
 .bss.knobs.9565
                0x20000244       0x14 ./src/pp6.o
 .bss.seq_deltas
                0x20000258      0x400 ./src/sequencer.o
 .bss.seq_notes
                0x20000658      0x400 ./src/sequencer.o
 .bss.seq_events
                0x20000a58      0x400 ./src/sequencer.o
 .bss.seq_index
                0x20000e58        0x4 ./src/sequencer.o
 .bss.seq_time  0x20000e5c        0x4 ./src/sequencer.o
 .bss.seq_length
                0x20000e60        0x4 ./src/sequencer.o
 .bss.seq_status
                0x20000e64        0x1 ./src/sequencer.o
 .bss.seq_auto_stop
                0x20000e65        0x1 ./src/sequencer.o
 *fill*         0x20000e66        0x2 00
 .bss.first_time_thru
                0x20000e68        0x4 ./src/sequencer.o
 .bss.knob_log  0x20000e6c     0xc000 ./src/sequencer.o
 .bss.seq_note_state
                0x2000ce6c       0x80 ./src/sequencer.o
 .bss.seq_notes_on_at_start
                0x2000ceec       0x80 ./src/sequencer.o
 .bss.uart_tx_buf
                0x2000cf6c       0x40 ./src/uart.o
 .bss.uart_tx_buf_write
                0x2000cfac        0x1 ./src/uart.o
 .bss.uart_tx_buf_read
                0x2000cfad        0x1 ./src/uart.o
 *(COMMON)
 *fill*         0x2000cfae        0x2 00
 COMMON         0x2000cfb0      0x400 ./src/CS4344.o
                0x2000cfb0                play_buf
 COMMON         0x2000d3b0      0x478 ./src/main.o
                0x2000d3b0                cents
                0x2000d3b4                rate
                0x2000d3b8                dur
                0x2000d3bc                recvArg0_
                0x2000d3c0                channelIn_
                0x2000d3c4                tune
                0x2000d3c8                uart_recv_buf
                0x2000d3e8                nl
                0x2000d5ec                glide_step
                0x2000d5f0                recvEvent_
                0x2000d5f4                i
                0x2000d5f8                v
                0x2000d5fc                tmp8
                0x2000d600                cents_target
                0x2000d604                glide
                0x2000d608                transformed
                0x2000d80c                recvMode_
                0x2000d810                recvByteCount_
                0x2000d814                sendFullCommands_
                0x2000d816                s
                0x2000d818                recvBytesNeeded_
                0x2000d81c                oct_delta
                0x2000d820                lastStatusSent_
                0x2000d824                range
 COMMON         0x2000d828      0x250 ./src/pp6.o
                0x2000d828                pp6
                0x2000da78                . = ALIGN (0x4)
                0x2000da78                _ebss = .
                0x2000da78                PROVIDE (end, .)

.noinit_RAM2    0x2001c000        0x0
 *(.noinit.$RAM2*)
 *(.noinit.$PeriphRam16*)
                0x2001c000                . = ALIGN (0x4)

.noinit_RAM3    0x10000000        0x0
 *(.noinit.$RAM3*)
 *(.noinit.$Ram64*)
                0x10000000                . = ALIGN (0x4)

.noinit         0x2000da78        0x0
                0x2000da78                _noinit = .
 *(.noinit*)
                0x2000da78                . = ALIGN (0x4)
                0x2000da78                _end_noinit = .
                0x2000da78                PROVIDE (_pvHeapStart, .)
                0x2001c000                PROVIDE (_vStackTop, (__top_Ram112 - 0x0))
OUTPUT(MelodyMill.axf elf32-littlearm)

.debug_info     0x00000000     0xbe03
 .debug_info    0x00000000      0x7cb ./src/CS4344.o
 .debug_info    0x000007cb      0x196 ./src/audio.o
 .debug_info    0x00000961      0x31b ./src/cr_startup_stm32f4xx.o
 .debug_info    0x00000c7c      0xab7 ./src/main.o
 .debug_info    0x00001733      0x849 ./src/midi.o
 .debug_info    0x00001f7c      0x4ec ./src/notelist.o
 .debug_info    0x00002468      0x956 ./src/oscillator.o
 .debug_info    0x00002dbe     0x1293 ./src/pp6.o
 .debug_info    0x00004051      0x6e8 ./src/pwm.o
 .debug_info    0x00004739      0x1c6 ./src/sad.o
 .debug_info    0x000048ff      0x242 ./src/sadsr.o
 .debug_info    0x00004b41      0x58b ./src/sequencer.o
 .debug_info    0x000050cc      0x625 ./src/system_stm32f4xx.o
 .debug_info    0x000056f1      0x3be ./src/timer.o
 .debug_info    0x00005aaf      0x4b4 ./src/uart.o
 .debug_info    0x00005f63      0x59c /home/owen/workspace-rs5/StdPeriphLib_v100_STM32F4xx/Debug/libStdPeriphLib_v100_STM32F4xx.a(misc.o)
 .debug_info    0x000064ff      0xcfd /home/owen/workspace-rs5/StdPeriphLib_v100_STM32F4xx/Debug/libStdPeriphLib_v100_STM32F4xx.a(stm32f4xx_adc.o)
 .debug_info    0x000071fc      0x641 /home/owen/workspace-rs5/StdPeriphLib_v100_STM32F4xx/Debug/libStdPeriphLib_v100_STM32F4xx.a(stm32f4xx_gpio.o)
 .debug_info    0x0000783d      0xd2c /home/owen/workspace-rs5/StdPeriphLib_v100_STM32F4xx/Debug/libStdPeriphLib_v100_STM32F4xx.a(stm32f4xx_rcc.o)
 .debug_info    0x00008569      0x299 /home/owen/workspace-rs5/StdPeriphLib_v100_STM32F4xx/Debug/libStdPeriphLib_v100_STM32F4xx.a(stm32f4xx_rng.o)
 .debug_info    0x00008802      0xbd4 /home/owen/workspace-rs5/StdPeriphLib_v100_STM32F4xx/Debug/libStdPeriphLib_v100_STM32F4xx.a(stm32f4xx_spi.o)
 .debug_info    0x000093d6     0x1e30 /home/owen/workspace-rs5/StdPeriphLib_v100_STM32F4xx/Debug/libStdPeriphLib_v100_STM32F4xx.a(stm32f4xx_tim.o)
 .debug_info    0x0000b206      0xa57 /home/owen/workspace-rs5/StdPeriphLib_v100_STM32F4xx/Debug/libStdPeriphLib_v100_STM32F4xx.a(stm32f4xx_usart.o)
 .debug_info    0x0000bc5d      0x1a6 /home/owen/workspace-rs5/CMSISv2p10_DSPLIB_CM4/lib/libCMSISv2p10_DSPLIB_CM4.a(arm_sin_f32.o)

.debug_abbrev   0x00000000     0x1ee3
 .debug_abbrev  0x00000000      0x17e ./src/CS4344.o
 .debug_abbrev  0x0000017e       0xc2 ./src/audio.o
 .debug_abbrev  0x00000240      0x119 ./src/cr_startup_stm32f4xx.o
 .debug_abbrev  0x00000359      0x1ae ./src/main.o
 .debug_abbrev  0x00000507      0x132 ./src/midi.o
 .debug_abbrev  0x00000639       0xed ./src/notelist.o
 .debug_abbrev  0x00000726      0x14f ./src/oscillator.o
 .debug_abbrev  0x00000875      0x253 ./src/pp6.o
 .debug_abbrev  0x00000ac8      0x137 ./src/pwm.o
 .debug_abbrev  0x00000bff       0xdd ./src/sad.o
 .debug_abbrev  0x00000cdc       0xe1 ./src/sadsr.o
 .debug_abbrev  0x00000dbd      0x163 ./src/sequencer.o
 .debug_abbrev  0x00000f20      0x144 ./src/system_stm32f4xx.o
 .debug_abbrev  0x00001064      0x109 ./src/timer.o
 .debug_abbrev  0x0000116d      0x12f ./src/uart.o
 .debug_abbrev  0x0000129c      0x12a /home/owen/workspace-rs5/StdPeriphLib_v100_STM32F4xx/Debug/libStdPeriphLib_v100_STM32F4xx.a(misc.o)
 .debug_abbrev  0x000013c6      0x18d /home/owen/workspace-rs5/StdPeriphLib_v100_STM32F4xx/Debug/libStdPeriphLib_v100_STM32F4xx.a(stm32f4xx_adc.o)
 .debug_abbrev  0x00001553      0x186 /home/owen/workspace-rs5/StdPeriphLib_v100_STM32F4xx/Debug/libStdPeriphLib_v100_STM32F4xx.a(stm32f4xx_gpio.o)
 .debug_abbrev  0x000016d9      0x1bb /home/owen/workspace-rs5/StdPeriphLib_v100_STM32F4xx/Debug/libStdPeriphLib_v100_STM32F4xx.a(stm32f4xx_rcc.o)
 .debug_abbrev  0x00001894      0x13b /home/owen/workspace-rs5/StdPeriphLib_v100_STM32F4xx/Debug/libStdPeriphLib_v100_STM32F4xx.a(stm32f4xx_rng.o)
 .debug_abbrev  0x000019cf      0x164 /home/owen/workspace-rs5/StdPeriphLib_v100_STM32F4xx/Debug/libStdPeriphLib_v100_STM32F4xx.a(stm32f4xx_spi.o)
 .debug_abbrev  0x00001b33      0x167 /home/owen/workspace-rs5/StdPeriphLib_v100_STM32F4xx/Debug/libStdPeriphLib_v100_STM32F4xx.a(stm32f4xx_tim.o)
 .debug_abbrev  0x00001c9a      0x152 /home/owen/workspace-rs5/StdPeriphLib_v100_STM32F4xx/Debug/libStdPeriphLib_v100_STM32F4xx.a(stm32f4xx_usart.o)
 .debug_abbrev  0x00001dec       0xf7 /home/owen/workspace-rs5/CMSISv2p10_DSPLIB_CM4/lib/libCMSISv2p10_DSPLIB_CM4.a(arm_sin_f32.o)

.debug_loc      0x00000000     0x6572
 .debug_loc     0x00000000       0x70 ./src/CS4344.o
 .debug_loc     0x00000070       0x70 ./src/audio.o
 .debug_loc     0x000000e0      0x102 ./src/cr_startup_stm32f4xx.o
 .debug_loc     0x000001e2      0x254 ./src/main.o
 .debug_loc     0x00000436      0x738 ./src/midi.o
 .debug_loc     0x00000b6e      0x34c ./src/notelist.o
 .debug_loc     0x00000eba      0x462 ./src/oscillator.o
 .debug_loc     0x0000131c     0x101c ./src/pp6.o
 .debug_loc     0x00002338       0xa8 ./src/pwm.o
 .debug_loc     0x000023e0       0xe0 ./src/sad.o
 .debug_loc     0x000024c0      0x150 ./src/sadsr.o
 .debug_loc     0x00002610      0x598 ./src/sequencer.o
 .debug_loc     0x00002ba8       0x9c ./src/system_stm32f4xx.o
 .debug_loc     0x00002c44       0x90 ./src/timer.o
 .debug_loc     0x00002cd4       0x9c ./src/uart.o
 .debug_loc     0x00002d70      0x118 /home/owen/workspace-rs5/StdPeriphLib_v100_STM32F4xx/Debug/libStdPeriphLib_v100_STM32F4xx.a(misc.o)
 .debug_loc     0x00002e88      0x838 /home/owen/workspace-rs5/StdPeriphLib_v100_STM32F4xx/Debug/libStdPeriphLib_v100_STM32F4xx.a(stm32f4xx_adc.o)
 .debug_loc     0x000036c0      0x310 /home/owen/workspace-rs5/StdPeriphLib_v100_STM32F4xx/Debug/libStdPeriphLib_v100_STM32F4xx.a(stm32f4xx_gpio.o)
 .debug_loc     0x000039d0      0x97c /home/owen/workspace-rs5/StdPeriphLib_v100_STM32F4xx/Debug/libStdPeriphLib_v100_STM32F4xx.a(stm32f4xx_rcc.o)
 .debug_loc     0x0000434c      0x1a8 /home/owen/workspace-rs5/StdPeriphLib_v100_STM32F4xx/Debug/libStdPeriphLib_v100_STM32F4xx.a(stm32f4xx_rng.o)
 .debug_loc     0x000044f4      0x578 /home/owen/workspace-rs5/StdPeriphLib_v100_STM32F4xx/Debug/libStdPeriphLib_v100_STM32F4xx.a(stm32f4xx_spi.o)
 .debug_loc     0x00004a6c     0x1420 /home/owen/workspace-rs5/StdPeriphLib_v100_STM32F4xx/Debug/libStdPeriphLib_v100_STM32F4xx.a(stm32f4xx_tim.o)
 .debug_loc     0x00005e8c      0x658 /home/owen/workspace-rs5/StdPeriphLib_v100_STM32F4xx/Debug/libStdPeriphLib_v100_STM32F4xx.a(stm32f4xx_usart.o)
 .debug_loc     0x000064e4       0x8e /home/owen/workspace-rs5/CMSISv2p10_DSPLIB_CM4/lib/libCMSISv2p10_DSPLIB_CM4.a(arm_sin_f32.o)

.debug_aranges  0x00000000     0x11a8
 .debug_aranges
                0x00000000       0x28 ./src/CS4344.o
 .debug_aranges
                0x00000028       0x28 ./src/audio.o
 .debug_aranges
                0x00000050       0x80 ./src/cr_startup_stm32f4xx.o
 .debug_aranges
                0x000000d0       0x80 ./src/main.o
 .debug_aranges
                0x00000150      0x138 ./src/midi.o
 .debug_aranges
                0x00000288       0x90 ./src/notelist.o
 .debug_aranges
                0x00000318       0xb8 ./src/oscillator.o
 .debug_aranges
                0x000003d0      0x2c0 ./src/pp6.o
 .debug_aranges
                0x00000690       0x30 ./src/pwm.o
 .debug_aranges
                0x000006c0       0x38 ./src/sad.o
 .debug_aranges
                0x000006f8       0x48 ./src/sadsr.o
 .debug_aranges
                0x00000740      0x100 ./src/sequencer.o
 .debug_aranges
                0x00000840       0x30 ./src/system_stm32f4xx.o
 .debug_aranges
                0x00000870       0x30 ./src/timer.o
 .debug_aranges
                0x000008a0       0x30 ./src/uart.o
 .debug_aranges
                0x000008d0       0x40 /home/owen/workspace-rs5/StdPeriphLib_v100_STM32F4xx/Debug/libStdPeriphLib_v100_STM32F4xx.a(misc.o)
 .debug_aranges
                0x00000910      0x148 /home/owen/workspace-rs5/StdPeriphLib_v100_STM32F4xx/Debug/libStdPeriphLib_v100_STM32F4xx.a(stm32f4xx_adc.o)
 .debug_aranges
                0x00000a58       0x88 /home/owen/workspace-rs5/StdPeriphLib_v100_STM32F4xx/Debug/libStdPeriphLib_v100_STM32F4xx.a(stm32f4xx_gpio.o)
 .debug_aranges
                0x00000ae0      0x178 /home/owen/workspace-rs5/StdPeriphLib_v100_STM32F4xx/Debug/libStdPeriphLib_v100_STM32F4xx.a(stm32f4xx_rcc.o)
 .debug_aranges
                0x00000c58       0x58 /home/owen/workspace-rs5/StdPeriphLib_v100_STM32F4xx/Debug/libStdPeriphLib_v100_STM32F4xx.a(stm32f4xx_rng.o)
 .debug_aranges
                0x00000cb0       0xe0 /home/owen/workspace-rs5/StdPeriphLib_v100_STM32F4xx/Debug/libStdPeriphLib_v100_STM32F4xx.a(stm32f4xx_spi.o)
 .debug_aranges
                0x00000d90      0x2f8 /home/owen/workspace-rs5/StdPeriphLib_v100_STM32F4xx/Debug/libStdPeriphLib_v100_STM32F4xx.a(stm32f4xx_tim.o)
 .debug_aranges
                0x00001088      0x100 /home/owen/workspace-rs5/StdPeriphLib_v100_STM32F4xx/Debug/libStdPeriphLib_v100_STM32F4xx.a(stm32f4xx_usart.o)
 .debug_aranges
                0x00001188       0x20 /home/owen/workspace-rs5/CMSISv2p10_DSPLIB_CM4/lib/libCMSISv2p10_DSPLIB_CM4.a(arm_sin_f32.o)

.debug_ranges   0x00000000     0x1028
 .debug_ranges  0x00000000       0x18 ./src/CS4344.o
 .debug_ranges  0x00000018       0x18 ./src/audio.o
 .debug_ranges  0x00000030       0x70 ./src/cr_startup_stm32f4xx.o
 .debug_ranges  0x000000a0       0x70 ./src/main.o
 .debug_ranges  0x00000110      0x128 ./src/midi.o
 .debug_ranges  0x00000238       0x80 ./src/notelist.o
 .debug_ranges  0x000002b8       0xa8 ./src/oscillator.o
 .debug_ranges  0x00000360      0x2b0 ./src/pp6.o
 .debug_ranges  0x00000610       0x20 ./src/pwm.o
 .debug_ranges  0x00000630       0x28 ./src/sad.o
 .debug_ranges  0x00000658       0x38 ./src/sadsr.o
 .debug_ranges  0x00000690       0xf0 ./src/sequencer.o
 .debug_ranges  0x00000780       0x20 ./src/system_stm32f4xx.o
 .debug_ranges  0x000007a0       0x20 ./src/timer.o
 .debug_ranges  0x000007c0       0x20 ./src/uart.o
 .debug_ranges  0x000007e0       0x30 /home/owen/workspace-rs5/StdPeriphLib_v100_STM32F4xx/Debug/libStdPeriphLib_v100_STM32F4xx.a(misc.o)
 .debug_ranges  0x00000810      0x138 /home/owen/workspace-rs5/StdPeriphLib_v100_STM32F4xx/Debug/libStdPeriphLib_v100_STM32F4xx.a(stm32f4xx_adc.o)
 .debug_ranges  0x00000948       0x78 /home/owen/workspace-rs5/StdPeriphLib_v100_STM32F4xx/Debug/libStdPeriphLib_v100_STM32F4xx.a(stm32f4xx_gpio.o)
 .debug_ranges  0x000009c0      0x168 /home/owen/workspace-rs5/StdPeriphLib_v100_STM32F4xx/Debug/libStdPeriphLib_v100_STM32F4xx.a(stm32f4xx_rcc.o)
 .debug_ranges  0x00000b28       0x48 /home/owen/workspace-rs5/StdPeriphLib_v100_STM32F4xx/Debug/libStdPeriphLib_v100_STM32F4xx.a(stm32f4xx_rng.o)
 .debug_ranges  0x00000b70       0xd0 /home/owen/workspace-rs5/StdPeriphLib_v100_STM32F4xx/Debug/libStdPeriphLib_v100_STM32F4xx.a(stm32f4xx_spi.o)
 .debug_ranges  0x00000c40      0x2e8 /home/owen/workspace-rs5/StdPeriphLib_v100_STM32F4xx/Debug/libStdPeriphLib_v100_STM32F4xx.a(stm32f4xx_tim.o)
 .debug_ranges  0x00000f28       0xf0 /home/owen/workspace-rs5/StdPeriphLib_v100_STM32F4xx/Debug/libStdPeriphLib_v100_STM32F4xx.a(stm32f4xx_usart.o)
 .debug_ranges  0x00001018       0x10 /home/owen/workspace-rs5/CMSISv2p10_DSPLIB_CM4/lib/libCMSISv2p10_DSPLIB_CM4.a(arm_sin_f32.o)

.debug_line     0x00000000     0xb6ad
 .debug_line    0x00000000      0x634 ./src/CS4344.o
 .debug_line    0x00000634      0x463 ./src/audio.o
 .debug_line    0x00000a97      0x65e ./src/cr_startup_stm32f4xx.o
 .debug_line    0x000010f5      0xaa2 ./src/main.o
 .debug_line    0x00001b97      0x9dd ./src/midi.o
 .debug_line    0x00002574      0x66e ./src/notelist.o
 .debug_line    0x00002be2      0x647 ./src/oscillator.o
 .debug_line    0x00003229      0xfb2 ./src/pp6.o
 .debug_line    0x000041db      0x70f ./src/pwm.o
 .debug_line    0x000048ea      0x48e ./src/sad.o
 .debug_line    0x00004d78      0x4bc ./src/sadsr.o
 .debug_line    0x00005234      0x71a ./src/sequencer.o
 .debug_line    0x0000594e      0x674 ./src/system_stm32f4xx.o
 .debug_line    0x00005fc2      0x61e ./src/timer.o
 .debug_line    0x000065e0      0x62e ./src/uart.o
 .debug_line    0x00006c0e      0x645 /home/owen/workspace-rs5/StdPeriphLib_v100_STM32F4xx/Debug/libStdPeriphLib_v100_STM32F4xx.a(misc.o)
 .debug_line    0x00007253      0x94b /home/owen/workspace-rs5/StdPeriphLib_v100_STM32F4xx/Debug/libStdPeriphLib_v100_STM32F4xx.a(stm32f4xx_adc.o)
 .debug_line    0x00007b9e      0x735 /home/owen/workspace-rs5/StdPeriphLib_v100_STM32F4xx/Debug/libStdPeriphLib_v100_STM32F4xx.a(stm32f4xx_gpio.o)
 .debug_line    0x000082d3      0x993 /home/owen/workspace-rs5/StdPeriphLib_v100_STM32F4xx/Debug/libStdPeriphLib_v100_STM32F4xx.a(stm32f4xx_rcc.o)
 .debug_line    0x00008c66      0x67f /home/owen/workspace-rs5/StdPeriphLib_v100_STM32F4xx/Debug/libStdPeriphLib_v100_STM32F4xx.a(stm32f4xx_rng.o)
 .debug_line    0x000092e5      0x84b /home/owen/workspace-rs5/StdPeriphLib_v100_STM32F4xx/Debug/libStdPeriphLib_v100_STM32F4xx.a(stm32f4xx_spi.o)
 .debug_line    0x00009b30      0xe70 /home/owen/workspace-rs5/StdPeriphLib_v100_STM32F4xx/Debug/libStdPeriphLib_v100_STM32F4xx.a(stm32f4xx_tim.o)
 .debug_line    0x0000a9a0      0x886 /home/owen/workspace-rs5/StdPeriphLib_v100_STM32F4xx/Debug/libStdPeriphLib_v100_STM32F4xx.a(stm32f4xx_usart.o)
 .debug_line    0x0000b226      0x487 /home/owen/workspace-rs5/CMSISv2p10_DSPLIB_CM4/lib/libCMSISv2p10_DSPLIB_CM4.a(arm_sin_f32.o)

.debug_macinfo  0x00000000   0x63ce60
 .debug_macinfo
                0x00000000    0x5bcdb ./src/CS4344.o
 .debug_macinfo
                0x0005bcdb     0x5044 ./src/audio.o
 .debug_macinfo
                0x00060d1f    0x5baca ./src/cr_startup_stm32f4xx.o
 .debug_macinfo
                0x000bc7e9    0x5cccd ./src/main.o
 .debug_macinfo
                0x001194b6    0x5c987 ./src/midi.o
 .debug_macinfo
                0x00175e3d     0x4fc6 ./src/notelist.o
 .debug_macinfo
                0x0017ae03     0x5069 ./src/oscillator.o
 .debug_macinfo
                0x0017fe6c    0x5c79c ./src/pp6.o
 .debug_macinfo
                0x001dc608    0x5c22b ./src/pwm.o
 .debug_macinfo
                0x00238833     0x5052 ./src/sad.o
 .debug_macinfo
                0x0023d885     0x5054 ./src/sadsr.o
 .debug_macinfo
                0x002428d9     0x5500 ./src/sequencer.o
 .debug_macinfo
                0x00247dd9    0x5bacd ./src/system_stm32f4xx.o
 .debug_macinfo
                0x002a38a6    0x5ba79 ./src/timer.o
 .debug_macinfo
                0x002ff31f    0x5ba78 ./src/uart.o
 .debug_macinfo
                0x0035ad97    0x5ba7b /home/owen/workspace-rs5/StdPeriphLib_v100_STM32F4xx/Debug/libStdPeriphLib_v100_STM32F4xx.a(misc.o)
 .debug_macinfo
                0x003b6812    0x5bd69 /home/owen/workspace-rs5/StdPeriphLib_v100_STM32F4xx/Debug/libStdPeriphLib_v100_STM32F4xx.a(stm32f4xx_adc.o)
 .debug_macinfo
                0x0041257b    0x5ba4f /home/owen/workspace-rs5/StdPeriphLib_v100_STM32F4xx/Debug/libStdPeriphLib_v100_STM32F4xx.a(stm32f4xx_gpio.o)
 .debug_macinfo
                0x0046dfca    0x5bf5b /home/owen/workspace-rs5/StdPeriphLib_v100_STM32F4xx/Debug/libStdPeriphLib_v100_STM32F4xx.a(stm32f4xx_rcc.o)
 .debug_macinfo
                0x004c9f25    0x5ba4f /home/owen/workspace-rs5/StdPeriphLib_v100_STM32F4xx/Debug/libStdPeriphLib_v100_STM32F4xx.a(stm32f4xx_rng.o)
 .debug_macinfo
                0x00525974    0x5bb3c /home/owen/workspace-rs5/StdPeriphLib_v100_STM32F4xx/Debug/libStdPeriphLib_v100_STM32F4xx.a(stm32f4xx_spi.o)
 .debug_macinfo
                0x005814b0    0x5bb28 /home/owen/workspace-rs5/StdPeriphLib_v100_STM32F4xx/Debug/libStdPeriphLib_v100_STM32F4xx.a(stm32f4xx_tim.o)
 .debug_macinfo
                0x005dcfd8    0x5bb7b /home/owen/workspace-rs5/StdPeriphLib_v100_STM32F4xx/Debug/libStdPeriphLib_v100_STM32F4xx.a(stm32f4xx_usart.o)
 .debug_macinfo
                0x00638b53     0x430d /home/owen/workspace-rs5/CMSISv2p10_DSPLIB_CM4/lib/libCMSISv2p10_DSPLIB_CM4.a(arm_sin_f32.o)

.debug_str      0x00000000     0x45b4
 .debug_str     0x00000000      0x976 ./src/CS4344.o
                                0x9b3 (size before relaxing)
 .debug_str     0x00000976       0x54 ./src/audio.o
                                0x149 (size before relaxing)
 .debug_str     0x000009ca      0x179 ./src/cr_startup_stm32f4xx.o
                                0x280 (size before relaxing)
 .debug_str     0x00000b43      0x382 ./src/main.o
                                0x5a4 (size before relaxing)
 .debug_str     0x00000ec5      0x263 ./src/midi.o
                                0x414 (size before relaxing)
 .debug_str     0x00001128      0x162 ./src/notelist.o
                                0x2a3 (size before relaxing)
 .debug_str     0x0000128a      0x2a2 ./src/oscillator.o
                                0x3ea (size before relaxing)
 .debug_str     0x0000152c      0x958 ./src/pp6.o
                                0xdbf (size before relaxing)
 .debug_str     0x00001e84      0x1ce ./src/pwm.o
                                0x501 (size before relaxing)
 .debug_str     0x00002052       0x74 ./src/sad.o
                                0x178 (size before relaxing)
 .debug_str     0x000020c6       0x85 ./src/sadsr.o
                                0x1bf (size before relaxing)
 .debug_str     0x0000214b      0x31d ./src/sequencer.o
                                0x452 (size before relaxing)
 .debug_str     0x00002468      0x1b8 ./src/system_stm32f4xx.o
                                0x337 (size before relaxing)
 .debug_str     0x00002620       0x35 ./src/timer.o
                                0x2be (size before relaxing)
 .debug_str     0x00002655       0xf0 ./src/uart.o
                                0x411 (size before relaxing)
 .debug_str     0x00002745      0x16c /home/owen/workspace-rs5/StdPeriphLib_v100_STM32F4xx/Debug/libStdPeriphLib_v100_STM32F4xx.a(misc.o)
                                0x371 (size before relaxing)
 .debug_str     0x000028b1      0x4d6 /home/owen/workspace-rs5/StdPeriphLib_v100_STM32F4xx/Debug/libStdPeriphLib_v100_STM32F4xx.a(stm32f4xx_adc.o)
                                0x79c (size before relaxing)
 .debug_str     0x00002d87      0x171 /home/owen/workspace-rs5/StdPeriphLib_v100_STM32F4xx/Debug/libStdPeriphLib_v100_STM32F4xx.a(stm32f4xx_gpio.o)
                                0x43b (size before relaxing)
 .debug_str     0x00002ef8      0x537 /home/owen/workspace-rs5/StdPeriphLib_v100_STM32F4xx/Debug/libStdPeriphLib_v100_STM32F4xx.a(stm32f4xx_rcc.o)
                                0x7e8 (size before relaxing)
 .debug_str     0x0000342f       0xad /home/owen/workspace-rs5/StdPeriphLib_v100_STM32F4xx/Debug/libStdPeriphLib_v100_STM32F4xx.a(stm32f4xx_rng.o)
                                0x21c (size before relaxing)
 .debug_str     0x000034dc      0x2e6 /home/owen/workspace-rs5/StdPeriphLib_v100_STM32F4xx/Debug/libStdPeriphLib_v100_STM32F4xx.a(stm32f4xx_spi.o)
                                0x622 (size before relaxing)
 .debug_str     0x000037c2      0x9cc /home/owen/workspace-rs5/StdPeriphLib_v100_STM32F4xx/Debug/libStdPeriphLib_v100_STM32F4xx.a(stm32f4xx_tim.o)
                                0xd68 (size before relaxing)
 .debug_str     0x0000418e      0x378 /home/owen/workspace-rs5/StdPeriphLib_v100_STM32F4xx/Debug/libStdPeriphLib_v100_STM32F4xx.a(stm32f4xx_usart.o)
                                0x627 (size before relaxing)
 .debug_str     0x00004506       0xae /home/owen/workspace-rs5/CMSISv2p10_DSPLIB_CM4/lib/libCMSISv2p10_DSPLIB_CM4.a(arm_sin_f32.o)
                                0x14e (size before relaxing)

.comment        0x00000000      0x10a
 .comment       0x00000000       0x70 ./src/CS4344.o
                                 0x71 (size before relaxing)
 .comment       0x00000000       0x71 ./src/audio.o
 .comment       0x00000000       0x71 ./src/cr_startup_stm32f4xx.o
 .comment       0x00000000       0x71 ./src/main.o
 .comment       0x00000000       0x71 ./src/midi.o
 .comment       0x00000000       0x71 ./src/notelist.o
 .comment       0x00000000       0x71 ./src/oscillator.o
 .comment       0x00000000       0x71 ./src/pp6.o
 .comment       0x00000000       0x71 ./src/pwm.o
 .comment       0x00000000       0x71 ./src/sad.o
 .comment       0x00000000       0x71 ./src/sadsr.o
 .comment       0x00000000       0x71 ./src/sequencer.o
 .comment       0x00000000       0x71 ./src/system_stm32f4xx.o
 .comment       0x00000000       0x71 ./src/timer.o
 .comment       0x00000000       0x71 ./src/uart.o
 .comment       0x00000000       0x71 /home/owen/workspace-rs5/StdPeriphLib_v100_STM32F4xx/Debug/libStdPeriphLib_v100_STM32F4xx.a(misc.o)
 .comment       0x00000000       0x71 /home/owen/workspace-rs5/StdPeriphLib_v100_STM32F4xx/Debug/libStdPeriphLib_v100_STM32F4xx.a(stm32f4xx_adc.o)
 .comment       0x00000000       0x71 /home/owen/workspace-rs5/StdPeriphLib_v100_STM32F4xx/Debug/libStdPeriphLib_v100_STM32F4xx.a(stm32f4xx_gpio.o)
 .comment       0x00000000       0x71 /home/owen/workspace-rs5/StdPeriphLib_v100_STM32F4xx/Debug/libStdPeriphLib_v100_STM32F4xx.a(stm32f4xx_rcc.o)
 .comment       0x00000000       0x71 /home/owen/workspace-rs5/StdPeriphLib_v100_STM32F4xx/Debug/libStdPeriphLib_v100_STM32F4xx.a(stm32f4xx_rng.o)
 .comment       0x00000000       0x71 /home/owen/workspace-rs5/StdPeriphLib_v100_STM32F4xx/Debug/libStdPeriphLib_v100_STM32F4xx.a(stm32f4xx_spi.o)
 .comment       0x00000000       0x71 /home/owen/workspace-rs5/StdPeriphLib_v100_STM32F4xx/Debug/libStdPeriphLib_v100_STM32F4xx.a(stm32f4xx_tim.o)
 .comment       0x00000000       0x71 /home/owen/workspace-rs5/StdPeriphLib_v100_STM32F4xx/Debug/libStdPeriphLib_v100_STM32F4xx.a(stm32f4xx_usart.o)
 .comment       0x00000070       0x2a /home/owen/workspace-rs5/CMSISv2p10_DSPLIB_CM4/lib/libCMSISv2p10_DSPLIB_CM4.a(arm_sin_f32.o)
                                 0x2b (size before relaxing)
 .comment       0x0000009a       0x70 /usr/local/redsuite_5.2.4_2122/redsuite/tools/bin/../lib/gcc/arm-none-eabi/4.6.2/../../../../arm-none-eabi/lib/armv7e-m/softfp/libcr_c.a(__weak__main.o)
                                 0x71 (size before relaxing)

.ARM.attributes
                0x00000000       0x39
 .ARM.attributes
                0x00000000       0x39 ./src/CS4344.o
 .ARM.attributes
                0x00000039       0x39 ./src/audio.o
 .ARM.attributes
                0x00000072       0x39 ./src/cr_startup_stm32f4xx.o
 .ARM.attributes
                0x000000ab       0x39 ./src/main.o
 .ARM.attributes
                0x000000e4       0x39 ./src/midi.o
 .ARM.attributes
                0x0000011d       0x39 ./src/notelist.o
 .ARM.attributes
                0x00000156       0x39 ./src/oscillator.o
 .ARM.attributes
                0x0000018f       0x39 ./src/pp6.o
 .ARM.attributes
                0x000001c8       0x39 ./src/pwm.o
 .ARM.attributes
                0x00000201       0x39 ./src/sad.o
 .ARM.attributes
                0x0000023a       0x39 ./src/sadsr.o
 .ARM.attributes
                0x00000273       0x39 ./src/sequencer.o
 .ARM.attributes
                0x000002ac       0x39 ./src/system_stm32f4xx.o
 .ARM.attributes
                0x000002e5       0x39 ./src/timer.o
 .ARM.attributes
                0x0000031e       0x39 ./src/uart.o
 .ARM.attributes
                0x00000357       0x39 /home/owen/workspace-rs5/StdPeriphLib_v100_STM32F4xx/Debug/libStdPeriphLib_v100_STM32F4xx.a(misc.o)
 .ARM.attributes
                0x00000390       0x39 /home/owen/workspace-rs5/StdPeriphLib_v100_STM32F4xx/Debug/libStdPeriphLib_v100_STM32F4xx.a(stm32f4xx_adc.o)
 .ARM.attributes
                0x000003c9       0x39 /home/owen/workspace-rs5/StdPeriphLib_v100_STM32F4xx/Debug/libStdPeriphLib_v100_STM32F4xx.a(stm32f4xx_gpio.o)
 .ARM.attributes
                0x00000402       0x39 /home/owen/workspace-rs5/StdPeriphLib_v100_STM32F4xx/Debug/libStdPeriphLib_v100_STM32F4xx.a(stm32f4xx_rcc.o)
 .ARM.attributes
                0x0000043b       0x39 /home/owen/workspace-rs5/StdPeriphLib_v100_STM32F4xx/Debug/libStdPeriphLib_v100_STM32F4xx.a(stm32f4xx_rng.o)
 .ARM.attributes
                0x00000474       0x39 /home/owen/workspace-rs5/StdPeriphLib_v100_STM32F4xx/Debug/libStdPeriphLib_v100_STM32F4xx.a(stm32f4xx_spi.o)
 .ARM.attributes
                0x000004ad       0x39 /home/owen/workspace-rs5/StdPeriphLib_v100_STM32F4xx/Debug/libStdPeriphLib_v100_STM32F4xx.a(stm32f4xx_tim.o)
 .ARM.attributes
                0x000004e6       0x39 /home/owen/workspace-rs5/StdPeriphLib_v100_STM32F4xx/Debug/libStdPeriphLib_v100_STM32F4xx.a(stm32f4xx_usart.o)
 .ARM.attributes
                0x0000051f       0x37 /home/owen/workspace-rs5/CMSISv2p10_DSPLIB_CM4/lib/libCMSISv2p10_DSPLIB_CM4.a(arm_sin_f32.o)
 .ARM.attributes
                0x00000556       0x39 /usr/local/redsuite_5.2.4_2122/redsuite/tools/bin/../lib/gcc/arm-none-eabi/4.6.2/../../../../arm-none-eabi/lib/armv7e-m/softfp/libcr_c.a(__weak__main.o)

.debug_frame    0x00000000     0x36b4
 .debug_frame   0x00000000       0x50 ./src/CS4344.o
 .debug_frame   0x00000050       0x48 ./src/audio.o
 .debug_frame   0x00000098       0xf4 ./src/cr_startup_stm32f4xx.o
 .debug_frame   0x0000018c      0x18c ./src/main.o
 .debug_frame   0x00000318      0x420 ./src/midi.o
 .debug_frame   0x00000738      0x1bc ./src/notelist.o
 .debug_frame   0x000008f4      0x24c ./src/oscillator.o
 .debug_frame   0x00000b40      0x8d4 ./src/pp6.o
 .debug_frame   0x00001414       0x70 ./src/pwm.o
 .debug_frame   0x00001484       0x80 ./src/sad.o
 .debug_frame   0x00001504       0xb8 ./src/sadsr.o
 .debug_frame   0x000015bc      0x324 ./src/sequencer.o
 .debug_frame   0x000018e0       0x64 ./src/system_stm32f4xx.o
 .debug_frame   0x00001944       0x68 ./src/timer.o
 .debug_frame   0x000019ac       0x68 ./src/uart.o
 .debug_frame   0x00001a14       0x9c /home/owen/workspace-rs5/StdPeriphLib_v100_STM32F4xx/Debug/libStdPeriphLib_v100_STM32F4xx.a(misc.o)
 .debug_frame   0x00001ab0      0x434 /home/owen/workspace-rs5/StdPeriphLib_v100_STM32F4xx/Debug/libStdPeriphLib_v100_STM32F4xx.a(stm32f4xx_adc.o)
 .debug_frame   0x00001ee4      0x19c /home/owen/workspace-rs5/StdPeriphLib_v100_STM32F4xx/Debug/libStdPeriphLib_v100_STM32F4xx.a(stm32f4xx_gpio.o)
 .debug_frame   0x00002080      0x4d8 /home/owen/workspace-rs5/StdPeriphLib_v100_STM32F4xx/Debug/libStdPeriphLib_v100_STM32F4xx.a(stm32f4xx_rcc.o)
 .debug_frame   0x00002558       0xec /home/owen/workspace-rs5/StdPeriphLib_v100_STM32F4xx/Debug/libStdPeriphLib_v100_STM32F4xx.a(stm32f4xx_rng.o)
 .debug_frame   0x00002644      0x2d0 /home/owen/workspace-rs5/StdPeriphLib_v100_STM32F4xx/Debug/libStdPeriphLib_v100_STM32F4xx.a(stm32f4xx_spi.o)
 .debug_frame   0x00002914      0xa3c /home/owen/workspace-rs5/StdPeriphLib_v100_STM32F4xx/Debug/libStdPeriphLib_v100_STM32F4xx.a(stm32f4xx_tim.o)
 .debug_frame   0x00003350      0x344 /home/owen/workspace-rs5/StdPeriphLib_v100_STM32F4xx/Debug/libStdPeriphLib_v100_STM32F4xx.a(stm32f4xx_usart.o)
 .debug_frame   0x00003694       0x20 /home/owen/workspace-rs5/CMSISv2p10_DSPLIB_CM4/lib/libCMSISv2p10_DSPLIB_CM4.a(arm_sin_f32.o)

.debug_pubnames
                0x00000000       0x22
 .debug_pubnames
                0x00000000       0x22 /home/owen/workspace-rs5/CMSISv2p10_DSPLIB_CM4/lib/libCMSISv2p10_DSPLIB_CM4.a(arm_sin_f32.o)

.debug_pubtypes
                0x00000000       0x39
 .debug_pubtypes
                0x00000000       0x39 /home/owen/workspace-rs5/CMSISv2p10_DSPLIB_CM4/lib/libCMSISv2p10_DSPLIB_CM4.a(arm_sin_f32.o)
