Archive member included because of file (symbol)

/home/owen/workspace-rs5/StdPeriphLib_v100_STM32F4xx/Debug/libStdPeriphLib_v100_STM32F4xx.a(misc.o)
                              ./src/CS4344.o (NVIC_Init)
/home/owen/workspace-rs5/StdPeriphLib_v100_STM32F4xx/Debug/libStdPeriphLib_v100_STM32F4xx.a(stm32f4xx_adc.o)
                              ./src/pp6.o (ADC_Init)
/home/owen/workspace-rs5/StdPeriphLib_v100_STM32F4xx/Debug/libStdPeriphLib_v100_STM32F4xx.a(stm32f4xx_gpio.o)
                              ./src/CS4344.o (GPIO_Init)
/home/owen/workspace-rs5/StdPeriphLib_v100_STM32F4xx/Debug/libStdPeriphLib_v100_STM32F4xx.a(stm32f4xx_rcc.o)
                              ./src/CS4344.o (RCC_AHB1PeriphClockCmd)
/home/owen/workspace-rs5/StdPeriphLib_v100_STM32F4xx/Debug/libStdPeriphLib_v100_STM32F4xx.a(stm32f4xx_rng.o)
                              ./src/main.o (RNG_Cmd)
/home/owen/workspace-rs5/StdPeriphLib_v100_STM32F4xx/Debug/libStdPeriphLib_v100_STM32F4xx.a(stm32f4xx_spi.o)
                              ./src/CS4344.o (SPI_I2S_DeInit)
/home/owen/workspace-rs5/StdPeriphLib_v100_STM32F4xx/Debug/libStdPeriphLib_v100_STM32F4xx.a(stm32f4xx_tim.o)
                              ./src/pwm.o (TIM_TimeBaseInit)
/home/owen/workspace-rs5/StdPeriphLib_v100_STM32F4xx/Debug/libStdPeriphLib_v100_STM32F4xx.a(stm32f4xx_usart.o)
                              ./src/uart.o (USART_Init)
/home/owen/workspace-rs5/CMSISv2p10_DSPLIB_CM4/lib/libCMSISv2p10_DSPLIB_CM4.a(arm_sin_f32.o)
                              ./src/oscillator.o (arm_sin_f32)
/usr/local/redsuite_5.2.4_2122/redsuite/tools/bin/../lib/gcc/arm-none-eabi/4.6.2/../../../../arm-none-eabi/lib/armv7e-m/softfp/libcr_c.a(__weak__main.o)
                              ./src/cr_startup_stm32f4xx.o (__main)

Allocating common symbols
Common symbol       size              file

cents               0x4               ./src/main.o
rate                0x4               ./src/main.o
dur                 0x4               ./src/main.o
recvArg0_           0x4               ./src/main.o
channelIn_          0x4               ./src/main.o
tune                0x4               ./src/main.o
uart_recv_buf       0x20              ./src/main.o
glide_step          0x4               ./src/main.o
recvEvent_          0x4               ./src/main.o
v                   0x4               ./src/main.o
tmp8                0x1               ./src/main.o
cents_target        0x4               ./src/main.o
glide               0x4               ./src/main.o
recvMode_           0x4               ./src/main.o
recvByteCount_      0x4               ./src/main.o
sendFullCommands_   0x1               ./src/main.o
pp6                 0x254             ./src/pp6.o
recvBytesNeeded_    0x4               ./src/main.o
play_buf            0x400             ./src/CS4344.o
lastStatusSent_     0x4               ./src/main.o
range               0x4               ./src/main.o

Discarded input sections

 .text          0x00000000        0x0 ./src/CS4344.o
 .data          0x00000000        0x0 ./src/CS4344.o
 .bss           0x00000000        0x0 ./src/CS4344.o
 .bss.o         0x00000000        0x2 ./src/CS4344.o
 .text          0x00000000        0x0 ./src/audio.o
 .data          0x00000000        0x0 ./src/audio.o
 .bss           0x00000000        0x0 ./src/audio.o
 .text.c_to_f   0x00000000       0xf4 ./src/audio.o
 .text          0x00000000        0x0 ./src/cr_startup_stm32f4xx.o
 .data          0x00000000        0x0 ./src/cr_startup_stm32f4xx.o
 .bss           0x00000000        0x0 ./src/cr_startup_stm32f4xx.o
 .text          0x00000000        0x0 ./src/main.o
 .data          0x00000000        0x0 ./src/main.o
 .bss           0x00000000        0x0 ./src/main.o
 .data.miditof  0x00000000       0x54 ./src/main.o
 .rodata.PARAM_SEND_FULL_COMMANDS
                0x00000000        0x4 ./src/main.o
 .rodata.PARAM_CHANNEL_IN
                0x00000000        0x4 ./src/main.o
 .text          0x00000000        0x0 ./src/midi.o
 .data          0x00000000        0x0 ./src/midi.o
 .bss           0x00000000        0x0 ./src/midi.o
 .rodata.PARAM_SEND_FULL_COMMANDS
                0x00000000        0x4 ./src/midi.o
 .rodata.PARAM_CHANNEL_IN
                0x00000000        0x4 ./src/midi.o
 .text.sendVelocityChange
                0x00000000       0x6c ./src/midi.o
 .text.sendControlChange
                0x00000000       0x6c ./src/midi.o
 .text.sendProgramChange
                0x00000000       0x5c ./src/midi.o
 .text.sendAfterTouch
                0x00000000       0x5c ./src/midi.o
 .text.sendPitchChange
                0x00000000       0x3c ./src/midi.o
 .text.sendSongPosition
                0x00000000       0x3c ./src/midi.o
 .text.sendSongSelect
                0x00000000       0x28 ./src/midi.o
 .text.sendTuneRequest
                0x00000000       0x10 ./src/midi.o
 .text.sendContinue
                0x00000000       0x10 ./src/midi.o
 .text.sendActiveSense
                0x00000000       0x10 ./src/midi.o
 .text.sendReset
[...]
Memory Configuration

Name             Origin             Length             Attributes
MFlash512        0x08000000         0x00080000         xr
Ram112           0x20000000         0x0001c000         xrw
PeriphRam16      0x2001c000         0x00004000         xrw
Ram64            0x10000000         0x00010000         xrw
*default*        0x00000000         0xffffffff

Linker script and memory map

LOAD ./src/CS4344.o
LOAD ./src/audio.o
LOAD ./src/cr_startup_stm32f4xx.o
LOAD ./src/main.o
LOAD ./src/midi.o
LOAD ./src/notelist.o
LOAD ./src/oscillator.o
LOAD ./src/pp6.o
LOAD ./src/pwm.o
LOAD ./src/sad.o
LOAD ./src/sadsr.o
LOAD ./src/sequencer.o
LOAD ./src/system_stm32f4xx.o
LOAD ./src/timer.o
LOAD ./src/uart.o
LOAD /home/owen/workspace-rs5/StdPeriphLib_v100_STM32F4xx/Debug/libStdPeriphLib_v100_STM32F4xx.a
LOAD /home/owen/workspace-rs5/CMSISv2p10_STM32F4xx/Debug/libCMSISv2p10_STM32F4xx.a
LOAD /home/owen/workspace-rs5/CMSISv2p10_DSPLIB_CM4/lib/libCMSISv2p10_DSPLIB_CM4.a
START GROUP
LOAD /usr/local/redsuite_5.2.4_2122/redsuite/tools/bin/../lib/gcc/arm-none-eabi/4.6.2/../../../../arm-none-eabi/lib/armv7e-m/softfp/libcr_c.a
LOAD /usr/local/redsuite_5.2.4_2122/redsuite/tools/bin/../lib/gcc/arm-none-eabi/4.6.2/armv7e-m/softfp/libcr_eabihelpers.a
END GROUP
                0x08080000                __top_MFlash512 = 0x8080000
                0x2001c000                __top_Ram112 = 0x2001c000
                0x20020000                __top_PeriphRam16 = 0x20020000
                0x10010000                __top_Ram64 = 0x10010000

.text           0x08000000     0x6810
 FILL mask 0xff
                0x08000000                __vectors_start__ = ABSOLUTE (.)
 *(.isr_vector)
 .isr_vector    0x08000000      0x188 ./src/cr_startup_stm32f4xx.o
                0x08000000                g_pfnVectors
                0x08000188                . = ALIGN (0x4)
                0x08000188                __section_table_start = .
                0x08000188                __data_section_table = .
                0x08000188        0x4 LONG 0x8006810 LOADADDR (.data)
                0x0800018c        0x4 LONG 0x20000000 ADDR (.data)
                0x08000190        0x4 LONG 0x1f8 SIZEOF (.data)
                0x08000194        0x4 LONG 0x8006810 LOADADDR (.data_RAM2)
                0x08000198        0x4 LONG 0x2001c000 ADDR (.data_RAM2)
                0x0800019c        0x4 LONG 0x0 SIZEOF (.data_RAM2)
                0x080001a0        0x4 LONG 0x8006810 LOADADDR (.data_RAM3)
                0x080001a4        0x4 LONG 0x10000000 ADDR (.data_RAM3)
                0x080001a8        0x4 LONG 0x0 SIZEOF (.data_RAM3)
                0x080001ac                __data_section_table_end = .
                0x080001ac                __bss_section_table = .
                0x080001ac        0x4 LONG 0x200001f8 ADDR (.bss)
                0x080001b0        0x4 LONG 0xd44c SIZEOF (.bss)
                0x080001b4        0x4 LONG 0x2001c000 ADDR (.bss_RAM2)
                0x080001b8        0x4 LONG 0x0 SIZEOF (.bss_RAM2)
                0x080001bc        0x4 LONG 0x10000000 ADDR (.bss_RAM3)
                0x080001c0        0x4 LONG 0x0 SIZEOF (.bss_RAM3)
                0x080001c4                __bss_section_table_end = .
                0x080001c4                __section_table_end = .
 *(.after_vectors*)
 .after_vectors
                0x080001c4       0x88 ./src/cr_startup_stm32f4xx.o
                0x080001c4                NMI_Handler
                0x080001c6                HardFault_Handler
                0x080001c8                MemManage_Handler
                0x080001ca                BusFault_Handler
                0x080001cc                UsageFault_Handler
                0x080001ce                SVC_Handler
                0x080001d0                DebugMon_Handler
                0x080001d2                PendSV_Handler
                0x080001d4                SysTick_Handler
                0x080001d6                data_init
                0x080001e8                bss_init
                0x080001f8                ResetISR
                0x08000244                RTC_Alarm_IRQHandler
                0x08000244                HASH_RNG_IRQHandler
                0x08000244                EXTI2_IRQHandler
                0x08000244                TIM8_CC_IRQHandler
                0x08000244                TIM1_CC_IRQHandler
                0x08000244                DMA2_Stream5_IRQHandler
                0x08000244                DMA1_Stream5_IRQHandler
                0x08000244                PVD_IRQHandler
                0x08000244                SDIO_IRQHandler
                0x08000244                TAMP_STAMP_IRQHandler
                0x08000244                CAN2_RX1_IRQHandler
                0x08000244                EXTI3_IRQHandler
                0x08000244                TIM8_TRG_COM_TIM14_IRQHandler
                0x08000244                TIM1_UP_TIM10_IRQHandler
                0x08000244                TIM8_UP_TIM13_IRQHandler
                0x08000244                I2C3_ER_IRQHandler
                0x08000244                EXTI0_IRQHandler
                0x08000244                I2C2_EV_IRQHandler
                0x08000244                DMA1_Stream2_IRQHandler
                0x08000244                CAN1_RX0_IRQHandler
                0x08000244                FPU_IRQHandler
                0x08000244                OTG_HS_WKUP_IRQHandler
                0x08000244                CAN2_SCE_IRQHandler
                0x08000244                DMA2_Stream2_IRQHandler
                0x08000244                SPI1_IRQHandler
                0x08000244                IntDefaultHandler
                0x08000244                TIM6_DAC_IRQHandler
                0x08000244                TIM1_BRK_TIM9_IRQHandler
                0x08000244                DCMI_IRQHandler
                0x08000244                CAN2_RX0_IRQHandler
                0x08000244                DMA2_Stream3_IRQHandler
                0x08000244                USART6_IRQHandler
                0x08000244                USART3_IRQHandler
                0x08000244                CRYP_IRQHandler
                0x08000244                CAN1_RX1_IRQHandler
                0x08000244                UART5_IRQHandler
                0x08000244                DMA2_Stream0_IRQHandler
                0x08000244                TIM4_IRQHandler
                0x08000244                I2C1_EV_IRQHandler
                0x08000244                DMA1_Stream6_IRQHandler
                0x08000244                DMA1_Stream1_IRQHandler
                0x08000244                UART4_IRQHandler
                0x08000244                TIM3_IRQHandler
                0x08000244                RCC_IRQHandler
                0x08000244                TIM8_BRK_TIM12_IRQHandler
                0x08000244                EXTI15_10_IRQHandler
                0x08000244                ADC_IRQHandler
                0x08000244                DMA1_Stream7_IRQHandler
                0x08000244                TIM7_IRQHandler
                0x08000244                CAN2_TX_IRQHandler
                0x08000244                TIM5_IRQHandler
                0x08000244                DMA2_Stream7_IRQHandler
                0x08000244                I2C3_EV_IRQHandler
                0x08000244                EXTI9_5_IRQHandler
                0x08000244                RTC_WKUP_IRQHandler
                0x08000244                ETH_WKUP_IRQHandler
                0x08000244                SPI2_IRQHandler
                0x08000244                OTG_HS_EP1_IN_IRQHandler
                0x08000244                DMA1_Stream0_IRQHandler
                0x08000244                CAN1_TX_IRQHandler
                0x08000244                EXTI4_IRQHandler
                0x08000244                FSMC_IRQHandler
                0x08000244                ETH_IRQHandler
                0x08000244                OTG_HS_EP1_OUT_IRQHandler
                0x08000244                WWDG_IRQHandler
                0x08000244                TIM2_IRQHandler
                0x08000244                OTG_FS_WKUP_IRQHandler
                0x08000244                TIM1_TRG_COM_TIM11_IRQHandler
                0x08000244                OTG_HS_IRQHandler
                0x08000244                EXTI1_IRQHandler
                0x08000244                USART2_IRQHandler
                0x08000244                I2C2_ER_IRQHandler
                0x08000244                DMA2_Stream1_IRQHandler
                0x08000244                CAN1_SCE_IRQHandler
                0x08000244                FLASH_IRQHandler
                0x08000244                DMA2_Stream4_IRQHandler
                0x08000244                USART1_IRQHandler
                0x08000244                OTG_FS_IRQHandler
                0x08000244                DMA1_Stream4_IRQHandler
                0x08000244                I2C1_ER_IRQHandler
                0x08000244                DMA2_Stream6_IRQHandler
                0x08000244                DMA1_Stream3_IRQHandler
 *(.text*)
 .text.CS4344_init
                0x0800024c      0x17c ./src/CS4344.o
                0x0800024c                CS4344_init
 .text.SPI3_IRQHandler
                0x080003c8       0x94 ./src/CS4344.o
                0x080003c8                SPI3_IRQHandler
 .text.c_to_f_ratio
                0x0800045c       0xe8 ./src/audio.o
                0x0800045c                c_to_f_ratio
 .text.main     0x08000544     0x15bc ./src/main.o
                0x08000544                main
 .text.play_note
                0x08001b00      0x160 ./src/main.o
 .text.adjust_f
                0x08001c60      0x29c ./src/main.o
 .text.flash_led_record_enable
                0x08001efc       0x40 ./src/main.o
 .text.Delay    0x08001f3c       0x2c ./src/main.o
 .text.recvByte
                0x08001f68      0x4c8 ./src/midi.o
                0x08001f68                recvByte
 .text.sendNoteOff
                0x08002430       0x78 ./src/midi.o
                0x08002430                sendNoteOff
 .text.sendNoteOn
                0x080024a8       0x78 ./src/midi.o
                0x080024a8                sendNoteOn
 .text.sendSync
                0x08002520       0x10 ./src/midi.o
                0x08002520                sendSync
 .text.sendStart
                0x08002530       0x10 ./src/midi.o
                0x08002530                sendStart
 .text.sendStop
                0x08002540       0x10 ./src/midi.o
                0x08002540                sendStop
 .text.midi_init
                0x08002550       0x84 ./src/midi.o
                0x08002550                midi_init
 .text.handleNoteOff
                0x080025d4       0x24 ./src/midi.o
                0x080025d4                handleNoteOff
 .text.handleNoteOn
                0x080025f8       0x24 ./src/midi.o
                0x080025f8                handleNoteOn
 .text.handleSync
                0x0800261c        0xc ./src/midi.o
                0x0800261c                handleSync
 .text.handleStart
                0x08002628        0xc ./src/midi.o
                0x08002628                handleStart
 .text.handleStop
                0x08002634        0xc ./src/midi.o
                0x08002634                handleStop
 .text.handleVelocityChange
                0x08002640       0x18 ./src/midi.o
                0x08002640                handleVelocityChange
 .text.handleControlChange
                0x08002658       0x18 ./src/midi.o
                0x08002658                handleControlChange
 .text.handleProgramChange
                0x08002670       0x14 ./src/midi.o
                0x08002670                handleProgramChange
 .text.handleAfterTouch
                0x08002684       0x14 ./src/midi.o
                0x08002684                handleAfterTouch
 .text.handlePitchChange
                0x08002698       0x14 ./src/midi.o
                0x08002698                handlePitchChange
 .text.handleSongPosition
                0x080026ac       0x14 ./src/midi.o
                0x080026ac                handleSongPosition
 .text.handleSongSelect
                0x080026c0       0x14 ./src/midi.o
                0x080026c0                handleSongSelect
 .text.handleTuneRequest
                0x080026d4        0xc ./src/midi.o
                0x080026d4                handleTuneRequest
 .text.handleContinue
                0x080026e0        0xc ./src/midi.o
                0x080026e0                handleContinue
 .text.handleActiveSense
                0x080026ec        0xc ./src/midi.o
                0x080026ec                handleActiveSense
 .text.handleReset
                0x080026f8        0xc ./src/midi.o
                0x080026f8                handleReset
 .text.note_list_init
                0x08002704       0x8c ./src/notelist.o
                0x08002704                note_list_init
 .text.note_list_set_current_to_last
                0x08002790       0x60 ./src/notelist.o
                0x08002790                note_list_set_current_to_last
 .text.note_list_copy_notes
                0x080027f0       0x58 ./src/notelist.o
                0x080027f0                note_list_copy_notes
 .text.note_list_most_recent
                0x08002848       0x24 ./src/notelist.o
                0x08002848                note_list_most_recent
 .text.note_list_note_on
                0x0800286c       0x38 ./src/notelist.o
                0x0800286c                note_list_note_on
 .text.note_list_note_off
                0x080028a4       0x98 ./src/notelist.o
                0x080028a4                note_list_note_off
 .text.pp6_init
                0x0800293c      0x1bc ./src/pp6.o
                0x0800293c                pp6_init
 .text.pp6_set_trig
                0x08002af8       0x40 ./src/pp6.o
                0x08002af8                pp6_set_trig
 .text.pp6_set_gate
                0x08002b38       0x50 ./src/pp6.o
                0x08002b38                pp6_set_gate
 .text.pp6_get_gate
                0x08002b88       0x18 ./src/pp6.o
                0x08002b88                pp6_get_gate
 .text.pp6_get_cv_clk
                0x08002ba0       0x28 ./src/pp6.o
                0x08002ba0                pp6_get_cv_clk
 .text.pp6_get_clk_src
                0x08002bc8       0x18 ./src/pp6.o
                0x08002bc8                pp6_get_clk_src
 .text.pp6_set_clk_src
                0x08002be0       0x24 ./src/pp6.o
                0x08002be0                pp6_set_clk_src
 .text.pp6_midi_clock_tick
                0x08002c04       0x94 ./src/pp6.o
                0x08002c04                pp6_midi_clock_tick
 .text.pp6_get_midi_clock_count
                0x08002c98       0x18 ./src/pp6.o
                0x08002c98                pp6_get_midi_clock_count
 .text.pp6_check_for_midi_clock
                0x08002cb0       0x4c ./src/pp6.o
                0x08002cb0                pp6_check_for_midi_clock
 .text.pp6_midi_clock_present
                0x08002cfc       0x18 ./src/pp6.o
                0x08002cfc                pp6_midi_clock_present
 .text.pp6_get_knob_1
                0x08002d14       0x18 ./src/pp6.o
                0x08002d14                pp6_get_knob_1
 .text.pp6_get_knob_2
                0x08002d2c       0x18 ./src/pp6.o
                0x08002d2c                pp6_get_knob_2
 .text.pp6_get_knob_3
                0x08002d44       0x18 ./src/pp6.o
                0x08002d44                pp6_get_knob_3
 .text.pp6_get_knob_4
                0x08002d5c       0x18 ./src/pp6.o
                0x08002d5c                pp6_get_knob_4
 .text.pp6_get_knob_5
                0x08002d74       0x18 ./src/pp6.o
                0x08002d74                pp6_get_knob_5
 .text.pp6_get_knob_array
                0x08002d8c       0x14 ./src/pp6.o
                0x08002d8c                pp6_get_knob_array
 .text.pp6_set_mode_button_pressed
                0x08002da0       0x1c ./src/pp6.o
                0x08002da0                pp6_set_mode_button_pressed
 .text.pp6_mode_button_pressed
                0x08002dbc       0x18 ./src/pp6.o
                0x08002dbc                pp6_mode_button_pressed
 .text.pp6_set_aux_button_pressed
                0x08002dd4       0x1c ./src/pp6.o
                0x08002dd4                pp6_set_aux_button_pressed
 .text.pp6_set_aux_button_released
                0x08002df0       0x1c ./src/pp6.o
                0x08002df0                pp6_set_aux_button_released
 .text.pp6_aux_button_pressed
                0x08002e0c       0x18 ./src/pp6.o
                0x08002e0c                pp6_aux_button_pressed
 .text.pp6_change_mode
                0x08002e24       0x8c ./src/pp6.o
                0x08002e24                pp6_change_mode
 .text.pp6_set_mode
                0x08002eb0       0x38 ./src/pp6.o
                0x08002eb0                pp6_set_mode
 .text.pp6_get_mode
                0x08002ee8       0x18 ./src/pp6.o
                0x08002ee8                pp6_get_mode
 .text.pp6_set_seq_led
                0x08002f00      0x244 ./src/pp6.o
                0x08002f00                pp6_set_seq_led
 .text.pp6_get_seq_led
                0x08003144       0x18 ./src/pp6.o
                0x08003144                pp6_get_seq_led
 .text.pp6_set_mode_led
                0x0800315c      0x244 ./src/pp6.o
                0x0800315c                pp6_set_mode_led
 .text.pp6_set_clk_led
                0x080033a0      0x230 ./src/pp6.o
                0x080033a0                pp6_set_clk_led
 .text.pp6_get_clk_led
                0x080035d0       0x18 ./src/pp6.o
                0x080035d0                pp6_get_clk_led
 .text.pp6_flash_seq_led
                0x080035e8       0x24 ./src/pp6.o
                0x080035e8                pp6_flash_seq_led
 .text.pp6_flash_update
                0x0800360c      0x120 ./src/pp6.o
                0x0800360c                pp6_flash_update
 .text.pp6_get_keys
                0x0800372c       0x18 ./src/pp6.o
                0x0800372c                pp6_get_keys
 .text.pp6_get_key_events
                0x08003744      0x150 ./src/pp6.o
                0x08003744                pp6_get_key_events
 .text.pp6_keyboard_note_on_flag
                0x08003894       0x18 ./src/pp6.o
                0x08003894                pp6_keyboard_note_on_flag
 .text.pp6_set_note_off
                0x080038ac       0x4c ./src/pp6.o
                0x080038ac                pp6_set_note_off
 .text.pp6_set_note_on
                0x080038f8       0x4c ./src/pp6.o
                0x080038f8                pp6_set_note_on
 .text.pp6_set_keyboard_note_off
                0x08003944       0x2c ./src/pp6.o
                0x08003944                pp6_set_keyboard_note_off
 .text.pp6_set_keyboard_note_on
                0x08003970       0x3c ./src/pp6.o
                0x08003970                pp6_set_keyboard_note_on
 .text.pp6_get_keyboard_note_state
                0x080039ac       0x2c ./src/pp6.o
                0x080039ac                pp6_get_keyboard_note_state
 .text.pp6_get_keyboard_note_state_last
                0x080039d8       0x2c ./src/pp6.o
                0x080039d8                pp6_get_keyboard_note_state_last
 .text.pp6_set_current_keyboard_note_state_to_last
                0x08003a04       0x48 ./src/pp6.o
                0x08003a04                pp6_set_current_keyboard_note_state_to_last
 .text.pp6_get_note_state
                0x08003a4c       0x2c ./src/pp6.o
                0x08003a4c                pp6_get_note_state
 .text.pp6_get_note_state_last
                0x08003a78       0x2c ./src/pp6.o
                0x08003a78                pp6_get_note_state_last
 .text.pp6_set_current_note_state_to_last
                0x08003aa4       0x48 ./src/pp6.o
                0x08003aa4                pp6_set_current_note_state_to_last
 .text.pp6_set_midi_start
                0x08003aec       0x2c ./src/pp6.o
                0x08003aec                pp6_set_midi_start
 .text.pp6_get_midi_start
                0x08003b18       0x18 ./src/pp6.o
                0x08003b18                pp6_get_midi_start
 .text.pp6_set_midi_stop
                0x08003b30       0x1c ./src/pp6.o
                0x08003b30                pp6_set_midi_stop
 .text.pp6_get_midi_stop
                0x08003b4c       0x18 ./src/pp6.o
                0x08003b4c                pp6_get_midi_stop
 .text.pp6_clear_flags
                0x08003b64      0x100 ./src/pp6.o
                0x08003b64                pp6_clear_flags
 .text.pp6_inc_physical_notes_on
                0x08003c64       0x28 ./src/pp6.o
                0x08003c64                pp6_inc_physical_notes_on
 .text.pp6_dec_physical_notes_on
                0x08003c8c       0x38 ./src/pp6.o
                0x08003c8c                pp6_dec_physical_notes_on
 .text.pp6_get_physical_notes_on
                0x08003cc4       0x18 ./src/pp6.o
                0x08003cc4                pp6_get_physical_notes_on
 .text.pp6_set_cv_clock_tick
                0x08003cdc       0x1c ./src/pp6.o
                0x08003cdc                pp6_set_cv_clock_tick
 .text.pp6_get_cv_clock_tick
                0x08003cf8       0x18 ./src/pp6.o
                0x08003cf8                pp6_get_cv_clock_tick
 .text.pp6_knobs_init
                0x08003d10      0x10c ./src/pp6.o
                0x08003d10                pp6_knobs_init
 .text.pp6_knobs_update
                0x08003e1c      0x1f0 ./src/pp6.o
                0x08003e1c                pp6_knobs_update
 .text.pp6_knob_1_touched
                0x0800400c       0x18 ./src/pp6.o
                0x0800400c                pp6_knob_1_touched
 .text.pp6_knob_2_touched
                0x08004024       0x18 ./src/pp6.o
                0x08004024                pp6_knob_2_touched
 .text.pp6_knob_3_touched
                0x0800403c       0x18 ./src/pp6.o
                0x0800403c                pp6_knob_3_touched
 .text.pp6_init_digi_out
                0x08004054       0xd0 ./src/pp6.o
                0x08004054                pp6_init_digi_out
 .text.pp6_init_digi_in
                0x08004124       0xd4 ./src/pp6.o
                0x08004124                pp6_init_digi_in
 .text.pp6_keys_update
                0x080041f8      0x2b8 ./src/pp6.o
                0x080041f8                pp6_keys_update
 .text.pwm_init
                0x080044b0      0x134 ./src/pwm.o
                0x080044b0                pwm_init
 .text.pwm_set  0x080045e4       0xb0 ./src/pwm.o
                0x080045e4                pwm_set
 .text.seq_init
                0x08004694       0x94 ./src/sequencer.o
                0x08004694                seq_init
 .text.seq_set_all_notes_off
                0x08004728       0x38 ./src/sequencer.o
                0x08004728                seq_set_all_notes_off
 .text.seq_set_note_off
                0x08004760       0x28 ./src/sequencer.o
                0x08004760                seq_set_note_off
 .text.seq_set_note_on
                0x08004788       0x28 ./src/sequencer.o
                0x08004788                seq_set_note_on
 .text.seq_get_note_state
                0x080047b0       0x28 ./src/sequencer.o
                0x080047b0                seq_get_note_state
 .text.seq_set_status
                0x080047d8       0x20 ./src/sequencer.o
                0x080047d8                seq_set_status
 .text.seq_get_status
                0x080047f8       0x18 ./src/sequencer.o
                0x080047f8                seq_get_status
 .text.seq_start_recording
                0x08004810       0x28 ./src/sequencer.o
                0x08004810                seq_start_recording
 .text.seq_log_first_note_null
                0x08004838       0x54 ./src/sequencer.o
                0x08004838                seq_log_first_note_null
 .text.seq_log_note_start
                0x0800488c       0x90 ./src/sequencer.o
                0x0800488c                seq_log_note_start
 .text.seq_log_note_stop
                0x0800491c       0x90 ./src/sequencer.o
                0x0800491c                seq_log_note_stop
 .text.seq_log_events
                0x080049ac       0x60 ./src/sequencer.o
                0x080049ac                seq_log_events
 .text.seq_log_first_notes
                0x08004a0c       0x4c ./src/sequencer.o
                0x08004a0c                seq_log_first_notes
 .text.seq_stop_recording
                0x08004a58      0x168 ./src/sequencer.o
                0x08004a58                seq_stop_recording
 .text.seq_rewind
                0x08004bc0       0x28 ./src/sequencer.o
                0x08004bc0                seq_rewind
 .text.seq_play_tick
                0x08004be8      0x14c ./src/sequencer.o
                0x08004be8                seq_play_tick
 .text.seq_tick
                0x08004d34       0x24 ./src/sequencer.o
                0x08004d34                seq_tick
 .text.seq_get_time
                0x08004d58       0x18 ./src/sequencer.o
                0x08004d58                seq_get_time
 .text.seq_get_length
                0x08004d70       0x18 ./src/sequencer.o
                0x08004d70                seq_get_length
 .text.seq_log_knobs
                0x08004d88       0xb8 ./src/sequencer.o
                0x08004d88                seq_log_knobs
 .text.seq_play_knobs
                0x08004e40       0x90 ./src/sequencer.o
                0x08004e40                seq_play_knobs
 .text.seq_enable_knob_playback
                0x08004ed0       0x44 ./src/sequencer.o
                0x08004ed0                seq_enable_knob_playback
 .text.seq_set_auto_stop
                0x08004f14       0x18 ./src/sequencer.o
                0x08004f14                seq_set_auto_stop
 .text.seq_get_auto_stop
                0x08004f2c       0x18 ./src/sequencer.o
                0x08004f2c                seq_get_auto_stop
 .text.seq_clear_auto_stop
                0x08004f44       0x18 ./src/sequencer.o
                0x08004f44                seq_clear_auto_stop
 .text.SystemInit
                0x08004f5c       0xb0 ./src/system_stm32f4xx.o
                0x08004f5c                SystemInit
 .text.SetSysClock
                0x0800500c      0x1e0 ./src/system_stm32f4xx.o
 .text.timer_init
                0x080051ec       0x4c ./src/timer.o
                0x080051ec                timer_init
 .text.uart_init
                0x08005238       0xc4 ./src/uart.o
                0x08005238                uart_init
 .text.put_char
                0x080052fc       0x60 ./src/uart.o
                0x080052fc                put_char
 .text.uart_service_tx_buf
                0x0800535c       0x8c ./src/uart.o
                0x0800535c                uart_service_tx_buf
 .text.NVIC_Init
                0x080053e8       0xe4 /home/owen/workspace-rs5/StdPeriphLib_v100_STM32F4xx/Debug/libStdPeriphLib_v100_STM32F4xx.a(misc.o)
                0x080053e8                NVIC_Init
 .text.ADC_Init
                0x080054cc       0xb8 /home/owen/workspace-rs5/StdPeriphLib_v100_STM32F4xx/Debug/libStdPeriphLib_v100_STM32F4xx.a(stm32f4xx_adc.o)
                0x080054cc                ADC_Init
 .text.ADC_CommonInit
                0x08005584       0x5c /home/owen/workspace-rs5/StdPeriphLib_v100_STM32F4xx/Debug/libStdPeriphLib_v100_STM32F4xx.a(stm32f4xx_adc.o)
                0x08005584                ADC_CommonInit
 .text.ADC_Cmd  0x080055e0       0x38 /home/owen/workspace-rs5/StdPeriphLib_v100_STM32F4xx/Debug/libStdPeriphLib_v100_STM32F4xx.a(stm32f4xx_adc.o)
                0x080055e0                ADC_Cmd
 .text.ADC_RegularChannelConfig
                0x08005618      0x1bc /home/owen/workspace-rs5/StdPeriphLib_v100_STM32F4xx/Debug/libStdPeriphLib_v100_STM32F4xx.a(stm32f4xx_adc.o)
                0x08005618                ADC_RegularChannelConfig
 .text.ADC_SoftwareStartConv
                0x080057d4       0x20 /home/owen/workspace-rs5/StdPeriphLib_v100_STM32F4xx/Debug/libStdPeriphLib_v100_STM32F4xx.a(stm32f4xx_adc.o)
                0x080057d4                ADC_SoftwareStartConv
 .text.ADC_GetConversionValue
                0x080057f4       0x1c /home/owen/workspace-rs5/StdPeriphLib_v100_STM32F4xx/Debug/libStdPeriphLib_v100_STM32F4xx.a(stm32f4xx_adc.o)
                0x080057f4                ADC_GetConversionValue
 .text.GPIO_Init
                0x08005810      0x154 /home/owen/workspace-rs5/StdPeriphLib_v100_STM32F4xx/Debug/libStdPeriphLib_v100_STM32F4xx.a(stm32f4xx_gpio.o)
                0x08005810                GPIO_Init
 .text.GPIO_ReadInputDataBit
                0x08005964       0x3c /home/owen/workspace-rs5/StdPeriphLib_v100_STM32F4xx/Debug/libStdPeriphLib_v100_STM32F4xx.a(stm32f4xx_gpio.o)
                0x08005964                GPIO_ReadInputDataBit
 .text.GPIO_WriteBit
                0x080059a0       0x30 /home/owen/workspace-rs5/StdPeriphLib_v100_STM32F4xx/Debug/libStdPeriphLib_v100_STM32F4xx.a(stm32f4xx_gpio.o)
                0x080059a0                GPIO_WriteBit
 .text.GPIO_PinAFConfig
                0x080059d0       0xac /home/owen/workspace-rs5/StdPeriphLib_v100_STM32F4xx/Debug/libStdPeriphLib_v100_STM32F4xx.a(stm32f4xx_gpio.o)
                0x080059d0                GPIO_PinAFConfig
 .text.RCC_GetClocksFreq
                0x08005a7c      0x1d0 /home/owen/workspace-rs5/StdPeriphLib_v100_STM32F4xx/Debug/libStdPeriphLib_v100_STM32F4xx.a(stm32f4xx_rcc.o)
                0x08005a7c                RCC_GetClocksFreq
 .text.RCC_AHB1PeriphClockCmd
                0x08005c4c       0x58 /home/owen/workspace-rs5/StdPeriphLib_v100_STM32F4xx/Debug/libStdPeriphLib_v100_STM32F4xx.a(stm32f4xx_rcc.o)
                0x08005c4c                RCC_AHB1PeriphClockCmd
 .text.RCC_AHB2PeriphClockCmd
                0x08005ca4       0x58 /home/owen/workspace-rs5/StdPeriphLib_v100_STM32F4xx/Debug/libStdPeriphLib_v100_STM32F4xx.a(stm32f4xx_rcc.o)
                0x08005ca4                RCC_AHB2PeriphClockCmd
 .text.RCC_APB1PeriphClockCmd
                0x08005cfc       0x58 /home/owen/workspace-rs5/StdPeriphLib_v100_STM32F4xx/Debug/libStdPeriphLib_v100_STM32F4xx.a(stm32f4xx_rcc.o)
                0x08005cfc                RCC_APB1PeriphClockCmd
 .text.RCC_APB2PeriphClockCmd
                0x08005d54       0x58 /home/owen/workspace-rs5/StdPeriphLib_v100_STM32F4xx/Debug/libStdPeriphLib_v100_STM32F4xx.a(stm32f4xx_rcc.o)
                0x08005d54                RCC_APB2PeriphClockCmd
 .text.RCC_APB1PeriphResetCmd
                0x08005dac       0x58 /home/owen/workspace-rs5/StdPeriphLib_v100_STM32F4xx/Debug/libStdPeriphLib_v100_STM32F4xx.a(stm32f4xx_rcc.o)
                0x08005dac                RCC_APB1PeriphResetCmd
 .text.RCC_APB2PeriphResetCmd
                0x08005e04       0x58 /home/owen/workspace-rs5/StdPeriphLib_v100_STM32F4xx/Debug/libStdPeriphLib_v100_STM32F4xx.a(stm32f4xx_rcc.o)
                0x08005e04                RCC_APB2PeriphResetCmd
 .text.RNG_Cmd  0x08005e5c       0x4c /home/owen/workspace-rs5/StdPeriphLib_v100_STM32F4xx/Debug/libStdPeriphLib_v100_STM32F4xx.a(stm32f4xx_rng.o)
                0x08005e5c                RNG_Cmd
 .text.SPI_I2S_DeInit
                0x08005ea8       0x88 /home/owen/workspace-rs5/StdPeriphLib_v100_STM32F4xx/Debug/libStdPeriphLib_v100_STM32F4xx.a(stm32f4xx_spi.o)
                0x08005ea8                SPI_I2S_DeInit
 .text.I2S_Init
                0x08005f30      0x214 /home/owen/workspace-rs5/StdPeriphLib_v100_STM32F4xx/Debug/libStdPeriphLib_v100_STM32F4xx.a(stm32f4xx_spi.o)
                0x08005f30                I2S_Init
 .text.I2S_Cmd  0x08006144       0x40 /home/owen/workspace-rs5/StdPeriphLib_v100_STM32F4xx/Debug/libStdPeriphLib_v100_STM32F4xx.a(stm32f4xx_spi.o)
                0x08006144                I2S_Cmd
 .text.SPI_I2S_SendData
                0x08006184       0x1c /home/owen/workspace-rs5/StdPeriphLib_v100_STM32F4xx/Debug/libStdPeriphLib_v100_STM32F4xx.a(stm32f4xx_spi.o)
                0x08006184                SPI_I2S_SendData
 .text.SPI_I2S_ITConfig
                0x080061a0       0x6c /home/owen/workspace-rs5/StdPeriphLib_v100_STM32F4xx/Debug/libStdPeriphLib_v100_STM32F4xx.a(stm32f4xx_spi.o)
                0x080061a0                SPI_I2S_ITConfig
 .text.SPI_I2S_GetFlagStatus
                0x0800620c       0x40 /home/owen/workspace-rs5/StdPeriphLib_v100_STM32F4xx/Debug/libStdPeriphLib_v100_STM32F4xx.a(stm32f4xx_spi.o)
                0x0800620c                SPI_I2S_GetFlagStatus
 .text.TIM_TimeBaseInit
                0x0800624c       0xf4 /home/owen/workspace-rs5/StdPeriphLib_v100_STM32F4xx/Debug/libStdPeriphLib_v100_STM32F4xx.a(stm32f4xx_tim.o)
                0x0800624c                TIM_TimeBaseInit
 .text.TIM_TimeBaseStructInit
                0x08006340       0x3c /home/owen/workspace-rs5/StdPeriphLib_v100_STM32F4xx/Debug/libStdPeriphLib_v100_STM32F4xx.a(stm32f4xx_tim.o)
                0x08006340                TIM_TimeBaseStructInit
 .text.TIM_Cmd  0x0800637c       0x40 /home/owen/workspace-rs5/StdPeriphLib_v100_STM32F4xx/Debug/libStdPeriphLib_v100_STM32F4xx.a(stm32f4xx_tim.o)
                0x0800637c                TIM_Cmd
 .text.TIM_OC1Init
                0x080063bc       0xfc /home/owen/workspace-rs5/StdPeriphLib_v100_STM32F4xx/Debug/libStdPeriphLib_v100_STM32F4xx.a(stm32f4xx_tim.o)
                0x080063bc                TIM_OC1Init
 .text.TIM_OCStructInit
                0x080064b8       0x54 /home/owen/workspace-rs5/StdPeriphLib_v100_STM32F4xx/Debug/libStdPeriphLib_v100_STM32F4xx.a(stm32f4xx_tim.o)
                0x080064b8                TIM_OCStructInit
 .text.TIM_OC1PreloadConfig
                0x0800650c       0x38 /home/owen/workspace-rs5/StdPeriphLib_v100_STM32F4xx/Debug/libStdPeriphLib_v100_STM32F4xx.a(stm32f4xx_tim.o)
                0x0800650c                TIM_OC1PreloadConfig
 .text.TIM_CtrlPWMOutputs
                0x08006544       0x50 /home/owen/workspace-rs5/StdPeriphLib_v100_STM32F4xx/Debug/libStdPeriphLib_v100_STM32F4xx.a(stm32f4xx_tim.o)
                0x08006544                TIM_CtrlPWMOutputs
 .text.USART_Init
                0x08006594      0x1ac /home/owen/workspace-rs5/StdPeriphLib_v100_STM32F4xx/Debug/libStdPeriphLib_v100_STM32F4xx.a(stm32f4xx_usart.o)
                0x08006594                USART_Init
 .text.USART_Cmd
                0x08006740       0x40 /home/owen/workspace-rs5/StdPeriphLib_v100_STM32F4xx/Debug/libStdPeriphLib_v100_STM32F4xx.a(stm32f4xx_usart.o)
                0x08006740                USART_Cmd
 .text.USART_SendData
                0x08006780       0x28 /home/owen/workspace-rs5/StdPeriphLib_v100_STM32F4xx/Debug/libStdPeriphLib_v100_STM32F4xx.a(stm32f4xx_usart.o)
                0x08006780                USART_SendData
 .text.USART_ReceiveData
                0x080067a8       0x24 /home/owen/workspace-rs5/StdPeriphLib_v100_STM32F4xx/Debug/libStdPeriphLib_v100_STM32F4xx.a(stm32f4xx_usart.o)
                0x080067a8                USART_ReceiveData
 .text.USART_GetFlagStatus
                0x080067cc       0x40 /home/owen/workspace-rs5/StdPeriphLib_v100_STM32F4xx/Debug/libStdPeriphLib_v100_STM32F4xx.a(stm32f4xx_usart.o)
                0x080067cc                USART_GetFlagStatus
 .text.__weak_main
                0x0800680c        0x4 /usr/local/redsuite_5.2.4_2122/redsuite/tools/bin/../lib/gcc/arm-none-eabi/4.6.2/../../../../arm-none-eabi/lib/armv7e-m/softfp/libcr_c.a(__weak__main.o)
                0x0800680c                __main
                0x0800680c                __weak_main
 *(.rodata .rodata.*)
                0x08006810                . = ALIGN (0x4)

.glue_7         0x08006810        0x0
 .glue_7        0x00000000        0x0 linker stubs

.glue_7t        0x08006810        0x0
 .glue_7t       0x00000000        0x0 linker stubs

.vfp11_veneer   0x08006810        0x0
 .vfp11_veneer  0x00000000        0x0 linker stubs

.v4_bx          0x08006810        0x0
 .v4_bx         0x00000000        0x0 linker stubs

.ARM.extab
 *(.ARM.extab* .gnu.linkonce.armextab.*)
                0x08006810                __exidx_start = .

.ARM.exidx
 *(.ARM.exidx* .gnu.linkonce.armexidx.*)
                0x08006810                __exidx_end = .
                0x08006810                _etext = .

.data_RAM2      0x2001c000        0x0 load address 0x08006810
 FILL mask 0xff
 *(.data.$RAM2*)
 *(.data.$PeriphRam16*)
                0x2001c000                . = ALIGN (0x4)

.data_RAM3      0x10000000        0x0 load address 0x08006810
 FILL mask 0xff
 *(.data.$RAM3*)
 *(.data.$Ram64*)
                0x10000000                . = ALIGN (0x4)

.uninit_RESERVED
                0x20000000        0x0
 *(.bss.$RESERVED*)
                0x20000000                . = ALIGN (0x4)
                0x20000000                _end_uninit_RESERVED = .

.data           0x20000000      0x1f8 load address 0x08006810
 FILL mask 0xff
                0x20000000                _data = .
 *(vtable)
 *(.data*)
 .data.hardware_index
                0x20000000        0x4 ./src/CS4344.o
                0x20000000                hardware_index
 .data.pitch_class
                0x20000004       0x30 ./src/audio.o
                0x20000004                pitch_class
 .data.semitone
                0x20000034      0x190 ./src/audio.o
                0x20000034                semitone
 .data.keys_history
                0x200001c4       0x20 ./src/pp6.o
                0x200001c4                keys_history
 .data.seq_playback_knobs_enabled
                0x200001e4        0x1 ./src/sequencer.o
 .data.seq_knob_1_playback_enabled
                0x200001e5        0x1 ./src/sequencer.o
 .data.seq_knob_2_playback_enabled
                0x200001e6        0x1 ./src/sequencer.o
 .data.seq_knob_3_playback_enabled
                0x200001e7        0x1 ./src/sequencer.o
 .data.APBAHBPrescTable
                0x200001e8       0x10 /home/owen/workspace-rs5/StdPeriphLib_v100_STM32F4xx/Debug/libStdPeriphLib_v100_STM32F4xx.a(stm32f4xx_rcc.o)
                0x200001f8                . = ALIGN (0x4)
                0x200001f8                _edata = .

.bss_RAM2       0x2001c000        0x0
 *(.bss.$RAM2*)
 *(.bss.$PeriphRam16*)
                0x2001c000                . = ALIGN (0x4)

.bss_RAM3       0x10000000        0x0
 *(.bss.$RAM3*)
 *(.bss.$Ram64*)
                0x10000000                . = ALIGN (0x4)

.bss            0x200001f8     0xd44c
                0x200001f8                _bss = .
 *(.bss*)
 .bss.software_index
                0x200001f8        0x4 ./src/CS4344.o
                0x200001f8                software_index
 .bss.sample_clock
                0x200001fc        0x4 ./src/CS4344.o
                0x200001fc                sample_clock
 .bss.sample_clock_last
                0x20000200        0x4 ./src/main.o
 .bss.led_counter
                0x20000204        0x4 ./src/main.o
 .bss.aux_led_color
                0x20000208        0x1 ./src/main.o
 .bss.uart_recv_buf_write
                0x20000209        0x1 ./src/main.o
                0x20000209                uart_recv_buf_write
 .bss.uart_recv_buf_read
                0x2000020a        0x1 ./src/main.o
                0x2000020a                uart_recv_buf_read
 *fill*         0x2000020b        0x1 00
 .bss.gate_time
                0x2000020c        0x4 ./src/main.o
                0x2000020c                gate_time
 .bss.gate_reset
                0x20000210        0x4 ./src/main.o
                0x20000210                gate_reset
 .bss.trig_time
                0x20000214        0x1 ./src/main.o
                0x20000214                trig_time
 .bss.current_midi_clock
                0x20000215        0x1 ./src/main.o
                0x20000215                current_midi_clock
 .bss.last_midi_note
                0x20000216        0x1 ./src/main.o
                0x20000216                last_midi_note
 .bss.current_midi_note
                0x20000217        0x1 ./src/main.o
                0x20000217                current_midi_note
 .bss.history_index.9601
                0x20000218        0x1 ./src/pp6.o
 .bss.channel.9565
                0x20000219        0x1 ./src/pp6.o
 *fill*         0x2000021a        0x2 00
 .bss.knobs.9566
                0x2000021c       0x14 ./src/pp6.o
 .bss.seq_deltas
                0x20000230      0x400 ./src/sequencer.o
 .bss.seq_notes
                0x20000630      0x400 ./src/sequencer.o
 .bss.seq_events
                0x20000a30      0x400 ./src/sequencer.o
 .bss.seq_index
                0x20000e30        0x4 ./src/sequencer.o
 .bss.seq_time  0x20000e34        0x4 ./src/sequencer.o
 .bss.seq_length
                0x20000e38        0x4 ./src/sequencer.o
 .bss.seq_status
                0x20000e3c        0x1 ./src/sequencer.o
 .bss.seq_auto_stop
                0x20000e3d        0x1 ./src/sequencer.o
 *fill*         0x20000e3e        0x2 00
 .bss.first_time_thru
                0x20000e40        0x4 ./src/sequencer.o
 .bss.knob_log  0x20000e44     0xc000 ./src/sequencer.o
 .bss.seq_note_state
                0x2000ce44       0x80 ./src/sequencer.o
 .bss.seq_notes_on_at_start
                0x2000cec4       0x80 ./src/sequencer.o
 .bss.uart_tx_buf
                0x2000cf44       0x40 ./src/uart.o
 .bss.uart_tx_buf_write
                0x2000cf84        0x1 ./src/uart.o
 .bss.uart_tx_buf_read
                0x2000cf85        0x1 ./src/uart.o
 *(COMMON)
 *fill*         0x2000cf86        0x2 00
 COMMON         0x2000cf88      0x400 ./src/CS4344.o
                0x2000cf88                play_buf
 COMMON         0x2000d388       0x68 ./src/main.o
                0x2000d388                cents
                0x2000d38c                rate
                0x2000d390                dur
                0x2000d394                recvArg0_
                0x2000d398                channelIn_
                0x2000d39c                tune
                0x2000d3a0                uart_recv_buf
                0x2000d3c0                glide_step
                0x2000d3c4                recvEvent_
                0x2000d3c8                v
                0x2000d3cc                tmp8
                0x2000d3d0                cents_target
                0x2000d3d4                glide
                0x2000d3d8                recvMode_
                0x2000d3dc                recvByteCount_
                0x2000d3e0                sendFullCommands_
                0x2000d3e4                recvBytesNeeded_
                0x2000d3e8                lastStatusSent_
                0x2000d3ec                range
 COMMON         0x2000d3f0      0x254 ./src/pp6.o
                0x2000d3f0                pp6
                0x2000d644                . = ALIGN (0x4)
                0x2000d644                _ebss = .
                0x2000d644                PROVIDE (end, .)

.noinit_RAM2    0x2001c000        0x0
 *(.noinit.$RAM2*)
 *(.noinit.$PeriphRam16*)
                0x2001c000                . = ALIGN (0x4)

.noinit_RAM3    0x10000000        0x0
 *(.noinit.$RAM3*)
 *(.noinit.$Ram64*)
                0x10000000                . = ALIGN (0x4)

.noinit         0x2000d644        0x0
                0x2000d644                _noinit = .
 *(.noinit*)
                0x2000d644                . = ALIGN (0x4)
                0x2000d644                _end_noinit = .
                0x2000d644                PROVIDE (_pvHeapStart, .)
                0x2001c000                PROVIDE (_vStackTop, (__top_Ram112 - 0x0))
OUTPUT(MelodyMill.axf elf32-littlearm)

.debug_info     0x00000000     0xbc7a
 .debug_info    0x00000000      0x7cb ./src/CS4344.o
 .debug_info    0x000007cb      0x196 ./src/audio.o
 .debug_info    0x00000961      0x31b ./src/cr_startup_stm32f4xx.o
 .debug_info    0x00000c7c      0x8ad ./src/main.o
 .debug_info    0x00001529      0x849 ./src/midi.o
 .debug_info    0x00001d72      0x4ec ./src/notelist.o
 .debug_info    0x0000225e      0x956 ./src/oscillator.o
 .debug_info    0x00002bb4     0x1314 ./src/pp6.o
 .debug_info    0x00003ec8      0x6e8 ./src/pwm.o
 .debug_info    0x000045b0      0x1c6 ./src/sad.o
 .debug_info    0x00004776      0x242 ./src/sadsr.o
 .debug_info    0x000049b8      0x58b ./src/sequencer.o
 .debug_info    0x00004f43      0x625 ./src/system_stm32f4xx.o
 .debug_info    0x00005568      0x3be ./src/timer.o
 .debug_info    0x00005926      0x4b4 ./src/uart.o
 .debug_info    0x00005dda      0x59c /home/owen/workspace-rs5/StdPeriphLib_v100_STM32F4xx/Debug/libStdPeriphLib_v100_STM32F4xx.a(misc.o)
 .debug_info    0x00006376      0xcfd /home/owen/workspace-rs5/StdPeriphLib_v100_STM32F4xx/Debug/libStdPeriphLib_v100_STM32F4xx.a(stm32f4xx_adc.o)
 .debug_info    0x00007073      0x641 /home/owen/workspace-rs5/StdPeriphLib_v100_STM32F4xx/Debug/libStdPeriphLib_v100_STM32F4xx.a(stm32f4xx_gpio.o)
 .debug_info    0x000076b4      0xd2c /home/owen/workspace-rs5/StdPeriphLib_v100_STM32F4xx/Debug/libStdPeriphLib_v100_STM32F4xx.a(stm32f4xx_rcc.o)
 .debug_info    0x000083e0      0x299 /home/owen/workspace-rs5/StdPeriphLib_v100_STM32F4xx/Debug/libStdPeriphLib_v100_STM32F4xx.a(stm32f4xx_rng.o)
 .debug_info    0x00008679      0xbd4 /home/owen/workspace-rs5/StdPeriphLib_v100_STM32F4xx/Debug/libStdPeriphLib_v100_STM32F4xx.a(stm32f4xx_spi.o)
 .debug_info    0x0000924d     0x1e30 /home/owen/workspace-rs5/StdPeriphLib_v100_STM32F4xx/Debug/libStdPeriphLib_v100_STM32F4xx.a(stm32f4xx_tim.o)
 .debug_info    0x0000b07d      0xa57 /home/owen/workspace-rs5/StdPeriphLib_v100_STM32F4xx/Debug/libStdPeriphLib_v100_STM32F4xx.a(stm32f4xx_usart.o)
 .debug_info    0x0000bad4      0x1a6 /home/owen/workspace-rs5/CMSISv2p10_DSPLIB_CM4/lib/libCMSISv2p10_DSPLIB_CM4.a(arm_sin_f32.o)

.debug_abbrev   0x00000000     0x1ef2
 .debug_abbrev  0x00000000      0x17e ./src/CS4344.o
 .debug_abbrev  0x0000017e       0xc2 ./src/audio.o
 .debug_abbrev  0x00000240      0x119 ./src/cr_startup_stm32f4xx.o
 .debug_abbrev  0x00000359      0x1bd ./src/main.o
 .debug_abbrev  0x00000516      0x132 ./src/midi.o
 .debug_abbrev  0x00000648       0xed ./src/notelist.o
 .debug_abbrev  0x00000735      0x14f ./src/oscillator.o
 .debug_abbrev  0x00000884      0x253 ./src/pp6.o
 .debug_abbrev  0x00000ad7      0x137 ./src/pwm.o
 .debug_abbrev  0x00000c0e       0xdd ./src/sad.o
 .debug_abbrev  0x00000ceb       0xe1 ./src/sadsr.o
 .debug_abbrev  0x00000dcc      0x163 ./src/sequencer.o
 .debug_abbrev  0x00000f2f      0x144 ./src/system_stm32f4xx.o
 .debug_abbrev  0x00001073      0x109 ./src/timer.o
 .debug_abbrev  0x0000117c      0x12f ./src/uart.o
 .debug_abbrev  0x000012ab      0x12a /home/owen/workspace-rs5/StdPeriphLib_v100_STM32F4xx/Debug/libStdPeriphLib_v100_STM32F4xx.a(misc.o)
 .debug_abbrev  0x000013d5      0x18d /home/owen/workspace-rs5/StdPeriphLib_v100_STM32F4xx/Debug/libStdPeriphLib_v100_STM32F4xx.a(stm32f4xx_adc.o)
 .debug_abbrev  0x00001562      0x186 /home/owen/workspace-rs5/StdPeriphLib_v100_STM32F4xx/Debug/libStdPeriphLib_v100_STM32F4xx.a(stm32f4xx_gpio.o)
 .debug_abbrev  0x000016e8      0x1bb /home/owen/workspace-rs5/StdPeriphLib_v100_STM32F4xx/Debug/libStdPeriphLib_v100_STM32F4xx.a(stm32f4xx_rcc.o)
 .debug_abbrev  0x000018a3      0x13b /home/owen/workspace-rs5/StdPeriphLib_v100_STM32F4xx/Debug/libStdPeriphLib_v100_STM32F4xx.a(stm32f4xx_rng.o)
 .debug_abbrev  0x000019de      0x164 /home/owen/workspace-rs5/StdPeriphLib_v100_STM32F4xx/Debug/libStdPeriphLib_v100_STM32F4xx.a(stm32f4xx_spi.o)
 .debug_abbrev  0x00001b42      0x167 /home/owen/workspace-rs5/StdPeriphLib_v100_STM32F4xx/Debug/libStdPeriphLib_v100_STM32F4xx.a(stm32f4xx_tim.o)
 .debug_abbrev  0x00001ca9      0x152 /home/owen/workspace-rs5/StdPeriphLib_v100_STM32F4xx/Debug/libStdPeriphLib_v100_STM32F4xx.a(stm32f4xx_usart.o)
 .debug_abbrev  0x00001dfb       0xf7 /home/owen/workspace-rs5/CMSISv2p10_DSPLIB_CM4/lib/libCMSISv2p10_DSPLIB_CM4.a(arm_sin_f32.o)

.debug_loc      0x00000000     0x64c5
 .debug_loc     0x00000000       0x70 ./src/CS4344.o
 .debug_loc     0x00000070       0x70 ./src/audio.o
 .debug_loc     0x000000e0      0x102 ./src/cr_startup_stm32f4xx.o
 .debug_loc     0x000001e2      0x103 ./src/main.o
 .debug_loc     0x000002e5      0x738 ./src/midi.o
 .debug_loc     0x00000a1d      0x34c ./src/notelist.o
 .debug_loc     0x00000d69      0x462 ./src/oscillator.o
 .debug_loc     0x000011cb     0x10c0 ./src/pp6.o
 .debug_loc     0x0000228b       0xa8 ./src/pwm.o
 .debug_loc     0x00002333       0xe0 ./src/sad.o
 .debug_loc     0x00002413      0x150 ./src/sadsr.o
 .debug_loc     0x00002563      0x598 ./src/sequencer.o
 .debug_loc     0x00002afb       0x9c ./src/system_stm32f4xx.o
 .debug_loc     0x00002b97       0x90 ./src/timer.o
 .debug_loc     0x00002c27       0x9c ./src/uart.o
 .debug_loc     0x00002cc3      0x118 /home/owen/workspace-rs5/StdPeriphLib_v100_STM32F4xx/Debug/libStdPeriphLib_v100_STM32F4xx.a(misc.o)
 .debug_loc     0x00002ddb      0x838 /home/owen/workspace-rs5/StdPeriphLib_v100_STM32F4xx/Debug/libStdPeriphLib_v100_STM32F4xx.a(stm32f4xx_adc.o)
 .debug_loc     0x00003613      0x310 /home/owen/workspace-rs5/StdPeriphLib_v100_STM32F4xx/Debug/libStdPeriphLib_v100_STM32F4xx.a(stm32f4xx_gpio.o)
 .debug_loc     0x00003923      0x97c /home/owen/workspace-rs5/StdPeriphLib_v100_STM32F4xx/Debug/libStdPeriphLib_v100_STM32F4xx.a(stm32f4xx_rcc.o)
 .debug_loc     0x0000429f      0x1a8 /home/owen/workspace-rs5/StdPeriphLib_v100_STM32F4xx/Debug/libStdPeriphLib_v100_STM32F4xx.a(stm32f4xx_rng.o)
 .debug_loc     0x00004447      0x578 /home/owen/workspace-rs5/StdPeriphLib_v100_STM32F4xx/Debug/libStdPeriphLib_v100_STM32F4xx.a(stm32f4xx_spi.o)
 .debug_loc     0x000049bf     0x1420 /home/owen/workspace-rs5/StdPeriphLib_v100_STM32F4xx/Debug/libStdPeriphLib_v100_STM32F4xx.a(stm32f4xx_tim.o)
 .debug_loc     0x00005ddf      0x658 /home/owen/workspace-rs5/StdPeriphLib_v100_STM32F4xx/Debug/libStdPeriphLib_v100_STM32F4xx.a(stm32f4xx_usart.o)
 .debug_loc     0x00006437       0x8e /home/owen/workspace-rs5/CMSISv2p10_DSPLIB_CM4/lib/libCMSISv2p10_DSPLIB_CM4.a(arm_sin_f32.o)

.debug_aranges  0x00000000     0x1188
 .debug_aranges
                0x00000000       0x28 ./src/CS4344.o
 .debug_aranges
                0x00000028       0x28 ./src/audio.o
 .debug_aranges
                0x00000050       0x80 ./src/cr_startup_stm32f4xx.o
 .debug_aranges
                0x000000d0       0x40 ./src/main.o
 .debug_aranges
                0x00000110      0x138 ./src/midi.o
 .debug_aranges
                0x00000248       0x90 ./src/notelist.o
 .debug_aranges
                0x000002d8       0xb8 ./src/oscillator.o
 .debug_aranges
                0x00000390      0x2e0 ./src/pp6.o
 .debug_aranges
                0x00000670       0x30 ./src/pwm.o
 .debug_aranges
                0x000006a0       0x38 ./src/sad.o
 .debug_aranges
                0x000006d8       0x48 ./src/sadsr.o
 .debug_aranges
                0x00000720      0x100 ./src/sequencer.o
 .debug_aranges
                0x00000820       0x30 ./src/system_stm32f4xx.o
 .debug_aranges
                0x00000850       0x30 ./src/timer.o
 .debug_aranges
                0x00000880       0x30 ./src/uart.o
 .debug_aranges
                0x000008b0       0x40 /home/owen/workspace-rs5/StdPeriphLib_v100_STM32F4xx/Debug/libStdPeriphLib_v100_STM32F4xx.a(misc.o)
 .debug_aranges
                0x000008f0      0x148 /home/owen/workspace-rs5/StdPeriphLib_v100_STM32F4xx/Debug/libStdPeriphLib_v100_STM32F4xx.a(stm32f4xx_adc.o)
 .debug_aranges
                0x00000a38       0x88 /home/owen/workspace-rs5/StdPeriphLib_v100_STM32F4xx/Debug/libStdPeriphLib_v100_STM32F4xx.a(stm32f4xx_gpio.o)
 .debug_aranges
                0x00000ac0      0x178 /home/owen/workspace-rs5/StdPeriphLib_v100_STM32F4xx/Debug/libStdPeriphLib_v100_STM32F4xx.a(stm32f4xx_rcc.o)
 .debug_aranges
                0x00000c38       0x58 /home/owen/workspace-rs5/StdPeriphLib_v100_STM32F4xx/Debug/libStdPeriphLib_v100_STM32F4xx.a(stm32f4xx_rng.o)
 .debug_aranges
                0x00000c90       0xe0 /home/owen/workspace-rs5/StdPeriphLib_v100_STM32F4xx/Debug/libStdPeriphLib_v100_STM32F4xx.a(stm32f4xx_spi.o)
 .debug_aranges
                0x00000d70      0x2f8 /home/owen/workspace-rs5/StdPeriphLib_v100_STM32F4xx/Debug/libStdPeriphLib_v100_STM32F4xx.a(stm32f4xx_tim.o)
 .debug_aranges
                0x00001068      0x100 /home/owen/workspace-rs5/StdPeriphLib_v100_STM32F4xx/Debug/libStdPeriphLib_v100_STM32F4xx.a(stm32f4xx_usart.o)
 .debug_aranges
                0x00001168       0x20 /home/owen/workspace-rs5/CMSISv2p10_DSPLIB_CM4/lib/libCMSISv2p10_DSPLIB_CM4.a(arm_sin_f32.o)

.debug_ranges   0x00000000     0x1008
 .debug_ranges  0x00000000       0x18 ./src/CS4344.o
 .debug_ranges  0x00000018       0x18 ./src/audio.o
 .debug_ranges  0x00000030       0x70 ./src/cr_startup_stm32f4xx.o
 .debug_ranges  0x000000a0       0x30 ./src/main.o
 .debug_ranges  0x000000d0      0x128 ./src/midi.o
 .debug_ranges  0x000001f8       0x80 ./src/notelist.o
 .debug_ranges  0x00000278       0xa8 ./src/oscillator.o
 .debug_ranges  0x00000320      0x2d0 ./src/pp6.o
 .debug_ranges  0x000005f0       0x20 ./src/pwm.o
 .debug_ranges  0x00000610       0x28 ./src/sad.o
 .debug_ranges  0x00000638       0x38 ./src/sadsr.o
 .debug_ranges  0x00000670       0xf0 ./src/sequencer.o
 .debug_ranges  0x00000760       0x20 ./src/system_stm32f4xx.o
 .debug_ranges  0x00000780       0x20 ./src/timer.o
 .debug_ranges  0x000007a0       0x20 ./src/uart.o
 .debug_ranges  0x000007c0       0x30 /home/owen/workspace-rs5/StdPeriphLib_v100_STM32F4xx/Debug/libStdPeriphLib_v100_STM32F4xx.a(misc.o)
 .debug_ranges  0x000007f0      0x138 /home/owen/workspace-rs5/StdPeriphLib_v100_STM32F4xx/Debug/libStdPeriphLib_v100_STM32F4xx.a(stm32f4xx_adc.o)
 .debug_ranges  0x00000928       0x78 /home/owen/workspace-rs5/StdPeriphLib_v100_STM32F4xx/Debug/libStdPeriphLib_v100_STM32F4xx.a(stm32f4xx_gpio.o)
 .debug_ranges  0x000009a0      0x168 /home/owen/workspace-rs5/StdPeriphLib_v100_STM32F4xx/Debug/libStdPeriphLib_v100_STM32F4xx.a(stm32f4xx_rcc.o)
 .debug_ranges  0x00000b08       0x48 /home/owen/workspace-rs5/StdPeriphLib_v100_STM32F4xx/Debug/libStdPeriphLib_v100_STM32F4xx.a(stm32f4xx_rng.o)
 .debug_ranges  0x00000b50       0xd0 /home/owen/workspace-rs5/StdPeriphLib_v100_STM32F4xx/Debug/libStdPeriphLib_v100_STM32F4xx.a(stm32f4xx_spi.o)
 .debug_ranges  0x00000c20      0x2e8 /home/owen/workspace-rs5/StdPeriphLib_v100_STM32F4xx/Debug/libStdPeriphLib_v100_STM32F4xx.a(stm32f4xx_tim.o)
 .debug_ranges  0x00000f08       0xf0 /home/owen/workspace-rs5/StdPeriphLib_v100_STM32F4xx/Debug/libStdPeriphLib_v100_STM32F4xx.a(stm32f4xx_usart.o)
 .debug_ranges  0x00000ff8       0x10 /home/owen/workspace-rs5/CMSISv2p10_DSPLIB_CM4/lib/libCMSISv2p10_DSPLIB_CM4.a(arm_sin_f32.o)

.debug_line     0x00000000     0xb61f
 .debug_line    0x00000000      0x634 ./src/CS4344.o
 .debug_line    0x00000634      0x463 ./src/audio.o
 .debug_line    0x00000a97      0x65e ./src/cr_startup_stm32f4xx.o
 .debug_line    0x000010f5      0x9fc ./src/main.o
 .debug_line    0x00001af1      0x9df ./src/midi.o
 .debug_line    0x000024d0      0x66e ./src/notelist.o
 .debug_line    0x00002b3e      0x647 ./src/oscillator.o
 .debug_line    0x00003185      0xfc8 ./src/pp6.o
 .debug_line    0x0000414d      0x70f ./src/pwm.o
 .debug_line    0x0000485c      0x48e ./src/sad.o
 .debug_line    0x00004cea      0x4bc ./src/sadsr.o
 .debug_line    0x000051a6      0x71a ./src/sequencer.o
 .debug_line    0x000058c0      0x674 ./src/system_stm32f4xx.o
 .debug_line    0x00005f34      0x61e ./src/timer.o
 .debug_line    0x00006552      0x62e ./src/uart.o
 .debug_line    0x00006b80      0x645 /home/owen/workspace-rs5/StdPeriphLib_v100_STM32F4xx/Debug/libStdPeriphLib_v100_STM32F4xx.a(misc.o)
 .debug_line    0x000071c5      0x94b /home/owen/workspace-rs5/StdPeriphLib_v100_STM32F4xx/Debug/libStdPeriphLib_v100_STM32F4xx.a(stm32f4xx_adc.o)
 .debug_line    0x00007b10      0x735 /home/owen/workspace-rs5/StdPeriphLib_v100_STM32F4xx/Debug/libStdPeriphLib_v100_STM32F4xx.a(stm32f4xx_gpio.o)
 .debug_line    0x00008245      0x993 /home/owen/workspace-rs5/StdPeriphLib_v100_STM32F4xx/Debug/libStdPeriphLib_v100_STM32F4xx.a(stm32f4xx_rcc.o)
 .debug_line    0x00008bd8      0x67f /home/owen/workspace-rs5/StdPeriphLib_v100_STM32F4xx/Debug/libStdPeriphLib_v100_STM32F4xx.a(stm32f4xx_rng.o)
 .debug_line    0x00009257      0x84b /home/owen/workspace-rs5/StdPeriphLib_v100_STM32F4xx/Debug/libStdPeriphLib_v100_STM32F4xx.a(stm32f4xx_spi.o)
 .debug_line    0x00009aa2      0xe70 /home/owen/workspace-rs5/StdPeriphLib_v100_STM32F4xx/Debug/libStdPeriphLib_v100_STM32F4xx.a(stm32f4xx_tim.o)
 .debug_line    0x0000a912      0x886 /home/owen/workspace-rs5/StdPeriphLib_v100_STM32F4xx/Debug/libStdPeriphLib_v100_STM32F4xx.a(stm32f4xx_usart.o)
 .debug_line    0x0000b198      0x487 /home/owen/workspace-rs5/CMSISv2p10_DSPLIB_CM4/lib/libCMSISv2p10_DSPLIB_CM4.a(arm_sin_f32.o)

.debug_macinfo  0x00000000   0x63ce50
 .debug_macinfo
                0x00000000    0x5bcdb ./src/CS4344.o
 .debug_macinfo
                0x0005bcdb     0x5044 ./src/audio.o
 .debug_macinfo
                0x00060d1f    0x5baca ./src/cr_startup_stm32f4xx.o
 .debug_macinfo
                0x000bc7e9    0x5cccd ./src/main.o
 .debug_macinfo
                0x001194b6    0x5c987 ./src/midi.o
 .debug_macinfo
                0x00175e3d     0x4fc6 ./src/notelist.o
 .debug_macinfo
                0x0017ae03     0x5069 ./src/oscillator.o
 .debug_macinfo
                0x0017fe6c    0x5c78c ./src/pp6.o
 .debug_macinfo
                0x001dc5f8    0x5c22b ./src/pwm.o
 .debug_macinfo
                0x00238823     0x5052 ./src/sad.o
 .debug_macinfo
                0x0023d875     0x5054 ./src/sadsr.o
 .debug_macinfo
                0x002428c9     0x5500 ./src/sequencer.o
 .debug_macinfo
                0x00247dc9    0x5bacd ./src/system_stm32f4xx.o
 .debug_macinfo
                0x002a3896    0x5ba79 ./src/timer.o
 .debug_macinfo
                0x002ff30f    0x5ba78 ./src/uart.o
 .debug_macinfo
                0x0035ad87    0x5ba7b /home/owen/workspace-rs5/StdPeriphLib_v100_STM32F4xx/Debug/libStdPeriphLib_v100_STM32F4xx.a(misc.o)
 .debug_macinfo
                0x003b6802    0x5bd69 /home/owen/workspace-rs5/StdPeriphLib_v100_STM32F4xx/Debug/libStdPeriphLib_v100_STM32F4xx.a(stm32f4xx_adc.o)
 .debug_macinfo
                0x0041256b    0x5ba4f /home/owen/workspace-rs5/StdPeriphLib_v100_STM32F4xx/Debug/libStdPeriphLib_v100_STM32F4xx.a(stm32f4xx_gpio.o)
 .debug_macinfo
                0x0046dfba    0x5bf5b /home/owen/workspace-rs5/StdPeriphLib_v100_STM32F4xx/Debug/libStdPeriphLib_v100_STM32F4xx.a(stm32f4xx_rcc.o)
 .debug_macinfo
                0x004c9f15    0x5ba4f /home/owen/workspace-rs5/StdPeriphLib_v100_STM32F4xx/Debug/libStdPeriphLib_v100_STM32F4xx.a(stm32f4xx_rng.o)
 .debug_macinfo
                0x00525964    0x5bb3c /home/owen/workspace-rs5/StdPeriphLib_v100_STM32F4xx/Debug/libStdPeriphLib_v100_STM32F4xx.a(stm32f4xx_spi.o)
 .debug_macinfo
                0x005814a0    0x5bb28 /home/owen/workspace-rs5/StdPeriphLib_v100_STM32F4xx/Debug/libStdPeriphLib_v100_STM32F4xx.a(stm32f4xx_tim.o)
 .debug_macinfo
                0x005dcfc8    0x5bb7b /home/owen/workspace-rs5/StdPeriphLib_v100_STM32F4xx/Debug/libStdPeriphLib_v100_STM32F4xx.a(stm32f4xx_usart.o)
 .debug_macinfo
                0x00638b43     0x430d /home/owen/workspace-rs5/CMSISv2p10_DSPLIB_CM4/lib/libCMSISv2p10_DSPLIB_CM4.a(arm_sin_f32.o)

.debug_str      0x00000000     0x4558
 .debug_str     0x00000000      0x976 ./src/CS4344.o
                                0x9b3 (size before relaxing)
 .debug_str     0x00000976       0x54 ./src/audio.o
                                0x149 (size before relaxing)
 .debug_str     0x000009ca      0x179 ./src/cr_startup_stm32f4xx.o
                                0x280 (size before relaxing)
 .debug_str     0x00000b43      0x2d8 ./src/main.o
                                0x4f0 (size before relaxing)
 .debug_str     0x00000e1b      0x263 ./src/midi.o
                                0x414 (size before relaxing)
 .debug_str     0x0000107e      0x162 ./src/notelist.o
                                0x2a3 (size before relaxing)
 .debug_str     0x000011e0      0x2a2 ./src/oscillator.o
                                0x3ea (size before relaxing)
 .debug_str     0x00001482      0x9a6 ./src/pp6.o
                                0xe3e (size before relaxing)
 .debug_str     0x00001e28      0x1ce ./src/pwm.o
                                0x501 (size before relaxing)
 .debug_str     0x00001ff6       0x74 ./src/sad.o
                                0x178 (size before relaxing)
 .debug_str     0x0000206a       0x85 ./src/sadsr.o
                                0x1bf (size before relaxing)
 .debug_str     0x000020ef      0x31d ./src/sequencer.o
                                0x452 (size before relaxing)
 .debug_str     0x0000240c      0x1b8 ./src/system_stm32f4xx.o
                                0x337 (size before relaxing)
 .debug_str     0x000025c4       0x35 ./src/timer.o
                                0x2be (size before relaxing)
 .debug_str     0x000025f9       0xf0 ./src/uart.o
                                0x411 (size before relaxing)
 .debug_str     0x000026e9      0x16c /home/owen/workspace-rs5/StdPeriphLib_v100_STM32F4xx/Debug/libStdPeriphLib_v100_STM32F4xx.a(misc.o)
                                0x371 (size before relaxing)
 .debug_str     0x00002855      0x4d6 /home/owen/workspace-rs5/StdPeriphLib_v100_STM32F4xx/Debug/libStdPeriphLib_v100_STM32F4xx.a(stm32f4xx_adc.o)
                                0x79c (size before relaxing)
 .debug_str     0x00002d2b      0x171 /home/owen/workspace-rs5/StdPeriphLib_v100_STM32F4xx/Debug/libStdPeriphLib_v100_STM32F4xx.a(stm32f4xx_gpio.o)
                                0x43b (size before relaxing)
 .debug_str     0x00002e9c      0x537 /home/owen/workspace-rs5/StdPeriphLib_v100_STM32F4xx/Debug/libStdPeriphLib_v100_STM32F4xx.a(stm32f4xx_rcc.o)
                                0x7e8 (size before relaxing)
 .debug_str     0x000033d3       0xad /home/owen/workspace-rs5/StdPeriphLib_v100_STM32F4xx/Debug/libStdPeriphLib_v100_STM32F4xx.a(stm32f4xx_rng.o)
                                0x21c (size before relaxing)
 .debug_str     0x00003480      0x2e6 /home/owen/workspace-rs5/StdPeriphLib_v100_STM32F4xx/Debug/libStdPeriphLib_v100_STM32F4xx.a(stm32f4xx_spi.o)
                                0x622 (size before relaxing)
 .debug_str     0x00003766      0x9cc /home/owen/workspace-rs5/StdPeriphLib_v100_STM32F4xx/Debug/libStdPeriphLib_v100_STM32F4xx.a(stm32f4xx_tim.o)
                                0xd68 (size before relaxing)
 .debug_str     0x00004132      0x378 /home/owen/workspace-rs5/StdPeriphLib_v100_STM32F4xx/Debug/libStdPeriphLib_v100_STM32F4xx.a(stm32f4xx_usart.o)
                                0x627 (size before relaxing)
 .debug_str     0x000044aa       0xae /home/owen/workspace-rs5/CMSISv2p10_DSPLIB_CM4/lib/libCMSISv2p10_DSPLIB_CM4.a(arm_sin_f32.o)
                                0x14e (size before relaxing)

.comment        0x00000000      0x10a
 .comment       0x00000000       0x70 ./src/CS4344.o
                                 0x71 (size before relaxing)
 .comment       0x00000000       0x71 ./src/audio.o
 .comment       0x00000000       0x71 ./src/cr_startup_stm32f4xx.o
 .comment       0x00000000       0x71 ./src/main.o
 .comment       0x00000000       0x71 ./src/midi.o
 .comment       0x00000000       0x71 ./src/notelist.o
 .comment       0x00000000       0x71 ./src/oscillator.o
 .comment       0x00000000       0x71 ./src/pp6.o
 .comment       0x00000000       0x71 ./src/pwm.o
 .comment       0x00000000       0x71 ./src/sad.o
 .comment       0x00000000       0x71 ./src/sadsr.o
 .comment       0x00000000       0x71 ./src/sequencer.o
 .comment       0x00000000       0x71 ./src/system_stm32f4xx.o
 .comment       0x00000000       0x71 ./src/timer.o
 .comment       0x00000000       0x71 ./src/uart.o
 .comment       0x00000000       0x71 /home/owen/workspace-rs5/StdPeriphLib_v100_STM32F4xx/Debug/libStdPeriphLib_v100_STM32F4xx.a(misc.o)
 .comment       0x00000000       0x71 /home/owen/workspace-rs5/StdPeriphLib_v100_STM32F4xx/Debug/libStdPeriphLib_v100_STM32F4xx.a(stm32f4xx_adc.o)
 .comment       0x00000000       0x71 /home/owen/workspace-rs5/StdPeriphLib_v100_STM32F4xx/Debug/libStdPeriphLib_v100_STM32F4xx.a(stm32f4xx_gpio.o)
 .comment       0x00000000       0x71 /home/owen/workspace-rs5/StdPeriphLib_v100_STM32F4xx/Debug/libStdPeriphLib_v100_STM32F4xx.a(stm32f4xx_rcc.o)
 .comment       0x00000000       0x71 /home/owen/workspace-rs5/StdPeriphLib_v100_STM32F4xx/Debug/libStdPeriphLib_v100_STM32F4xx.a(stm32f4xx_rng.o)
 .comment       0x00000000       0x71 /home/owen/workspace-rs5/StdPeriphLib_v100_STM32F4xx/Debug/libStdPeriphLib_v100_STM32F4xx.a(stm32f4xx_spi.o)
 .comment       0x00000000       0x71 /home/owen/workspace-rs5/StdPeriphLib_v100_STM32F4xx/Debug/libStdPeriphLib_v100_STM32F4xx.a(stm32f4xx_tim.o)
 .comment       0x00000000       0x71 /home/owen/workspace-rs5/StdPeriphLib_v100_STM32F4xx/Debug/libStdPeriphLib_v100_STM32F4xx.a(stm32f4xx_usart.o)
 .comment       0x00000070       0x2a /home/owen/workspace-rs5/CMSISv2p10_DSPLIB_CM4/lib/libCMSISv2p10_DSPLIB_CM4.a(arm_sin_f32.o)
                                 0x2b (size before relaxing)
 .comment       0x0000009a       0x70 /usr/local/redsuite_5.2.4_2122/redsuite/tools/bin/../lib/gcc/arm-none-eabi/4.6.2/../../../../arm-none-eabi/lib/armv7e-m/softfp/libcr_c.a(__weak__main.o)
                                 0x71 (size before relaxing)

.ARM.attributes
                0x00000000       0x39
 .ARM.attributes
                0x00000000       0x39 ./src/CS4344.o
 .ARM.attributes
                0x00000039       0x39 ./src/audio.o
 .ARM.attributes
                0x00000072       0x39 ./src/cr_startup_stm32f4xx.o
 .ARM.attributes
                0x000000ab       0x39 ./src/main.o
 .ARM.attributes
                0x000000e4       0x39 ./src/midi.o
 .ARM.attributes
                0x0000011d       0x39 ./src/notelist.o
 .ARM.attributes
                0x00000156       0x39 ./src/oscillator.o
 .ARM.attributes
                0x0000018f       0x39 ./src/pp6.o
 .ARM.attributes
                0x000001c8       0x39 ./src/pwm.o
 .ARM.attributes
                0x00000201       0x39 ./src/sad.o
 .ARM.attributes
                0x0000023a       0x39 ./src/sadsr.o
 .ARM.attributes
                0x00000273       0x39 ./src/sequencer.o
 .ARM.attributes
                0x000002ac       0x39 ./src/system_stm32f4xx.o
 .ARM.attributes
                0x000002e5       0x39 ./src/timer.o
 .ARM.attributes
                0x0000031e       0x39 ./src/uart.o
 .ARM.attributes
                0x00000357       0x39 /home/owen/workspace-rs5/StdPeriphLib_v100_STM32F4xx/Debug/libStdPeriphLib_v100_STM32F4xx.a(misc.o)
 .ARM.attributes
                0x00000390       0x39 /home/owen/workspace-rs5/StdPeriphLib_v100_STM32F4xx/Debug/libStdPeriphLib_v100_STM32F4xx.a(stm32f4xx_adc.o)
 .ARM.attributes
                0x000003c9       0x39 /home/owen/workspace-rs5/StdPeriphLib_v100_STM32F4xx/Debug/libStdPeriphLib_v100_STM32F4xx.a(stm32f4xx_gpio.o)
 .ARM.attributes
                0x00000402       0x39 /home/owen/workspace-rs5/StdPeriphLib_v100_STM32F4xx/Debug/libStdPeriphLib_v100_STM32F4xx.a(stm32f4xx_rcc.o)
 .ARM.attributes
                0x0000043b       0x39 /home/owen/workspace-rs5/StdPeriphLib_v100_STM32F4xx/Debug/libStdPeriphLib_v100_STM32F4xx.a(stm32f4xx_rng.o)
 .ARM.attributes
                0x00000474       0x39 /home/owen/workspace-rs5/StdPeriphLib_v100_STM32F4xx/Debug/libStdPeriphLib_v100_STM32F4xx.a(stm32f4xx_spi.o)
 .ARM.attributes
                0x000004ad       0x39 /home/owen/workspace-rs5/StdPeriphLib_v100_STM32F4xx/Debug/libStdPeriphLib_v100_STM32F4xx.a(stm32f4xx_tim.o)
 .ARM.attributes
                0x000004e6       0x39 /home/owen/workspace-rs5/StdPeriphLib_v100_STM32F4xx/Debug/libStdPeriphLib_v100_STM32F4xx.a(stm32f4xx_usart.o)
 .ARM.attributes
                0x0000051f       0x37 /home/owen/workspace-rs5/CMSISv2p10_DSPLIB_CM4/lib/libCMSISv2p10_DSPLIB_CM4.a(arm_sin_f32.o)
 .ARM.attributes
                0x00000556       0x39 /usr/local/redsuite_5.2.4_2122/redsuite/tools/bin/../lib/gcc/arm-none-eabi/4.6.2/../../../../arm-none-eabi/lib/armv7e-m/softfp/libcr_c.a(__weak__main.o)

.debug_frame    0x00000000     0x3628
 .debug_frame   0x00000000       0x50 ./src/CS4344.o
 .debug_frame   0x00000050       0x48 ./src/audio.o
 .debug_frame   0x00000098       0xf4 ./src/cr_startup_stm32f4xx.o
 .debug_frame   0x0000018c       0xa4 ./src/main.o
 .debug_frame   0x00000230      0x420 ./src/midi.o
 .debug_frame   0x00000650      0x1bc ./src/notelist.o
 .debug_frame   0x0000080c      0x24c ./src/oscillator.o
 .debug_frame   0x00000a58      0x930 ./src/pp6.o
 .debug_frame   0x00001388       0x70 ./src/pwm.o
 .debug_frame   0x000013f8       0x80 ./src/sad.o
 .debug_frame   0x00001478       0xb8 ./src/sadsr.o
 .debug_frame   0x00001530      0x324 ./src/sequencer.o
 .debug_frame   0x00001854       0x64 ./src/system_stm32f4xx.o
 .debug_frame   0x000018b8       0x68 ./src/timer.o
 .debug_frame   0x00001920       0x68 ./src/uart.o
 .debug_frame   0x00001988       0x9c /home/owen/workspace-rs5/StdPeriphLib_v100_STM32F4xx/Debug/libStdPeriphLib_v100_STM32F4xx.a(misc.o)
 .debug_frame   0x00001a24      0x434 /home/owen/workspace-rs5/StdPeriphLib_v100_STM32F4xx/Debug/libStdPeriphLib_v100_STM32F4xx.a(stm32f4xx_adc.o)
 .debug_frame   0x00001e58      0x19c /home/owen/workspace-rs5/StdPeriphLib_v100_STM32F4xx/Debug/libStdPeriphLib_v100_STM32F4xx.a(stm32f4xx_gpio.o)
 .debug_frame   0x00001ff4      0x4d8 /home/owen/workspace-rs5/StdPeriphLib_v100_STM32F4xx/Debug/libStdPeriphLib_v100_STM32F4xx.a(stm32f4xx_rcc.o)
 .debug_frame   0x000024cc       0xec /home/owen/workspace-rs5/StdPeriphLib_v100_STM32F4xx/Debug/libStdPeriphLib_v100_STM32F4xx.a(stm32f4xx_rng.o)
 .debug_frame   0x000025b8      0x2d0 /home/owen/workspace-rs5/StdPeriphLib_v100_STM32F4xx/Debug/libStdPeriphLib_v100_STM32F4xx.a(stm32f4xx_spi.o)
 .debug_frame   0x00002888      0xa3c /home/owen/workspace-rs5/StdPeriphLib_v100_STM32F4xx/Debug/libStdPeriphLib_v100_STM32F4xx.a(stm32f4xx_tim.o)
 .debug_frame   0x000032c4      0x344 /home/owen/workspace-rs5/StdPeriphLib_v100_STM32F4xx/Debug/libStdPeriphLib_v100_STM32F4xx.a(stm32f4xx_usart.o)
 .debug_frame   0x00003608       0x20 /home/owen/workspace-rs5/CMSISv2p10_DSPLIB_CM4/lib/libCMSISv2p10_DSPLIB_CM4.a(arm_sin_f32.o)

.debug_pubnames
                0x00000000       0x22
 .debug_pubnames
                0x00000000       0x22 /home/owen/workspace-rs5/CMSISv2p10_DSPLIB_CM4/lib/libCMSISv2p10_DSPLIB_CM4.a(arm_sin_f32.o)

.debug_pubtypes
                0x00000000       0x39
 .debug_pubtypes
                0x00000000       0x39 /home/owen/workspace-rs5/CMSISv2p10_DSPLIB_CM4/lib/libCMSISv2p10_DSPLIB_CM4.a(arm_sin_f32.o)
