Archive member included because of file (symbol)

/home/owen/workspace-rs5/StdPeriphLib_v100_STM32F4xx/Debug/libStdPeriphLib_v100_STM32F4xx.a(misc.o)
                              ./src/CS4344.o (NVIC_Init)
/home/owen/workspace-rs5/StdPeriphLib_v100_STM32F4xx/Debug/libStdPeriphLib_v100_STM32F4xx.a(stm32f4xx_adc.o)
                              ./src/pp6.o (ADC_Init)
/home/owen/workspace-rs5/StdPeriphLib_v100_STM32F4xx/Debug/libStdPeriphLib_v100_STM32F4xx.a(stm32f4xx_gpio.o)
                              ./src/CS4344.o (GPIO_Init)
/home/owen/workspace-rs5/StdPeriphLib_v100_STM32F4xx/Debug/libStdPeriphLib_v100_STM32F4xx.a(stm32f4xx_rcc.o)
                              ./src/CS4344.o (RCC_AHB1PeriphClockCmd)
/home/owen/workspace-rs5/StdPeriphLib_v100_STM32F4xx/Debug/libStdPeriphLib_v100_STM32F4xx.a(stm32f4xx_rng.o)
                              ./src/main.o (RNG_Cmd)
/home/owen/workspace-rs5/StdPeriphLib_v100_STM32F4xx/Debug/libStdPeriphLib_v100_STM32F4xx.a(stm32f4xx_spi.o)
                              ./src/CS4344.o (SPI_I2S_DeInit)
/home/owen/workspace-rs5/StdPeriphLib_v100_STM32F4xx/Debug/libStdPeriphLib_v100_STM32F4xx.a(stm32f4xx_tim.o)
                              ./src/pwm.o (TIM_TimeBaseInit)
/home/owen/workspace-rs5/StdPeriphLib_v100_STM32F4xx/Debug/libStdPeriphLib_v100_STM32F4xx.a(stm32f4xx_usart.o)
                              ./src/uart.o (USART_Init)
/home/owen/workspace-rs5/CMSISv2p10_DSPLIB_CM4/lib/libCMSISv2p10_DSPLIB_CM4.a(arm_sin_f32.o)
                              ./src/oscillator.o (arm_sin_f32)
/usr/local/redsuite_5.2.4_2122/redsuite/tools/bin/../lib/gcc/arm-none-eabi/4.6.2/../../../../arm-none-eabi/lib/armv7e-m/softfp/libcr_c.a(__weak__main.o)
                              ./src/cr_startup_stm32f4xx.o (__main)

Allocating common symbols
Common symbol       size              file

cents               0x4               ./src/main.o
rate                0x4               ./src/main.o
dur                 0x4               ./src/main.o
recvArg0_           0x4               ./src/main.o
channelIn_          0x4               ./src/main.o
tune                0x4               ./src/main.o
uart_recv_buf       0x20              ./src/main.o
glide_step          0x4               ./src/main.o
recvEvent_          0x4               ./src/main.o
v                   0x4               ./src/main.o
tmp8                0x1               ./src/main.o
cents_target        0x4               ./src/main.o
glide               0x4               ./src/main.o
recvMode_           0x4               ./src/main.o
recvByteCount_      0x4               ./src/main.o
sendFullCommands_   0x1               ./src/main.o
pp6                 0x154             ./src/pp6.o
recvBytesNeeded_    0x4               ./src/main.o
play_buf            0x400             ./src/CS4344.o
lastStatusSent_     0x4               ./src/main.o
range               0x4               ./src/main.o

Discarded input sections

 .text          0x00000000        0x0 ./src/CS4344.o
 .data          0x00000000        0x0 ./src/CS4344.o
 .bss           0x00000000        0x0 ./src/CS4344.o
 .bss.o         0x00000000        0x2 ./src/CS4344.o
 .text          0x00000000        0x0 ./src/audio.o
 .data          0x00000000        0x0 ./src/audio.o
 .bss           0x00000000        0x0 ./src/audio.o
 .text.c_to_f   0x00000000       0xf4 ./src/audio.o
 .text          0x00000000        0x0 ./src/cr_startup_stm32f4xx.o
 .data          0x00000000        0x0 ./src/cr_startup_stm32f4xx.o
 .bss           0x00000000        0x0 ./src/cr_startup_stm32f4xx.o
 .text          0x00000000        0x0 ./src/main.o
 .data          0x00000000        0x0 ./src/main.o
 .bss           0x00000000        0x0 ./src/main.o
 .data.miditof  0x00000000       0x54 ./src/main.o
 .rodata.PARAM_SEND_FULL_COMMANDS
                0x00000000        0x4 ./src/main.o
 .rodata.PARAM_CHANNEL_IN
                0x00000000        0x4 ./src/main.o
 .text          0x00000000        0x0 ./src/midi.o
 .data          0x00000000        0x0 ./src/midi.o
 .bss           0x00000000        0x0 ./src/midi.o
 .rodata.PARAM_SEND_FULL_COMMANDS
                0x00000000        0x4 ./src/midi.o
 .rodata.PARAM_CHANNEL_IN
                0x00000000        0x4 ./src/midi.o
 .text.sendNoteOff
                0x00000000       0x78 ./src/midi.o
 .text.sendNoteOn
                0x00000000       0x78 ./src/midi.o
 .text.sendVelocityChange
                0x00000000       0x6c ./src/midi.o
 .text.sendControlChange
                0x00000000       0x6c ./src/midi.o
 .text.sendProgramChange
                0x00000000       0x5c ./src/midi.o
 .text.sendAfterTouch
                0x00000000       0x5c ./src/midi.o
 .text.sendPitchChange
                0x00000000       0x3c ./src/midi.o
 .text.sendSongPosition
                0x00000000       0x3c ./src/midi.o
 .text.sendSongSelect
                0x00000000       0x28 ./src/midi.o
 .text.sendTuneRequest
                0x00000000       0x10 ./src/midi.o
 .text.sendContinue
[...]
Memory Configuration

Name             Origin             Length             Attributes
MFlash512        0x08000000         0x00080000         xr
Ram112           0x20000000         0x0001c000         xrw
PeriphRam16      0x2001c000         0x00004000         xrw
Ram64            0x10000000         0x00010000         xrw
*default*        0x00000000         0xffffffff

Linker script and memory map

LOAD ./src/CS4344.o
LOAD ./src/audio.o
LOAD ./src/cr_startup_stm32f4xx.o
LOAD ./src/main.o
LOAD ./src/midi.o
LOAD ./src/notelist.o
LOAD ./src/oscillator.o
LOAD ./src/pp6.o
LOAD ./src/pwm.o
LOAD ./src/sad.o
LOAD ./src/sadsr.o
LOAD ./src/sequencer.o
LOAD ./src/system_stm32f4xx.o
LOAD ./src/timer.o
LOAD ./src/uart.o
LOAD /home/owen/workspace-rs5/StdPeriphLib_v100_STM32F4xx/Debug/libStdPeriphLib_v100_STM32F4xx.a
LOAD /home/owen/workspace-rs5/CMSISv2p10_STM32F4xx/Debug/libCMSISv2p10_STM32F4xx.a
LOAD /home/owen/workspace-rs5/CMSISv2p10_DSPLIB_CM4/lib/libCMSISv2p10_DSPLIB_CM4.a
START GROUP
LOAD /usr/local/redsuite_5.2.4_2122/redsuite/tools/bin/../lib/gcc/arm-none-eabi/4.6.2/../../../../arm-none-eabi/lib/armv7e-m/softfp/libcr_c.a
LOAD /usr/local/redsuite_5.2.4_2122/redsuite/tools/bin/../lib/gcc/arm-none-eabi/4.6.2/armv7e-m/softfp/libcr_eabihelpers.a
END GROUP
                0x08080000                __top_MFlash512 = 0x8080000
                0x2001c000                __top_Ram112 = 0x2001c000
                0x20020000                __top_PeriphRam16 = 0x20020000
                0x10010000                __top_Ram64 = 0x10010000

.text           0x08000000     0x5664
 FILL mask 0xff
                0x08000000                __vectors_start__ = ABSOLUTE (.)
 *(.isr_vector)
 .isr_vector    0x08000000      0x188 ./src/cr_startup_stm32f4xx.o
                0x08000000                g_pfnVectors
                0x08000188                . = ALIGN (0x4)
                0x08000188                __section_table_start = .
                0x08000188                __data_section_table = .
                0x08000188        0x4 LONG 0x8005664 LOADADDR (.data)
                0x0800018c        0x4 LONG 0x20000000 ADDR (.data)
                0x08000190        0x4 LONG 0x1f8 SIZEOF (.data)
                0x08000194        0x4 LONG 0x8005664 LOADADDR (.data_RAM2)
                0x08000198        0x4 LONG 0x2001c000 ADDR (.data_RAM2)
                0x0800019c        0x4 LONG 0x0 SIZEOF (.data_RAM2)
                0x080001a0        0x4 LONG 0x8005664 LOADADDR (.data_RAM3)
                0x080001a4        0x4 LONG 0x10000000 ADDR (.data_RAM3)
                0x080001a8        0x4 LONG 0x0 SIZEOF (.data_RAM3)
                0x080001ac                __data_section_table_end = .
                0x080001ac                __bss_section_table = .
                0x080001ac        0x4 LONG 0x200001f8 ADDR (.bss)
                0x080001b0        0x4 LONG 0xd244 SIZEOF (.bss)
                0x080001b4        0x4 LONG 0x2001c000 ADDR (.bss_RAM2)
                0x080001b8        0x4 LONG 0x0 SIZEOF (.bss_RAM2)
                0x080001bc        0x4 LONG 0x10000000 ADDR (.bss_RAM3)
                0x080001c0        0x4 LONG 0x0 SIZEOF (.bss_RAM3)
                0x080001c4                __bss_section_table_end = .
                0x080001c4                __section_table_end = .
 *(.after_vectors*)
 .after_vectors
                0x080001c4       0x88 ./src/cr_startup_stm32f4xx.o
                0x080001c4                NMI_Handler
                0x080001c6                HardFault_Handler
                0x080001c8                MemManage_Handler
                0x080001ca                BusFault_Handler
                0x080001cc                UsageFault_Handler
                0x080001ce                SVC_Handler
                0x080001d0                DebugMon_Handler
                0x080001d2                PendSV_Handler
                0x080001d4                SysTick_Handler
                0x080001d6                data_init
                0x080001e8                bss_init
                0x080001f8                ResetISR
                0x08000244                RTC_Alarm_IRQHandler
                0x08000244                HASH_RNG_IRQHandler
                0x08000244                EXTI2_IRQHandler
                0x08000244                TIM8_CC_IRQHandler
                0x08000244                TIM1_CC_IRQHandler
                0x08000244                DMA2_Stream5_IRQHandler
                0x08000244                DMA1_Stream5_IRQHandler
                0x08000244                PVD_IRQHandler
                0x08000244                SDIO_IRQHandler
                0x08000244                TAMP_STAMP_IRQHandler
                0x08000244                CAN2_RX1_IRQHandler
                0x08000244                EXTI3_IRQHandler
                0x08000244                TIM8_TRG_COM_TIM14_IRQHandler
                0x08000244                TIM1_UP_TIM10_IRQHandler
                0x08000244                TIM8_UP_TIM13_IRQHandler
                0x08000244                I2C3_ER_IRQHandler
                0x08000244                EXTI0_IRQHandler
                0x08000244                I2C2_EV_IRQHandler
                0x08000244                DMA1_Stream2_IRQHandler
                0x08000244                CAN1_RX0_IRQHandler
                0x08000244                FPU_IRQHandler
                0x08000244                OTG_HS_WKUP_IRQHandler
                0x08000244                CAN2_SCE_IRQHandler
                0x08000244                DMA2_Stream2_IRQHandler
                0x08000244                SPI1_IRQHandler
                0x08000244                IntDefaultHandler
                0x08000244                TIM6_DAC_IRQHandler
                0x08000244                TIM1_BRK_TIM9_IRQHandler
                0x08000244                DCMI_IRQHandler
                0x08000244                CAN2_RX0_IRQHandler
                0x08000244                DMA2_Stream3_IRQHandler
                0x08000244                USART6_IRQHandler
                0x08000244                USART3_IRQHandler
                0x08000244                CRYP_IRQHandler
                0x08000244                CAN1_RX1_IRQHandler
                0x08000244                UART5_IRQHandler
                0x08000244                DMA2_Stream0_IRQHandler
                0x08000244                TIM4_IRQHandler
                0x08000244                I2C1_EV_IRQHandler
                0x08000244                DMA1_Stream6_IRQHandler
                0x08000244                DMA1_Stream1_IRQHandler
                0x08000244                UART4_IRQHandler
                0x08000244                TIM3_IRQHandler
                0x08000244                RCC_IRQHandler
                0x08000244                TIM8_BRK_TIM12_IRQHandler
                0x08000244                EXTI15_10_IRQHandler
                0x08000244                ADC_IRQHandler
                0x08000244                DMA1_Stream7_IRQHandler
                0x08000244                TIM7_IRQHandler
                0x08000244                CAN2_TX_IRQHandler
                0x08000244                TIM5_IRQHandler
                0x08000244                DMA2_Stream7_IRQHandler
                0x08000244                I2C3_EV_IRQHandler
                0x08000244                EXTI9_5_IRQHandler
                0x08000244                RTC_WKUP_IRQHandler
                0x08000244                ETH_WKUP_IRQHandler
                0x08000244                SPI2_IRQHandler
                0x08000244                OTG_HS_EP1_IN_IRQHandler
                0x08000244                DMA1_Stream0_IRQHandler
                0x08000244                CAN1_TX_IRQHandler
                0x08000244                EXTI4_IRQHandler
                0x08000244                FSMC_IRQHandler
                0x08000244                ETH_IRQHandler
                0x08000244                OTG_HS_EP1_OUT_IRQHandler
                0x08000244                WWDG_IRQHandler
                0x08000244                TIM2_IRQHandler
                0x08000244                OTG_FS_WKUP_IRQHandler
                0x08000244                TIM1_TRG_COM_TIM11_IRQHandler
                0x08000244                OTG_HS_IRQHandler
                0x08000244                EXTI1_IRQHandler
                0x08000244                USART2_IRQHandler
                0x08000244                I2C2_ER_IRQHandler
                0x08000244                DMA2_Stream1_IRQHandler
                0x08000244                CAN1_SCE_IRQHandler
                0x08000244                FLASH_IRQHandler
                0x08000244                DMA2_Stream4_IRQHandler
                0x08000244                USART1_IRQHandler
                0x08000244                OTG_FS_IRQHandler
                0x08000244                DMA1_Stream4_IRQHandler
                0x08000244                I2C1_ER_IRQHandler
                0x08000244                DMA2_Stream6_IRQHandler
                0x08000244                DMA1_Stream3_IRQHandler
 *(.text*)
 .text.CS4344_init
                0x0800024c      0x17c ./src/CS4344.o
                0x0800024c                CS4344_init
 .text.SPI3_IRQHandler
                0x080003c8       0x94 ./src/CS4344.o
                0x080003c8                SPI3_IRQHandler
 .text.c_to_f_ratio
                0x0800045c       0xe8 ./src/audio.o
                0x0800045c                c_to_f_ratio
 .text.main     0x08000544      0xa7c ./src/main.o
                0x08000544                main
 .text.play_note
                0x08000fc0       0xdc ./src/main.o
 .text.adjust_f
                0x0800109c      0x1b8 ./src/main.o
 .text.flash_led_record_enable
                0x08001254       0x40 ./src/main.o
 .text.Delay    0x08001294       0x2c ./src/main.o
 .text.recvByte
                0x080012c0      0x4c8 ./src/midi.o
                0x080012c0                recvByte
 .text.sendSync
                0x08001788       0x10 ./src/midi.o
                0x08001788                sendSync
 .text.sendStart
                0x08001798       0x10 ./src/midi.o
                0x08001798                sendStart
 .text.sendStop
                0x080017a8       0x10 ./src/midi.o
                0x080017a8                sendStop
 .text.midi_init
                0x080017b8       0x84 ./src/midi.o
                0x080017b8                midi_init
 .text.handleNoteOff
                0x0800183c       0x24 ./src/midi.o
                0x0800183c                handleNoteOff
 .text.handleNoteOn
                0x08001860       0x24 ./src/midi.o
                0x08001860                handleNoteOn
 .text.handleSync
                0x08001884        0xc ./src/midi.o
                0x08001884                handleSync
 .text.handleStart
                0x08001890        0xc ./src/midi.o
                0x08001890                handleStart
 .text.handleStop
                0x0800189c        0xc ./src/midi.o
                0x0800189c                handleStop
 .text.handleVelocityChange
                0x080018a8       0x18 ./src/midi.o
                0x080018a8                handleVelocityChange
 .text.handleControlChange
                0x080018c0       0x18 ./src/midi.o
                0x080018c0                handleControlChange
 .text.handleProgramChange
                0x080018d8       0x14 ./src/midi.o
                0x080018d8                handleProgramChange
 .text.handleAfterTouch
                0x080018ec       0x14 ./src/midi.o
                0x080018ec                handleAfterTouch
 .text.handlePitchChange
                0x08001900       0x14 ./src/midi.o
                0x08001900                handlePitchChange
 .text.handleSongPosition
                0x08001914       0x14 ./src/midi.o
                0x08001914                handleSongPosition
 .text.handleSongSelect
                0x08001928       0x14 ./src/midi.o
                0x08001928                handleSongSelect
 .text.handleTuneRequest
                0x0800193c        0xc ./src/midi.o
                0x0800193c                handleTuneRequest
 .text.handleContinue
                0x08001948        0xc ./src/midi.o
                0x08001948                handleContinue
 .text.handleActiveSense
                0x08001954        0xc ./src/midi.o
                0x08001954                handleActiveSense
 .text.handleReset
                0x08001960        0xc ./src/midi.o
                0x08001960                handleReset
 .text.note_list_init
                0x0800196c       0x8c ./src/notelist.o
                0x0800196c                note_list_init
 .text.note_list_set_current_to_last
                0x080019f8       0x60 ./src/notelist.o
                0x080019f8                note_list_set_current_to_last
 .text.note_list_copy_notes
                0x08001a58       0x58 ./src/notelist.o
                0x08001a58                note_list_copy_notes
 .text.note_list_most_recent
                0x08001ab0       0x24 ./src/notelist.o
                0x08001ab0                note_list_most_recent
 .text.note_list_note_on
                0x08001ad4       0x38 ./src/notelist.o
                0x08001ad4                note_list_note_on
 .text.note_list_note_off
                0x08001b0c       0x98 ./src/notelist.o
                0x08001b0c                note_list_note_off
 .text.pp6_init
                0x08001ba4      0x164 ./src/pp6.o
                0x08001ba4                pp6_init
 .text.pp6_set_gate
                0x08001d08       0x40 ./src/pp6.o
                0x08001d08                pp6_set_gate
 .text.pp6_set_clk_src
                0x08001d48       0x24 ./src/pp6.o
                0x08001d48                pp6_set_clk_src
 .text.pp6_midi_clock_tick
                0x08001d6c       0x94 ./src/pp6.o
                0x08001d6c                pp6_midi_clock_tick
 .text.pp6_check_for_midi_clock
                0x08001e00       0x4c ./src/pp6.o
                0x08001e00                pp6_check_for_midi_clock
 .text.pp6_midi_clock_present
                0x08001e4c       0x18 ./src/pp6.o
                0x08001e4c                pp6_midi_clock_present
 .text.pp6_get_knob_1
                0x08001e64       0x18 ./src/pp6.o
                0x08001e64                pp6_get_knob_1
 .text.pp6_get_knob_2
                0x08001e7c       0x18 ./src/pp6.o
                0x08001e7c                pp6_get_knob_2
 .text.pp6_get_knob_3
                0x08001e94       0x18 ./src/pp6.o
                0x08001e94                pp6_get_knob_3
 .text.pp6_get_knob_4
                0x08001eac       0x18 ./src/pp6.o
                0x08001eac                pp6_get_knob_4
 .text.pp6_get_knob_5
                0x08001ec4       0x18 ./src/pp6.o
                0x08001ec4                pp6_get_knob_5
 .text.pp6_get_knob_array
                0x08001edc       0x14 ./src/pp6.o
                0x08001edc                pp6_get_knob_array
 .text.pp6_set_mode_button_pressed
                0x08001ef0       0x1c ./src/pp6.o
                0x08001ef0                pp6_set_mode_button_pressed
 .text.pp6_mode_button_pressed
                0x08001f0c       0x18 ./src/pp6.o
                0x08001f0c                pp6_mode_button_pressed
 .text.pp6_set_aux_button_pressed
                0x08001f24       0x1c ./src/pp6.o
                0x08001f24                pp6_set_aux_button_pressed
 .text.pp6_set_aux_button_released
                0x08001f40       0x1c ./src/pp6.o
                0x08001f40                pp6_set_aux_button_released
 .text.pp6_aux_button_pressed
                0x08001f5c       0x18 ./src/pp6.o
                0x08001f5c                pp6_aux_button_pressed
 .text.pp6_change_mode
                0x08001f74       0x8c ./src/pp6.o
                0x08001f74                pp6_change_mode
 .text.pp6_set_mode
                0x08002000       0x38 ./src/pp6.o
                0x08002000                pp6_set_mode
 .text.pp6_get_mode
                0x08002038       0x18 ./src/pp6.o
                0x08002038                pp6_get_mode
 .text.pp6_set_seq_led
                0x08002050      0x244 ./src/pp6.o
                0x08002050                pp6_set_seq_led
 .text.pp6_get_seq_led
                0x08002294       0x18 ./src/pp6.o
                0x08002294                pp6_get_seq_led
 .text.pp6_set_mode_led
                0x080022ac      0x244 ./src/pp6.o
                0x080022ac                pp6_set_mode_led
 .text.pp6_set_clk_led
                0x080024f0      0x230 ./src/pp6.o
                0x080024f0                pp6_set_clk_led
 .text.pp6_flash_seq_led
                0x08002720       0x24 ./src/pp6.o
                0x08002720                pp6_flash_seq_led
 .text.pp6_flash_update
                0x08002744      0x120 ./src/pp6.o
                0x08002744                pp6_flash_update
 .text.pp6_get_keys
                0x08002864       0x18 ./src/pp6.o
                0x08002864                pp6_get_keys
 .text.pp6_get_key_events
                0x0800287c      0x150 ./src/pp6.o
                0x0800287c                pp6_get_key_events
 .text.pp6_note_on_flag
                0x080029cc       0x18 ./src/pp6.o
                0x080029cc                pp6_note_on_flag
 .text.pp6_set_note_off
                0x080029e4       0x4c ./src/pp6.o
                0x080029e4                pp6_set_note_off
 .text.pp6_set_note_on
                0x08002a30       0x4c ./src/pp6.o
                0x08002a30                pp6_set_note_on
 .text.pp6_get_note_state
                0x08002a7c       0x2c ./src/pp6.o
                0x08002a7c                pp6_get_note_state
 .text.pp6_get_note_state_last
                0x08002aa8       0x2c ./src/pp6.o
                0x08002aa8                pp6_get_note_state_last
 .text.pp6_set_current_note_state_to_last
                0x08002ad4       0x48 ./src/pp6.o
                0x08002ad4                pp6_set_current_note_state_to_last
 .text.pp6_turn_off_all_on_notes
                0x08002b1c       0x50 ./src/pp6.o
                0x08002b1c                pp6_turn_off_all_on_notes
 .text.pp6_set_synth_note_stop
                0x08002b6c       0x28 ./src/pp6.o
                0x08002b6c                pp6_set_synth_note_stop
 .text.pp6_set_midi_start
                0x08002b94       0x2c ./src/pp6.o
                0x08002b94                pp6_set_midi_start
 .text.pp6_get_midi_start
                0x08002bc0       0x18 ./src/pp6.o
                0x08002bc0                pp6_get_midi_start
 .text.pp6_set_midi_stop
                0x08002bd8       0x1c ./src/pp6.o
                0x08002bd8                pp6_set_midi_stop
 .text.pp6_get_midi_stop
                0x08002bf4       0x18 ./src/pp6.o
                0x08002bf4                pp6_get_midi_stop
 .text.pp6_clear_flags
                0x08002c0c       0xe0 ./src/pp6.o
                0x08002c0c                pp6_clear_flags
 .text.pp6_inc_physical_notes_on
                0x08002cec       0x28 ./src/pp6.o
                0x08002cec                pp6_inc_physical_notes_on
 .text.pp6_dec_physical_notes_on
                0x08002d14       0x38 ./src/pp6.o
                0x08002d14                pp6_dec_physical_notes_on
 .text.pp6_get_physical_notes_on
                0x08002d4c       0x18 ./src/pp6.o
                0x08002d4c                pp6_get_physical_notes_on
 .text.pp6_knobs_init
                0x08002d64      0x10c ./src/pp6.o
                0x08002d64                pp6_knobs_init
 .text.pp6_knobs_update
                0x08002e70      0x1f0 ./src/pp6.o
                0x08002e70                pp6_knobs_update
 .text.pp6_knob_1_touched
                0x08003060       0x18 ./src/pp6.o
                0x08003060                pp6_knob_1_touched
 .text.pp6_knob_2_touched
                0x08003078       0x18 ./src/pp6.o
                0x08003078                pp6_knob_2_touched
 .text.pp6_knob_3_touched
                0x08003090       0x18 ./src/pp6.o
                0x08003090                pp6_knob_3_touched
 .text.pp6_init_digi_out
                0x080030a8       0xd0 ./src/pp6.o
                0x080030a8                pp6_init_digi_out
 .text.pp6_init_digi_in
                0x08003178       0xd4 ./src/pp6.o
                0x08003178                pp6_init_digi_in
 .text.pp6_keys_update
                0x0800324c      0x2b8 ./src/pp6.o
                0x0800324c                pp6_keys_update
 .text.pwm_init
                0x08003504      0x134 ./src/pwm.o
                0x08003504                pwm_init
 .text.pwm_set  0x08003638       0x78 ./src/pwm.o
                0x08003638                pwm_set
 .text.seq_set_status
                0x080036b0       0x20 ./src/sequencer.o
                0x080036b0                seq_set_status
 .text.seq_get_status
                0x080036d0       0x18 ./src/sequencer.o
                0x080036d0                seq_get_status
 .text.seq_start_recording
                0x080036e8       0x28 ./src/sequencer.o
                0x080036e8                seq_start_recording
 .text.seq_log_first_note_null
                0x08003710       0x54 ./src/sequencer.o
                0x08003710                seq_log_first_note_null
 .text.seq_log_note_start
                0x08003764       0x90 ./src/sequencer.o
                0x08003764                seq_log_note_start
 .text.seq_log_note_stop
                0x080037f4       0x90 ./src/sequencer.o
                0x080037f4                seq_log_note_stop
 .text.seq_log_events
                0x08003884       0x60 ./src/sequencer.o
                0x08003884                seq_log_events
 .text.seq_stop_recording
                0x080038e4      0x15c ./src/sequencer.o
                0x080038e4                seq_stop_recording
 .text.seq_rewind
                0x08003a40       0x28 ./src/sequencer.o
                0x08003a40                seq_rewind
 .text.seq_play_tick
                0x08003a68      0x120 ./src/sequencer.o
                0x08003a68                seq_play_tick
 .text.seq_tick
                0x08003b88       0x24 ./src/sequencer.o
                0x08003b88                seq_tick
 .text.seq_get_time
                0x08003bac       0x18 ./src/sequencer.o
                0x08003bac                seq_get_time
 .text.seq_get_length
                0x08003bc4       0x18 ./src/sequencer.o
                0x08003bc4                seq_get_length
 .text.seq_log_knobs
                0x08003bdc       0xb8 ./src/sequencer.o
                0x08003bdc                seq_log_knobs
 .text.seq_play_knobs
                0x08003c94       0x90 ./src/sequencer.o
                0x08003c94                seq_play_knobs
 .text.seq_enable_knob_playback
                0x08003d24       0x44 ./src/sequencer.o
                0x08003d24                seq_enable_knob_playback
 .text.seq_set_auto_stop
                0x08003d68       0x18 ./src/sequencer.o
                0x08003d68                seq_set_auto_stop
 .text.seq_get_auto_stop
                0x08003d80       0x18 ./src/sequencer.o
                0x08003d80                seq_get_auto_stop
 .text.seq_clear_auto_stop
                0x08003d98       0x18 ./src/sequencer.o
                0x08003d98                seq_clear_auto_stop
 .text.SystemInit
                0x08003db0       0xb0 ./src/system_stm32f4xx.o
                0x08003db0                SystemInit
 .text.SetSysClock
                0x08003e60      0x1e0 ./src/system_stm32f4xx.o
 .text.timer_init
                0x08004040       0x4c ./src/timer.o
                0x08004040                timer_init
 .text.uart_init
                0x0800408c       0xc4 ./src/uart.o
                0x0800408c                uart_init
 .text.put_char
                0x08004150       0x60 ./src/uart.o
                0x08004150                put_char
 .text.uart_service_tx_buf
                0x080041b0       0x8c ./src/uart.o
                0x080041b0                uart_service_tx_buf
 .text.NVIC_Init
                0x0800423c       0xe4 /home/owen/workspace-rs5/StdPeriphLib_v100_STM32F4xx/Debug/libStdPeriphLib_v100_STM32F4xx.a(misc.o)
                0x0800423c                NVIC_Init
 .text.ADC_Init
                0x08004320       0xb8 /home/owen/workspace-rs5/StdPeriphLib_v100_STM32F4xx/Debug/libStdPeriphLib_v100_STM32F4xx.a(stm32f4xx_adc.o)
                0x08004320                ADC_Init
 .text.ADC_CommonInit
                0x080043d8       0x5c /home/owen/workspace-rs5/StdPeriphLib_v100_STM32F4xx/Debug/libStdPeriphLib_v100_STM32F4xx.a(stm32f4xx_adc.o)
                0x080043d8                ADC_CommonInit
 .text.ADC_Cmd  0x08004434       0x38 /home/owen/workspace-rs5/StdPeriphLib_v100_STM32F4xx/Debug/libStdPeriphLib_v100_STM32F4xx.a(stm32f4xx_adc.o)
                0x08004434                ADC_Cmd
 .text.ADC_RegularChannelConfig
                0x0800446c      0x1bc /home/owen/workspace-rs5/StdPeriphLib_v100_STM32F4xx/Debug/libStdPeriphLib_v100_STM32F4xx.a(stm32f4xx_adc.o)
                0x0800446c                ADC_RegularChannelConfig
 .text.ADC_SoftwareStartConv
                0x08004628       0x20 /home/owen/workspace-rs5/StdPeriphLib_v100_STM32F4xx/Debug/libStdPeriphLib_v100_STM32F4xx.a(stm32f4xx_adc.o)
                0x08004628                ADC_SoftwareStartConv
 .text.ADC_GetConversionValue
                0x08004648       0x1c /home/owen/workspace-rs5/StdPeriphLib_v100_STM32F4xx/Debug/libStdPeriphLib_v100_STM32F4xx.a(stm32f4xx_adc.o)
                0x08004648                ADC_GetConversionValue
 .text.GPIO_Init
                0x08004664      0x154 /home/owen/workspace-rs5/StdPeriphLib_v100_STM32F4xx/Debug/libStdPeriphLib_v100_STM32F4xx.a(stm32f4xx_gpio.o)
                0x08004664                GPIO_Init
 .text.GPIO_ReadInputDataBit
                0x080047b8       0x3c /home/owen/workspace-rs5/StdPeriphLib_v100_STM32F4xx/Debug/libStdPeriphLib_v100_STM32F4xx.a(stm32f4xx_gpio.o)
                0x080047b8                GPIO_ReadInputDataBit
 .text.GPIO_WriteBit
                0x080047f4       0x30 /home/owen/workspace-rs5/StdPeriphLib_v100_STM32F4xx/Debug/libStdPeriphLib_v100_STM32F4xx.a(stm32f4xx_gpio.o)
                0x080047f4                GPIO_WriteBit
 .text.GPIO_PinAFConfig
                0x08004824       0xac /home/owen/workspace-rs5/StdPeriphLib_v100_STM32F4xx/Debug/libStdPeriphLib_v100_STM32F4xx.a(stm32f4xx_gpio.o)
                0x08004824                GPIO_PinAFConfig
 .text.RCC_GetClocksFreq
                0x080048d0      0x1d0 /home/owen/workspace-rs5/StdPeriphLib_v100_STM32F4xx/Debug/libStdPeriphLib_v100_STM32F4xx.a(stm32f4xx_rcc.o)
                0x080048d0                RCC_GetClocksFreq
 .text.RCC_AHB1PeriphClockCmd
                0x08004aa0       0x58 /home/owen/workspace-rs5/StdPeriphLib_v100_STM32F4xx/Debug/libStdPeriphLib_v100_STM32F4xx.a(stm32f4xx_rcc.o)
                0x08004aa0                RCC_AHB1PeriphClockCmd
 .text.RCC_AHB2PeriphClockCmd
                0x08004af8       0x58 /home/owen/workspace-rs5/StdPeriphLib_v100_STM32F4xx/Debug/libStdPeriphLib_v100_STM32F4xx.a(stm32f4xx_rcc.o)
                0x08004af8                RCC_AHB2PeriphClockCmd
 .text.RCC_APB1PeriphClockCmd
                0x08004b50       0x58 /home/owen/workspace-rs5/StdPeriphLib_v100_STM32F4xx/Debug/libStdPeriphLib_v100_STM32F4xx.a(stm32f4xx_rcc.o)
                0x08004b50                RCC_APB1PeriphClockCmd
 .text.RCC_APB2PeriphClockCmd
                0x08004ba8       0x58 /home/owen/workspace-rs5/StdPeriphLib_v100_STM32F4xx/Debug/libStdPeriphLib_v100_STM32F4xx.a(stm32f4xx_rcc.o)
                0x08004ba8                RCC_APB2PeriphClockCmd
 .text.RCC_APB1PeriphResetCmd
                0x08004c00       0x58 /home/owen/workspace-rs5/StdPeriphLib_v100_STM32F4xx/Debug/libStdPeriphLib_v100_STM32F4xx.a(stm32f4xx_rcc.o)
                0x08004c00                RCC_APB1PeriphResetCmd
 .text.RCC_APB2PeriphResetCmd
                0x08004c58       0x58 /home/owen/workspace-rs5/StdPeriphLib_v100_STM32F4xx/Debug/libStdPeriphLib_v100_STM32F4xx.a(stm32f4xx_rcc.o)
                0x08004c58                RCC_APB2PeriphResetCmd
 .text.RNG_Cmd  0x08004cb0       0x4c /home/owen/workspace-rs5/StdPeriphLib_v100_STM32F4xx/Debug/libStdPeriphLib_v100_STM32F4xx.a(stm32f4xx_rng.o)
                0x08004cb0                RNG_Cmd
 .text.SPI_I2S_DeInit
                0x08004cfc       0x88 /home/owen/workspace-rs5/StdPeriphLib_v100_STM32F4xx/Debug/libStdPeriphLib_v100_STM32F4xx.a(stm32f4xx_spi.o)
                0x08004cfc                SPI_I2S_DeInit
 .text.I2S_Init
                0x08004d84      0x214 /home/owen/workspace-rs5/StdPeriphLib_v100_STM32F4xx/Debug/libStdPeriphLib_v100_STM32F4xx.a(stm32f4xx_spi.o)
                0x08004d84                I2S_Init
 .text.I2S_Cmd  0x08004f98       0x40 /home/owen/workspace-rs5/StdPeriphLib_v100_STM32F4xx/Debug/libStdPeriphLib_v100_STM32F4xx.a(stm32f4xx_spi.o)
                0x08004f98                I2S_Cmd
 .text.SPI_I2S_SendData
                0x08004fd8       0x1c /home/owen/workspace-rs5/StdPeriphLib_v100_STM32F4xx/Debug/libStdPeriphLib_v100_STM32F4xx.a(stm32f4xx_spi.o)
                0x08004fd8                SPI_I2S_SendData
 .text.SPI_I2S_ITConfig
                0x08004ff4       0x6c /home/owen/workspace-rs5/StdPeriphLib_v100_STM32F4xx/Debug/libStdPeriphLib_v100_STM32F4xx.a(stm32f4xx_spi.o)
                0x08004ff4                SPI_I2S_ITConfig
 .text.SPI_I2S_GetFlagStatus
                0x08005060       0x40 /home/owen/workspace-rs5/StdPeriphLib_v100_STM32F4xx/Debug/libStdPeriphLib_v100_STM32F4xx.a(stm32f4xx_spi.o)
                0x08005060                SPI_I2S_GetFlagStatus
 .text.TIM_TimeBaseInit
                0x080050a0       0xf4 /home/owen/workspace-rs5/StdPeriphLib_v100_STM32F4xx/Debug/libStdPeriphLib_v100_STM32F4xx.a(stm32f4xx_tim.o)
                0x080050a0                TIM_TimeBaseInit
 .text.TIM_TimeBaseStructInit
                0x08005194       0x3c /home/owen/workspace-rs5/StdPeriphLib_v100_STM32F4xx/Debug/libStdPeriphLib_v100_STM32F4xx.a(stm32f4xx_tim.o)
                0x08005194                TIM_TimeBaseStructInit
 .text.TIM_Cmd  0x080051d0       0x40 /home/owen/workspace-rs5/StdPeriphLib_v100_STM32F4xx/Debug/libStdPeriphLib_v100_STM32F4xx.a(stm32f4xx_tim.o)
                0x080051d0                TIM_Cmd
 .text.TIM_OC1Init
                0x08005210       0xfc /home/owen/workspace-rs5/StdPeriphLib_v100_STM32F4xx/Debug/libStdPeriphLib_v100_STM32F4xx.a(stm32f4xx_tim.o)
                0x08005210                TIM_OC1Init
 .text.TIM_OCStructInit
                0x0800530c       0x54 /home/owen/workspace-rs5/StdPeriphLib_v100_STM32F4xx/Debug/libStdPeriphLib_v100_STM32F4xx.a(stm32f4xx_tim.o)
                0x0800530c                TIM_OCStructInit
 .text.TIM_OC1PreloadConfig
                0x08005360       0x38 /home/owen/workspace-rs5/StdPeriphLib_v100_STM32F4xx/Debug/libStdPeriphLib_v100_STM32F4xx.a(stm32f4xx_tim.o)
                0x08005360                TIM_OC1PreloadConfig
 .text.TIM_CtrlPWMOutputs
                0x08005398       0x50 /home/owen/workspace-rs5/StdPeriphLib_v100_STM32F4xx/Debug/libStdPeriphLib_v100_STM32F4xx.a(stm32f4xx_tim.o)
                0x08005398                TIM_CtrlPWMOutputs
 .text.USART_Init
                0x080053e8      0x1ac /home/owen/workspace-rs5/StdPeriphLib_v100_STM32F4xx/Debug/libStdPeriphLib_v100_STM32F4xx.a(stm32f4xx_usart.o)
                0x080053e8                USART_Init
 .text.USART_Cmd
                0x08005594       0x40 /home/owen/workspace-rs5/StdPeriphLib_v100_STM32F4xx/Debug/libStdPeriphLib_v100_STM32F4xx.a(stm32f4xx_usart.o)
                0x08005594                USART_Cmd
 .text.USART_SendData
                0x080055d4       0x28 /home/owen/workspace-rs5/StdPeriphLib_v100_STM32F4xx/Debug/libStdPeriphLib_v100_STM32F4xx.a(stm32f4xx_usart.o)
                0x080055d4                USART_SendData
 .text.USART_ReceiveData
                0x080055fc       0x24 /home/owen/workspace-rs5/StdPeriphLib_v100_STM32F4xx/Debug/libStdPeriphLib_v100_STM32F4xx.a(stm32f4xx_usart.o)
                0x080055fc                USART_ReceiveData
 .text.USART_GetFlagStatus
                0x08005620       0x40 /home/owen/workspace-rs5/StdPeriphLib_v100_STM32F4xx/Debug/libStdPeriphLib_v100_STM32F4xx.a(stm32f4xx_usart.o)
                0x08005620                USART_GetFlagStatus
 .text.__weak_main
                0x08005660        0x4 /usr/local/redsuite_5.2.4_2122/redsuite/tools/bin/../lib/gcc/arm-none-eabi/4.6.2/../../../../arm-none-eabi/lib/armv7e-m/softfp/libcr_c.a(__weak__main.o)
                0x08005660                __main
                0x08005660                __weak_main
 *(.rodata .rodata.*)
                0x08005664                . = ALIGN (0x4)

.glue_7         0x08005664        0x0
 .glue_7        0x00000000        0x0 linker stubs

.glue_7t        0x08005664        0x0
 .glue_7t       0x00000000        0x0 linker stubs

.vfp11_veneer   0x08005664        0x0
 .vfp11_veneer  0x00000000        0x0 linker stubs

.v4_bx          0x08005664        0x0
 .v4_bx         0x00000000        0x0 linker stubs

.ARM.extab
 *(.ARM.extab* .gnu.linkonce.armextab.*)
                0x08005664                __exidx_start = .

.ARM.exidx
 *(.ARM.exidx* .gnu.linkonce.armexidx.*)
                0x08005664                __exidx_end = .
                0x08005664                _etext = .

.data_RAM2      0x2001c000        0x0 load address 0x08005664
 FILL mask 0xff
 *(.data.$RAM2*)
 *(.data.$PeriphRam16*)
                0x2001c000                . = ALIGN (0x4)

.data_RAM3      0x10000000        0x0 load address 0x08005664
 FILL mask 0xff
 *(.data.$RAM3*)
 *(.data.$Ram64*)
                0x10000000                . = ALIGN (0x4)

.uninit_RESERVED
                0x20000000        0x0
 *(.bss.$RESERVED*)
                0x20000000                . = ALIGN (0x4)
                0x20000000                _end_uninit_RESERVED = .

.data           0x20000000      0x1f8 load address 0x08005664
 FILL mask 0xff
                0x20000000                _data = .
 *(vtable)
 *(.data*)
 .data.hardware_index
                0x20000000        0x4 ./src/CS4344.o
                0x20000000                hardware_index
 .data.pitch_class
                0x20000004       0x30 ./src/audio.o
                0x20000004                pitch_class
 .data.semitone
                0x20000034      0x190 ./src/audio.o
                0x20000034                semitone
 .data.keys_history
                0x200001c4       0x20 ./src/pp6.o
                0x200001c4                keys_history
 .data.seq_playback_knobs_enabled
                0x200001e4        0x1 ./src/sequencer.o
 .data.seq_knob_1_playback_enabled
                0x200001e5        0x1 ./src/sequencer.o
 .data.seq_knob_2_playback_enabled
                0x200001e6        0x1 ./src/sequencer.o
 .data.seq_knob_3_playback_enabled
                0x200001e7        0x1 ./src/sequencer.o
 .data.APBAHBPrescTable
                0x200001e8       0x10 /home/owen/workspace-rs5/StdPeriphLib_v100_STM32F4xx/Debug/libStdPeriphLib_v100_STM32F4xx.a(stm32f4xx_rcc.o)
                0x200001f8                . = ALIGN (0x4)
                0x200001f8                _edata = .

.bss_RAM2       0x2001c000        0x0
 *(.bss.$RAM2*)
 *(.bss.$PeriphRam16*)
                0x2001c000                . = ALIGN (0x4)

.bss_RAM3       0x10000000        0x0
 *(.bss.$RAM3*)
 *(.bss.$Ram64*)
                0x10000000                . = ALIGN (0x4)

.bss            0x200001f8     0xd244
                0x200001f8                _bss = .
 *(.bss*)
 .bss.software_index
                0x200001f8        0x4 ./src/CS4344.o
                0x200001f8                software_index
 .bss.sample_clock
                0x200001fc        0x4 ./src/CS4344.o
                0x200001fc                sample_clock
 .bss.sample_clock_last
                0x20000200        0x4 ./src/main.o
 .bss.led_counter
                0x20000204        0x4 ./src/main.o
 .bss.aux_led_color
                0x20000208        0x1 ./src/main.o
 .bss.uart_recv_buf_write
                0x20000209        0x1 ./src/main.o
                0x20000209                uart_recv_buf_write
 .bss.uart_recv_buf_read
                0x2000020a        0x1 ./src/main.o
                0x2000020a                uart_recv_buf_read
 *fill*         0x2000020b        0x1 00
 .bss.gate_time
                0x2000020c        0x4 ./src/main.o
                0x2000020c                gate_time
 .bss.gate_reset
                0x20000210        0x4 ./src/main.o
                0x20000210                gate_reset
 .bss.history_index.9482
                0x20000214        0x1 ./src/pp6.o
 .bss.channel.9446
                0x20000215        0x1 ./src/pp6.o
 *fill*         0x20000216        0x2 00
 .bss.knobs.9447
                0x20000218       0x14 ./src/pp6.o
 .bss.seq_deltas
                0x2000022c      0x400 ./src/sequencer.o
 .bss.seq_notes
                0x2000062c      0x400 ./src/sequencer.o
 .bss.seq_events
                0x20000a2c      0x400 ./src/sequencer.o
 .bss.seq_index
                0x20000e2c        0x4 ./src/sequencer.o
 .bss.seq_time  0x20000e30        0x4 ./src/sequencer.o
 .bss.seq_length
                0x20000e34        0x4 ./src/sequencer.o
 .bss.seq_status
                0x20000e38        0x1 ./src/sequencer.o
 .bss.seq_auto_stop
                0x20000e39        0x1 ./src/sequencer.o
 *fill*         0x20000e3a        0x2 00
 .bss.knob_log  0x20000e3c     0xc000 ./src/sequencer.o
 .bss.uart_tx_buf
                0x2000ce3c       0x40 ./src/uart.o
 .bss.uart_tx_buf_write
                0x2000ce7c        0x1 ./src/uart.o
 .bss.uart_tx_buf_read
                0x2000ce7d        0x1 ./src/uart.o
 *(COMMON)
 *fill*         0x2000ce7e        0x2 00
 COMMON         0x2000ce80      0x400 ./src/CS4344.o
                0x2000ce80                play_buf
 COMMON         0x2000d280       0x68 ./src/main.o
                0x2000d280                cents
                0x2000d284                rate
                0x2000d288                dur
                0x2000d28c                recvArg0_
                0x2000d290                channelIn_
                0x2000d294                tune
                0x2000d298                uart_recv_buf
                0x2000d2b8                glide_step
                0x2000d2bc                recvEvent_
                0x2000d2c0                v
                0x2000d2c4                tmp8
                0x2000d2c8                cents_target
                0x2000d2cc                glide
                0x2000d2d0                recvMode_
                0x2000d2d4                recvByteCount_
                0x2000d2d8                sendFullCommands_
                0x2000d2dc                recvBytesNeeded_
                0x2000d2e0                lastStatusSent_
                0x2000d2e4                range
 COMMON         0x2000d2e8      0x154 ./src/pp6.o
                0x2000d2e8                pp6
                0x2000d43c                . = ALIGN (0x4)
                0x2000d43c                _ebss = .
                0x2000d43c                PROVIDE (end, .)

.noinit_RAM2    0x2001c000        0x0
 *(.noinit.$RAM2*)
 *(.noinit.$PeriphRam16*)
                0x2001c000                . = ALIGN (0x4)

.noinit_RAM3    0x10000000        0x0
 *(.noinit.$RAM3*)
 *(.noinit.$Ram64*)
                0x10000000                . = ALIGN (0x4)

.noinit         0x2000d43c        0x0
                0x2000d43c                _noinit = .
 *(.noinit*)
                0x2000d43c                . = ALIGN (0x4)
                0x2000d43c                _end_noinit = .
                0x2000d43c                PROVIDE (_pvHeapStart, .)
                0x2001c000                PROVIDE (_vStackTop, (__top_Ram112 - 0x0))
OUTPUT(MelodyMill.axf elf32-littlearm)

.debug_info     0x00000000     0xb79e
 .debug_info    0x00000000      0x7cb ./src/CS4344.o
 .debug_info    0x000007cb      0x196 ./src/audio.o
 .debug_info    0x00000961      0x31b ./src/cr_startup_stm32f4xx.o
 .debug_info    0x00000c7c      0x6f2 ./src/main.o
 .debug_info    0x0000136e      0x849 ./src/midi.o
 .debug_info    0x00001bb7      0x4ec ./src/notelist.o
 .debug_info    0x000020a3      0x956 ./src/oscillator.o
 .debug_info    0x000029f9     0x1173 ./src/pp6.o
 .debug_info    0x00003b6c      0x6e8 ./src/pwm.o
 .debug_info    0x00004254      0x1c6 ./src/sad.o
 .debug_info    0x0000441a      0x242 ./src/sadsr.o
 .debug_info    0x0000465c      0x40b ./src/sequencer.o
 .debug_info    0x00004a67      0x625 ./src/system_stm32f4xx.o
 .debug_info    0x0000508c      0x3be ./src/timer.o
 .debug_info    0x0000544a      0x4b4 ./src/uart.o
 .debug_info    0x000058fe      0x59c /home/owen/workspace-rs5/StdPeriphLib_v100_STM32F4xx/Debug/libStdPeriphLib_v100_STM32F4xx.a(misc.o)
 .debug_info    0x00005e9a      0xcfd /home/owen/workspace-rs5/StdPeriphLib_v100_STM32F4xx/Debug/libStdPeriphLib_v100_STM32F4xx.a(stm32f4xx_adc.o)
 .debug_info    0x00006b97      0x641 /home/owen/workspace-rs5/StdPeriphLib_v100_STM32F4xx/Debug/libStdPeriphLib_v100_STM32F4xx.a(stm32f4xx_gpio.o)
 .debug_info    0x000071d8      0xd2c /home/owen/workspace-rs5/StdPeriphLib_v100_STM32F4xx/Debug/libStdPeriphLib_v100_STM32F4xx.a(stm32f4xx_rcc.o)
 .debug_info    0x00007f04      0x299 /home/owen/workspace-rs5/StdPeriphLib_v100_STM32F4xx/Debug/libStdPeriphLib_v100_STM32F4xx.a(stm32f4xx_rng.o)
 .debug_info    0x0000819d      0xbd4 /home/owen/workspace-rs5/StdPeriphLib_v100_STM32F4xx/Debug/libStdPeriphLib_v100_STM32F4xx.a(stm32f4xx_spi.o)
 .debug_info    0x00008d71     0x1e30 /home/owen/workspace-rs5/StdPeriphLib_v100_STM32F4xx/Debug/libStdPeriphLib_v100_STM32F4xx.a(stm32f4xx_tim.o)
 .debug_info    0x0000aba1      0xa57 /home/owen/workspace-rs5/StdPeriphLib_v100_STM32F4xx/Debug/libStdPeriphLib_v100_STM32F4xx.a(stm32f4xx_usart.o)
 .debug_info    0x0000b5f8      0x1a6 /home/owen/workspace-rs5/CMSISv2p10_DSPLIB_CM4/lib/libCMSISv2p10_DSPLIB_CM4.a(arm_sin_f32.o)

.debug_abbrev   0x00000000     0x1e53
 .debug_abbrev  0x00000000      0x17e ./src/CS4344.o
 .debug_abbrev  0x0000017e       0xc2 ./src/audio.o
 .debug_abbrev  0x00000240      0x119 ./src/cr_startup_stm32f4xx.o
 .debug_abbrev  0x00000359      0x1a5 ./src/main.o
 .debug_abbrev  0x000004fe      0x132 ./src/midi.o
 .debug_abbrev  0x00000630       0xed ./src/notelist.o
 .debug_abbrev  0x0000071d      0x14f ./src/oscillator.o
 .debug_abbrev  0x0000086c      0x253 ./src/pp6.o
 .debug_abbrev  0x00000abf      0x137 ./src/pwm.o
 .debug_abbrev  0x00000bf6       0xdd ./src/sad.o
 .debug_abbrev  0x00000cd3       0xe1 ./src/sadsr.o
 .debug_abbrev  0x00000db4       0xdc ./src/sequencer.o
 .debug_abbrev  0x00000e90      0x144 ./src/system_stm32f4xx.o
 .debug_abbrev  0x00000fd4      0x109 ./src/timer.o
 .debug_abbrev  0x000010dd      0x12f ./src/uart.o
 .debug_abbrev  0x0000120c      0x12a /home/owen/workspace-rs5/StdPeriphLib_v100_STM32F4xx/Debug/libStdPeriphLib_v100_STM32F4xx.a(misc.o)
 .debug_abbrev  0x00001336      0x18d /home/owen/workspace-rs5/StdPeriphLib_v100_STM32F4xx/Debug/libStdPeriphLib_v100_STM32F4xx.a(stm32f4xx_adc.o)
 .debug_abbrev  0x000014c3      0x186 /home/owen/workspace-rs5/StdPeriphLib_v100_STM32F4xx/Debug/libStdPeriphLib_v100_STM32F4xx.a(stm32f4xx_gpio.o)
 .debug_abbrev  0x00001649      0x1bb /home/owen/workspace-rs5/StdPeriphLib_v100_STM32F4xx/Debug/libStdPeriphLib_v100_STM32F4xx.a(stm32f4xx_rcc.o)
 .debug_abbrev  0x00001804      0x13b /home/owen/workspace-rs5/StdPeriphLib_v100_STM32F4xx/Debug/libStdPeriphLib_v100_STM32F4xx.a(stm32f4xx_rng.o)
 .debug_abbrev  0x0000193f      0x164 /home/owen/workspace-rs5/StdPeriphLib_v100_STM32F4xx/Debug/libStdPeriphLib_v100_STM32F4xx.a(stm32f4xx_spi.o)
 .debug_abbrev  0x00001aa3      0x167 /home/owen/workspace-rs5/StdPeriphLib_v100_STM32F4xx/Debug/libStdPeriphLib_v100_STM32F4xx.a(stm32f4xx_tim.o)
 .debug_abbrev  0x00001c0a      0x152 /home/owen/workspace-rs5/StdPeriphLib_v100_STM32F4xx/Debug/libStdPeriphLib_v100_STM32F4xx.a(stm32f4xx_usart.o)
 .debug_abbrev  0x00001d5c       0xf7 /home/owen/workspace-rs5/CMSISv2p10_DSPLIB_CM4/lib/libCMSISv2p10_DSPLIB_CM4.a(arm_sin_f32.o)

.debug_loc      0x00000000     0x6149
 .debug_loc     0x00000000       0x70 ./src/CS4344.o
 .debug_loc     0x00000070       0x70 ./src/audio.o
 .debug_loc     0x000000e0      0x102 ./src/cr_startup_stm32f4xx.o
 .debug_loc     0x000001e2      0x103 ./src/main.o
 .debug_loc     0x000002e5      0x738 ./src/midi.o
 .debug_loc     0x00000a1d      0x34c ./src/notelist.o
 .debug_loc     0x00000d69      0x462 ./src/oscillator.o
 .debug_loc     0x000011cb      0xecc ./src/pp6.o
 .debug_loc     0x00002097       0xa8 ./src/pwm.o
 .debug_loc     0x0000213f       0xe0 ./src/sad.o
 .debug_loc     0x0000221f      0x150 ./src/sadsr.o
 .debug_loc     0x0000236f      0x410 ./src/sequencer.o
 .debug_loc     0x0000277f       0x9c ./src/system_stm32f4xx.o
 .debug_loc     0x0000281b       0x90 ./src/timer.o
 .debug_loc     0x000028ab       0x9c ./src/uart.o
 .debug_loc     0x00002947      0x118 /home/owen/workspace-rs5/StdPeriphLib_v100_STM32F4xx/Debug/libStdPeriphLib_v100_STM32F4xx.a(misc.o)
 .debug_loc     0x00002a5f      0x838 /home/owen/workspace-rs5/StdPeriphLib_v100_STM32F4xx/Debug/libStdPeriphLib_v100_STM32F4xx.a(stm32f4xx_adc.o)
 .debug_loc     0x00003297      0x310 /home/owen/workspace-rs5/StdPeriphLib_v100_STM32F4xx/Debug/libStdPeriphLib_v100_STM32F4xx.a(stm32f4xx_gpio.o)
 .debug_loc     0x000035a7      0x97c /home/owen/workspace-rs5/StdPeriphLib_v100_STM32F4xx/Debug/libStdPeriphLib_v100_STM32F4xx.a(stm32f4xx_rcc.o)
 .debug_loc     0x00003f23      0x1a8 /home/owen/workspace-rs5/StdPeriphLib_v100_STM32F4xx/Debug/libStdPeriphLib_v100_STM32F4xx.a(stm32f4xx_rng.o)
 .debug_loc     0x000040cb      0x578 /home/owen/workspace-rs5/StdPeriphLib_v100_STM32F4xx/Debug/libStdPeriphLib_v100_STM32F4xx.a(stm32f4xx_spi.o)
 .debug_loc     0x00004643     0x1420 /home/owen/workspace-rs5/StdPeriphLib_v100_STM32F4xx/Debug/libStdPeriphLib_v100_STM32F4xx.a(stm32f4xx_tim.o)
 .debug_loc     0x00005a63      0x658 /home/owen/workspace-rs5/StdPeriphLib_v100_STM32F4xx/Debug/libStdPeriphLib_v100_STM32F4xx.a(stm32f4xx_usart.o)
 .debug_loc     0x000060bb       0x8e /home/owen/workspace-rs5/CMSISv2p10_DSPLIB_CM4/lib/libCMSISv2p10_DSPLIB_CM4.a(arm_sin_f32.o)

.debug_aranges  0x00000000     0x1100
 .debug_aranges
                0x00000000       0x28 ./src/CS4344.o
 .debug_aranges
                0x00000028       0x28 ./src/audio.o
 .debug_aranges
                0x00000050       0x80 ./src/cr_startup_stm32f4xx.o
 .debug_aranges
                0x000000d0       0x40 ./src/main.o
 .debug_aranges
                0x00000110      0x138 ./src/midi.o
 .debug_aranges
                0x00000248       0x90 ./src/notelist.o
 .debug_aranges
                0x000002d8       0xb8 ./src/oscillator.o
 .debug_aranges
                0x00000390      0x290 ./src/pp6.o
 .debug_aranges
                0x00000620       0x30 ./src/pwm.o
 .debug_aranges
                0x00000650       0x38 ./src/sad.o
 .debug_aranges
                0x00000688       0x48 ./src/sadsr.o
 .debug_aranges
                0x000006d0       0xc8 ./src/sequencer.o
 .debug_aranges
                0x00000798       0x30 ./src/system_stm32f4xx.o
 .debug_aranges
                0x000007c8       0x30 ./src/timer.o
 .debug_aranges
                0x000007f8       0x30 ./src/uart.o
 .debug_aranges
                0x00000828       0x40 /home/owen/workspace-rs5/StdPeriphLib_v100_STM32F4xx/Debug/libStdPeriphLib_v100_STM32F4xx.a(misc.o)
 .debug_aranges
                0x00000868      0x148 /home/owen/workspace-rs5/StdPeriphLib_v100_STM32F4xx/Debug/libStdPeriphLib_v100_STM32F4xx.a(stm32f4xx_adc.o)
 .debug_aranges
                0x000009b0       0x88 /home/owen/workspace-rs5/StdPeriphLib_v100_STM32F4xx/Debug/libStdPeriphLib_v100_STM32F4xx.a(stm32f4xx_gpio.o)
 .debug_aranges
                0x00000a38      0x178 /home/owen/workspace-rs5/StdPeriphLib_v100_STM32F4xx/Debug/libStdPeriphLib_v100_STM32F4xx.a(stm32f4xx_rcc.o)
 .debug_aranges
                0x00000bb0       0x58 /home/owen/workspace-rs5/StdPeriphLib_v100_STM32F4xx/Debug/libStdPeriphLib_v100_STM32F4xx.a(stm32f4xx_rng.o)
 .debug_aranges
                0x00000c08       0xe0 /home/owen/workspace-rs5/StdPeriphLib_v100_STM32F4xx/Debug/libStdPeriphLib_v100_STM32F4xx.a(stm32f4xx_spi.o)
 .debug_aranges
                0x00000ce8      0x2f8 /home/owen/workspace-rs5/StdPeriphLib_v100_STM32F4xx/Debug/libStdPeriphLib_v100_STM32F4xx.a(stm32f4xx_tim.o)
 .debug_aranges
                0x00000fe0      0x100 /home/owen/workspace-rs5/StdPeriphLib_v100_STM32F4xx/Debug/libStdPeriphLib_v100_STM32F4xx.a(stm32f4xx_usart.o)
 .debug_aranges
                0x000010e0       0x20 /home/owen/workspace-rs5/CMSISv2p10_DSPLIB_CM4/lib/libCMSISv2p10_DSPLIB_CM4.a(arm_sin_f32.o)

.debug_ranges   0x00000000      0xf80
 .debug_ranges  0x00000000       0x18 ./src/CS4344.o
 .debug_ranges  0x00000018       0x18 ./src/audio.o
 .debug_ranges  0x00000030       0x70 ./src/cr_startup_stm32f4xx.o
 .debug_ranges  0x000000a0       0x30 ./src/main.o
 .debug_ranges  0x000000d0      0x128 ./src/midi.o
 .debug_ranges  0x000001f8       0x80 ./src/notelist.o
 .debug_ranges  0x00000278       0xa8 ./src/oscillator.o
 .debug_ranges  0x00000320      0x280 ./src/pp6.o
 .debug_ranges  0x000005a0       0x20 ./src/pwm.o
 .debug_ranges  0x000005c0       0x28 ./src/sad.o
 .debug_ranges  0x000005e8       0x38 ./src/sadsr.o
 .debug_ranges  0x00000620       0xb8 ./src/sequencer.o
 .debug_ranges  0x000006d8       0x20 ./src/system_stm32f4xx.o
 .debug_ranges  0x000006f8       0x20 ./src/timer.o
 .debug_ranges  0x00000718       0x20 ./src/uart.o
 .debug_ranges  0x00000738       0x30 /home/owen/workspace-rs5/StdPeriphLib_v100_STM32F4xx/Debug/libStdPeriphLib_v100_STM32F4xx.a(misc.o)
 .debug_ranges  0x00000768      0x138 /home/owen/workspace-rs5/StdPeriphLib_v100_STM32F4xx/Debug/libStdPeriphLib_v100_STM32F4xx.a(stm32f4xx_adc.o)
 .debug_ranges  0x000008a0       0x78 /home/owen/workspace-rs5/StdPeriphLib_v100_STM32F4xx/Debug/libStdPeriphLib_v100_STM32F4xx.a(stm32f4xx_gpio.o)
 .debug_ranges  0x00000918      0x168 /home/owen/workspace-rs5/StdPeriphLib_v100_STM32F4xx/Debug/libStdPeriphLib_v100_STM32F4xx.a(stm32f4xx_rcc.o)
 .debug_ranges  0x00000a80       0x48 /home/owen/workspace-rs5/StdPeriphLib_v100_STM32F4xx/Debug/libStdPeriphLib_v100_STM32F4xx.a(stm32f4xx_rng.o)
 .debug_ranges  0x00000ac8       0xd0 /home/owen/workspace-rs5/StdPeriphLib_v100_STM32F4xx/Debug/libStdPeriphLib_v100_STM32F4xx.a(stm32f4xx_spi.o)
 .debug_ranges  0x00000b98      0x2e8 /home/owen/workspace-rs5/StdPeriphLib_v100_STM32F4xx/Debug/libStdPeriphLib_v100_STM32F4xx.a(stm32f4xx_tim.o)
 .debug_ranges  0x00000e80       0xf0 /home/owen/workspace-rs5/StdPeriphLib_v100_STM32F4xx/Debug/libStdPeriphLib_v100_STM32F4xx.a(stm32f4xx_usart.o)
 .debug_ranges  0x00000f70       0x10 /home/owen/workspace-rs5/CMSISv2p10_DSPLIB_CM4/lib/libCMSISv2p10_DSPLIB_CM4.a(arm_sin_f32.o)

.debug_line     0x00000000     0xb31e
 .debug_line    0x00000000      0x634 ./src/CS4344.o
 .debug_line    0x00000634      0x463 ./src/audio.o
 .debug_line    0x00000a97      0x65e ./src/cr_startup_stm32f4xx.o
 .debug_line    0x000010f5      0x8c1 ./src/main.o
 .debug_line    0x000019b6      0x9df ./src/midi.o
 .debug_line    0x00002395      0x66e ./src/notelist.o
 .debug_line    0x00002a03      0x647 ./src/oscillator.o
 .debug_line    0x0000304a      0xee3 ./src/pp6.o
 .debug_line    0x00003f2d      0x70c ./src/pwm.o
 .debug_line    0x00004639      0x48e ./src/sad.o
 .debug_line    0x00004ac7      0x4bc ./src/sadsr.o
 .debug_line    0x00004f83      0x63c ./src/sequencer.o
 .debug_line    0x000055bf      0x674 ./src/system_stm32f4xx.o
 .debug_line    0x00005c33      0x61e ./src/timer.o
 .debug_line    0x00006251      0x62e ./src/uart.o
 .debug_line    0x0000687f      0x645 /home/owen/workspace-rs5/StdPeriphLib_v100_STM32F4xx/Debug/libStdPeriphLib_v100_STM32F4xx.a(misc.o)
 .debug_line    0x00006ec4      0x94b /home/owen/workspace-rs5/StdPeriphLib_v100_STM32F4xx/Debug/libStdPeriphLib_v100_STM32F4xx.a(stm32f4xx_adc.o)
 .debug_line    0x0000780f      0x735 /home/owen/workspace-rs5/StdPeriphLib_v100_STM32F4xx/Debug/libStdPeriphLib_v100_STM32F4xx.a(stm32f4xx_gpio.o)
 .debug_line    0x00007f44      0x993 /home/owen/workspace-rs5/StdPeriphLib_v100_STM32F4xx/Debug/libStdPeriphLib_v100_STM32F4xx.a(stm32f4xx_rcc.o)
 .debug_line    0x000088d7      0x67f /home/owen/workspace-rs5/StdPeriphLib_v100_STM32F4xx/Debug/libStdPeriphLib_v100_STM32F4xx.a(stm32f4xx_rng.o)
 .debug_line    0x00008f56      0x84b /home/owen/workspace-rs5/StdPeriphLib_v100_STM32F4xx/Debug/libStdPeriphLib_v100_STM32F4xx.a(stm32f4xx_spi.o)
 .debug_line    0x000097a1      0xe70 /home/owen/workspace-rs5/StdPeriphLib_v100_STM32F4xx/Debug/libStdPeriphLib_v100_STM32F4xx.a(stm32f4xx_tim.o)
 .debug_line    0x0000a611      0x886 /home/owen/workspace-rs5/StdPeriphLib_v100_STM32F4xx/Debug/libStdPeriphLib_v100_STM32F4xx.a(stm32f4xx_usart.o)
 .debug_line    0x0000ae97      0x487 /home/owen/workspace-rs5/CMSISv2p10_DSPLIB_CM4/lib/libCMSISv2p10_DSPLIB_CM4.a(arm_sin_f32.o)

.debug_macinfo  0x00000000   0x63cd2e
 .debug_macinfo
                0x00000000    0x5bcdb ./src/CS4344.o
 .debug_macinfo
                0x0005bcdb     0x5044 ./src/audio.o
 .debug_macinfo
                0x00060d1f    0x5baca ./src/cr_startup_stm32f4xx.o
 .debug_macinfo
                0x000bc7e9    0x5ccb3 ./src/main.o
 .debug_macinfo
                0x0011949c    0x5c96d ./src/midi.o
 .debug_macinfo
                0x00175e09     0x4fc6 ./src/notelist.o
 .debug_macinfo
                0x0017adcf     0x5069 ./src/oscillator.o
 .debug_macinfo
                0x0017fe38    0x5c6b8 ./src/pp6.o
 .debug_macinfo
                0x001dc4f0    0x5c22b ./src/pwm.o
 .debug_macinfo
                0x0023871b     0x5052 ./src/sad.o
 .debug_macinfo
                0x0023d76d     0x5054 ./src/sadsr.o
 .debug_macinfo
                0x002427c1     0x54e6 ./src/sequencer.o
 .debug_macinfo
                0x00247ca7    0x5bacd ./src/system_stm32f4xx.o
 .debug_macinfo
                0x002a3774    0x5ba79 ./src/timer.o
 .debug_macinfo
                0x002ff1ed    0x5ba78 ./src/uart.o
 .debug_macinfo
                0x0035ac65    0x5ba7b /home/owen/workspace-rs5/StdPeriphLib_v100_STM32F4xx/Debug/libStdPeriphLib_v100_STM32F4xx.a(misc.o)
 .debug_macinfo
                0x003b66e0    0x5bd69 /home/owen/workspace-rs5/StdPeriphLib_v100_STM32F4xx/Debug/libStdPeriphLib_v100_STM32F4xx.a(stm32f4xx_adc.o)
 .debug_macinfo
                0x00412449    0x5ba4f /home/owen/workspace-rs5/StdPeriphLib_v100_STM32F4xx/Debug/libStdPeriphLib_v100_STM32F4xx.a(stm32f4xx_gpio.o)
 .debug_macinfo
                0x0046de98    0x5bf5b /home/owen/workspace-rs5/StdPeriphLib_v100_STM32F4xx/Debug/libStdPeriphLib_v100_STM32F4xx.a(stm32f4xx_rcc.o)
 .debug_macinfo
                0x004c9df3    0x5ba4f /home/owen/workspace-rs5/StdPeriphLib_v100_STM32F4xx/Debug/libStdPeriphLib_v100_STM32F4xx.a(stm32f4xx_rng.o)
 .debug_macinfo
                0x00525842    0x5bb3c /home/owen/workspace-rs5/StdPeriphLib_v100_STM32F4xx/Debug/libStdPeriphLib_v100_STM32F4xx.a(stm32f4xx_spi.o)
 .debug_macinfo
                0x0058137e    0x5bb28 /home/owen/workspace-rs5/StdPeriphLib_v100_STM32F4xx/Debug/libStdPeriphLib_v100_STM32F4xx.a(stm32f4xx_tim.o)
 .debug_macinfo
                0x005dcea6    0x5bb7b /home/owen/workspace-rs5/StdPeriphLib_v100_STM32F4xx/Debug/libStdPeriphLib_v100_STM32F4xx.a(stm32f4xx_usart.o)
 .debug_macinfo
                0x00638a21     0x430d /home/owen/workspace-rs5/CMSISv2p10_DSPLIB_CM4/lib/libCMSISv2p10_DSPLIB_CM4.a(arm_sin_f32.o)

.debug_str      0x00000000     0x42f7
 .debug_str     0x00000000      0x976 ./src/CS4344.o
                                0x9b3 (size before relaxing)
 .debug_str     0x00000976       0x54 ./src/audio.o
                                0x149 (size before relaxing)
 .debug_str     0x000009ca      0x179 ./src/cr_startup_stm32f4xx.o
                                0x280 (size before relaxing)
 .debug_str     0x00000b43      0x220 ./src/main.o
                                0x3f4 (size before relaxing)
 .debug_str     0x00000d63      0x263 ./src/midi.o
                                0x414 (size before relaxing)
 .debug_str     0x00000fc6      0x162 ./src/notelist.o
                                0x2a3 (size before relaxing)
 .debug_str     0x00001128      0x2a2 ./src/oscillator.o
                                0x3ea (size before relaxing)
 .debug_str     0x000013ca      0x8a1 ./src/pp6.o
                                0xcda (size before relaxing)
 .debug_str     0x00001c6b      0x1ce ./src/pwm.o
                                0x501 (size before relaxing)
 .debug_str     0x00001e39       0x74 ./src/sad.o
                                0x178 (size before relaxing)
 .debug_str     0x00001ead       0x85 ./src/sadsr.o
                                0x1bf (size before relaxing)
 .debug_str     0x00001f32      0x279 ./src/sequencer.o
                                0x395 (size before relaxing)
 .debug_str     0x000021ab      0x1b8 ./src/system_stm32f4xx.o
                                0x337 (size before relaxing)
 .debug_str     0x00002363       0x35 ./src/timer.o
                                0x2be (size before relaxing)
 .debug_str     0x00002398       0xf0 ./src/uart.o
                                0x411 (size before relaxing)
 .debug_str     0x00002488      0x16c /home/owen/workspace-rs5/StdPeriphLib_v100_STM32F4xx/Debug/libStdPeriphLib_v100_STM32F4xx.a(misc.o)
                                0x371 (size before relaxing)
 .debug_str     0x000025f4      0x4d6 /home/owen/workspace-rs5/StdPeriphLib_v100_STM32F4xx/Debug/libStdPeriphLib_v100_STM32F4xx.a(stm32f4xx_adc.o)
                                0x79c (size before relaxing)
 .debug_str     0x00002aca      0x171 /home/owen/workspace-rs5/StdPeriphLib_v100_STM32F4xx/Debug/libStdPeriphLib_v100_STM32F4xx.a(stm32f4xx_gpio.o)
                                0x43b (size before relaxing)
 .debug_str     0x00002c3b      0x537 /home/owen/workspace-rs5/StdPeriphLib_v100_STM32F4xx/Debug/libStdPeriphLib_v100_STM32F4xx.a(stm32f4xx_rcc.o)
                                0x7e8 (size before relaxing)
 .debug_str     0x00003172       0xad /home/owen/workspace-rs5/StdPeriphLib_v100_STM32F4xx/Debug/libStdPeriphLib_v100_STM32F4xx.a(stm32f4xx_rng.o)
                                0x21c (size before relaxing)
 .debug_str     0x0000321f      0x2e6 /home/owen/workspace-rs5/StdPeriphLib_v100_STM32F4xx/Debug/libStdPeriphLib_v100_STM32F4xx.a(stm32f4xx_spi.o)
                                0x622 (size before relaxing)
 .debug_str     0x00003505      0x9cc /home/owen/workspace-rs5/StdPeriphLib_v100_STM32F4xx/Debug/libStdPeriphLib_v100_STM32F4xx.a(stm32f4xx_tim.o)
                                0xd68 (size before relaxing)
 .debug_str     0x00003ed1      0x378 /home/owen/workspace-rs5/StdPeriphLib_v100_STM32F4xx/Debug/libStdPeriphLib_v100_STM32F4xx.a(stm32f4xx_usart.o)
                                0x627 (size before relaxing)
 .debug_str     0x00004249       0xae /home/owen/workspace-rs5/CMSISv2p10_DSPLIB_CM4/lib/libCMSISv2p10_DSPLIB_CM4.a(arm_sin_f32.o)
                                0x14e (size before relaxing)

.comment        0x00000000      0x10a
 .comment       0x00000000       0x70 ./src/CS4344.o
                                 0x71 (size before relaxing)
 .comment       0x00000000       0x71 ./src/audio.o
 .comment       0x00000000       0x71 ./src/cr_startup_stm32f4xx.o
 .comment       0x00000000       0x71 ./src/main.o
 .comment       0x00000000       0x71 ./src/midi.o
 .comment       0x00000000       0x71 ./src/notelist.o
 .comment       0x00000000       0x71 ./src/oscillator.o
 .comment       0x00000000       0x71 ./src/pp6.o
 .comment       0x00000000       0x71 ./src/pwm.o
 .comment       0x00000000       0x71 ./src/sad.o
 .comment       0x00000000       0x71 ./src/sadsr.o
 .comment       0x00000000       0x71 ./src/sequencer.o
 .comment       0x00000000       0x71 ./src/system_stm32f4xx.o
 .comment       0x00000000       0x71 ./src/timer.o
 .comment       0x00000000       0x71 ./src/uart.o
 .comment       0x00000000       0x71 /home/owen/workspace-rs5/StdPeriphLib_v100_STM32F4xx/Debug/libStdPeriphLib_v100_STM32F4xx.a(misc.o)
 .comment       0x00000000       0x71 /home/owen/workspace-rs5/StdPeriphLib_v100_STM32F4xx/Debug/libStdPeriphLib_v100_STM32F4xx.a(stm32f4xx_adc.o)
 .comment       0x00000000       0x71 /home/owen/workspace-rs5/StdPeriphLib_v100_STM32F4xx/Debug/libStdPeriphLib_v100_STM32F4xx.a(stm32f4xx_gpio.o)
 .comment       0x00000000       0x71 /home/owen/workspace-rs5/StdPeriphLib_v100_STM32F4xx/Debug/libStdPeriphLib_v100_STM32F4xx.a(stm32f4xx_rcc.o)
 .comment       0x00000000       0x71 /home/owen/workspace-rs5/StdPeriphLib_v100_STM32F4xx/Debug/libStdPeriphLib_v100_STM32F4xx.a(stm32f4xx_rng.o)
 .comment       0x00000000       0x71 /home/owen/workspace-rs5/StdPeriphLib_v100_STM32F4xx/Debug/libStdPeriphLib_v100_STM32F4xx.a(stm32f4xx_spi.o)
 .comment       0x00000000       0x71 /home/owen/workspace-rs5/StdPeriphLib_v100_STM32F4xx/Debug/libStdPeriphLib_v100_STM32F4xx.a(stm32f4xx_tim.o)
 .comment       0x00000000       0x71 /home/owen/workspace-rs5/StdPeriphLib_v100_STM32F4xx/Debug/libStdPeriphLib_v100_STM32F4xx.a(stm32f4xx_usart.o)
 .comment       0x00000070       0x2a /home/owen/workspace-rs5/CMSISv2p10_DSPLIB_CM4/lib/libCMSISv2p10_DSPLIB_CM4.a(arm_sin_f32.o)
                                 0x2b (size before relaxing)
 .comment       0x0000009a       0x70 /usr/local/redsuite_5.2.4_2122/redsuite/tools/bin/../lib/gcc/arm-none-eabi/4.6.2/../../../../arm-none-eabi/lib/armv7e-m/softfp/libcr_c.a(__weak__main.o)
                                 0x71 (size before relaxing)

.ARM.attributes
                0x00000000       0x39
 .ARM.attributes
                0x00000000       0x39 ./src/CS4344.o
 .ARM.attributes
                0x00000039       0x39 ./src/audio.o
 .ARM.attributes
                0x00000072       0x39 ./src/cr_startup_stm32f4xx.o
 .ARM.attributes
                0x000000ab       0x39 ./src/main.o
 .ARM.attributes
                0x000000e4       0x39 ./src/midi.o
 .ARM.attributes
                0x0000011d       0x39 ./src/notelist.o
 .ARM.attributes
                0x00000156       0x39 ./src/oscillator.o
 .ARM.attributes
                0x0000018f       0x39 ./src/pp6.o
 .ARM.attributes
                0x000001c8       0x39 ./src/pwm.o
 .ARM.attributes
                0x00000201       0x39 ./src/sad.o
 .ARM.attributes
                0x0000023a       0x39 ./src/sadsr.o
 .ARM.attributes
                0x00000273       0x39 ./src/sequencer.o
 .ARM.attributes
                0x000002ac       0x39 ./src/system_stm32f4xx.o
 .ARM.attributes
                0x000002e5       0x39 ./src/timer.o
 .ARM.attributes
                0x0000031e       0x39 ./src/uart.o
 .ARM.attributes
                0x00000357       0x39 /home/owen/workspace-rs5/StdPeriphLib_v100_STM32F4xx/Debug/libStdPeriphLib_v100_STM32F4xx.a(misc.o)
 .ARM.attributes
                0x00000390       0x39 /home/owen/workspace-rs5/StdPeriphLib_v100_STM32F4xx/Debug/libStdPeriphLib_v100_STM32F4xx.a(stm32f4xx_adc.o)
 .ARM.attributes
                0x000003c9       0x39 /home/owen/workspace-rs5/StdPeriphLib_v100_STM32F4xx/Debug/libStdPeriphLib_v100_STM32F4xx.a(stm32f4xx_gpio.o)
 .ARM.attributes
                0x00000402       0x39 /home/owen/workspace-rs5/StdPeriphLib_v100_STM32F4xx/Debug/libStdPeriphLib_v100_STM32F4xx.a(stm32f4xx_rcc.o)
 .ARM.attributes
                0x0000043b       0x39 /home/owen/workspace-rs5/StdPeriphLib_v100_STM32F4xx/Debug/libStdPeriphLib_v100_STM32F4xx.a(stm32f4xx_rng.o)
 .ARM.attributes
                0x00000474       0x39 /home/owen/workspace-rs5/StdPeriphLib_v100_STM32F4xx/Debug/libStdPeriphLib_v100_STM32F4xx.a(stm32f4xx_spi.o)
 .ARM.attributes
                0x000004ad       0x39 /home/owen/workspace-rs5/StdPeriphLib_v100_STM32F4xx/Debug/libStdPeriphLib_v100_STM32F4xx.a(stm32f4xx_tim.o)
 .ARM.attributes
                0x000004e6       0x39 /home/owen/workspace-rs5/StdPeriphLib_v100_STM32F4xx/Debug/libStdPeriphLib_v100_STM32F4xx.a(stm32f4xx_usart.o)
 .ARM.attributes
                0x0000051f       0x37 /home/owen/workspace-rs5/CMSISv2p10_DSPLIB_CM4/lib/libCMSISv2p10_DSPLIB_CM4.a(arm_sin_f32.o)
 .ARM.attributes
                0x00000556       0x39 /usr/local/redsuite_5.2.4_2122/redsuite/tools/bin/../lib/gcc/arm-none-eabi/4.6.2/../../../../arm-none-eabi/lib/armv7e-m/softfp/libcr_c.a(__weak__main.o)

.debug_frame    0x00000000     0x3450
 .debug_frame   0x00000000       0x50 ./src/CS4344.o
 .debug_frame   0x00000050       0x48 ./src/audio.o
 .debug_frame   0x00000098       0xf4 ./src/cr_startup_stm32f4xx.o
 .debug_frame   0x0000018c       0xa0 ./src/main.o
 .debug_frame   0x0000022c      0x420 ./src/midi.o
 .debug_frame   0x0000064c      0x1bc ./src/notelist.o
 .debug_frame   0x00000808      0x24c ./src/oscillator.o
 .debug_frame   0x00000a54      0x82c ./src/pp6.o
 .debug_frame   0x00001280       0x6c ./src/pwm.o
 .debug_frame   0x000012ec       0x80 ./src/sad.o
 .debug_frame   0x0000136c       0xb8 ./src/sadsr.o
 .debug_frame   0x00001424      0x258 ./src/sequencer.o
 .debug_frame   0x0000167c       0x64 ./src/system_stm32f4xx.o
 .debug_frame   0x000016e0       0x68 ./src/timer.o
 .debug_frame   0x00001748       0x68 ./src/uart.o
 .debug_frame   0x000017b0       0x9c /home/owen/workspace-rs5/StdPeriphLib_v100_STM32F4xx/Debug/libStdPeriphLib_v100_STM32F4xx.a(misc.o)
 .debug_frame   0x0000184c      0x434 /home/owen/workspace-rs5/StdPeriphLib_v100_STM32F4xx/Debug/libStdPeriphLib_v100_STM32F4xx.a(stm32f4xx_adc.o)
 .debug_frame   0x00001c80      0x19c /home/owen/workspace-rs5/StdPeriphLib_v100_STM32F4xx/Debug/libStdPeriphLib_v100_STM32F4xx.a(stm32f4xx_gpio.o)
 .debug_frame   0x00001e1c      0x4d8 /home/owen/workspace-rs5/StdPeriphLib_v100_STM32F4xx/Debug/libStdPeriphLib_v100_STM32F4xx.a(stm32f4xx_rcc.o)
 .debug_frame   0x000022f4       0xec /home/owen/workspace-rs5/StdPeriphLib_v100_STM32F4xx/Debug/libStdPeriphLib_v100_STM32F4xx.a(stm32f4xx_rng.o)
 .debug_frame   0x000023e0      0x2d0 /home/owen/workspace-rs5/StdPeriphLib_v100_STM32F4xx/Debug/libStdPeriphLib_v100_STM32F4xx.a(stm32f4xx_spi.o)
 .debug_frame   0x000026b0      0xa3c /home/owen/workspace-rs5/StdPeriphLib_v100_STM32F4xx/Debug/libStdPeriphLib_v100_STM32F4xx.a(stm32f4xx_tim.o)
 .debug_frame   0x000030ec      0x344 /home/owen/workspace-rs5/StdPeriphLib_v100_STM32F4xx/Debug/libStdPeriphLib_v100_STM32F4xx.a(stm32f4xx_usart.o)
 .debug_frame   0x00003430       0x20 /home/owen/workspace-rs5/CMSISv2p10_DSPLIB_CM4/lib/libCMSISv2p10_DSPLIB_CM4.a(arm_sin_f32.o)

.debug_pubnames
                0x00000000       0x22
 .debug_pubnames
                0x00000000       0x22 /home/owen/workspace-rs5/CMSISv2p10_DSPLIB_CM4/lib/libCMSISv2p10_DSPLIB_CM4.a(arm_sin_f32.o)

.debug_pubtypes
                0x00000000       0x39
 .debug_pubtypes
                0x00000000       0x39 /home/owen/workspace-rs5/CMSISv2p10_DSPLIB_CM4/lib/libCMSISv2p10_DSPLIB_CM4.a(arm_sin_f32.o)
