Archive member included because of file (symbol)

/home/owen/workspace-rs5/StdPeriphLib_v100_STM32F4xx/Debug/libStdPeriphLib_v100_STM32F4xx.a(misc.o)
                              ./src/CS4344.o (NVIC_Init)
/home/owen/workspace-rs5/StdPeriphLib_v100_STM32F4xx/Debug/libStdPeriphLib_v100_STM32F4xx.a(stm32f4xx_adc.o)
                              ./src/pp6.o (ADC_Init)
/home/owen/workspace-rs5/StdPeriphLib_v100_STM32F4xx/Debug/libStdPeriphLib_v100_STM32F4xx.a(stm32f4xx_gpio.o)
                              ./src/CS4344.o (GPIO_Init)
/home/owen/workspace-rs5/StdPeriphLib_v100_STM32F4xx/Debug/libStdPeriphLib_v100_STM32F4xx.a(stm32f4xx_rcc.o)
                              ./src/CS4344.o (RCC_AHB1PeriphClockCmd)
/home/owen/workspace-rs5/StdPeriphLib_v100_STM32F4xx/Debug/libStdPeriphLib_v100_STM32F4xx.a(stm32f4xx_rng.o)
                              ./src/main.o (RNG_Cmd)
/home/owen/workspace-rs5/StdPeriphLib_v100_STM32F4xx/Debug/libStdPeriphLib_v100_STM32F4xx.a(stm32f4xx_spi.o)
                              ./src/CS4344.o (SPI_I2S_DeInit)
/home/owen/workspace-rs5/StdPeriphLib_v100_STM32F4xx/Debug/libStdPeriphLib_v100_STM32F4xx.a(stm32f4xx_tim.o)
                              ./src/pwm.o (TIM_TimeBaseInit)
/home/owen/workspace-rs5/StdPeriphLib_v100_STM32F4xx/Debug/libStdPeriphLib_v100_STM32F4xx.a(stm32f4xx_usart.o)
                              ./src/uart.o (USART_Init)
/home/owen/workspace-rs5/CMSISv2p10_DSPLIB_CM4/lib/libCMSISv2p10_DSPLIB_CM4.a(arm_sin_f32.o)
                              ./src/oscillator.o (arm_sin_f32)
/usr/local/redsuite_5.2.4_2122/redsuite/tools/bin/../lib/gcc/arm-none-eabi/4.6.2/../../../../arm-none-eabi/lib/armv7e-m/softfp/libcr_c.a(__weak__main.o)
                              ./src/cr_startup_stm32f4xx.o (__main)

Allocating common symbols
Common symbol       size              file

recvArg0_           0x4               ./src/main.o
channelIn_          0x4               ./src/main.o
uart_recv_buf       0x20              ./src/main.o
recvEvent_          0x4               ./src/main.o
tmp8                0x1               ./src/main.o
recvMode_           0x4               ./src/main.o
recvByteCount_      0x4               ./src/main.o
sendFullCommands_   0x1               ./src/main.o
pp6                 0x154             ./src/pp6.o
recvBytesNeeded_    0x4               ./src/main.o
play_buf            0x400             ./src/CS4344.o
lastStatusSent_     0x4               ./src/main.o

Discarded input sections

 .text          0x00000000        0x0 ./src/CS4344.o
 .data          0x00000000        0x0 ./src/CS4344.o
 .bss           0x00000000        0x0 ./src/CS4344.o
 .bss.o         0x00000000        0x2 ./src/CS4344.o
 .text          0x00000000        0x0 ./src/audio.o
 .data          0x00000000        0x0 ./src/audio.o
 .bss           0x00000000        0x0 ./src/audio.o
 .text.c_to_f   0x00000000       0xf4 ./src/audio.o
 .text          0x00000000        0x0 ./src/cr_startup_stm32f4xx.o
 .data          0x00000000        0x0 ./src/cr_startup_stm32f4xx.o
 .bss           0x00000000        0x0 ./src/cr_startup_stm32f4xx.o
 .text          0x00000000        0x0 ./src/main.o
 .data          0x00000000        0x0 ./src/main.o
 .bss           0x00000000        0x0 ./src/main.o
 .data.miditof  0x00000000       0x54 ./src/main.o
 .rodata.PARAM_SEND_FULL_COMMANDS
                0x00000000        0x4 ./src/main.o
 .rodata.PARAM_CHANNEL_IN
                0x00000000        0x4 ./src/main.o
 .bss.aux_led_color
                0x00000000        0x1 ./src/main.o
 .text.flash_led_record_enable
                0x00000000       0x40 ./src/main.o
 .text          0x00000000        0x0 ./src/midi.o
 .data          0x00000000        0x0 ./src/midi.o
 .bss           0x00000000        0x0 ./src/midi.o
 .rodata.PARAM_SEND_FULL_COMMANDS
                0x00000000        0x4 ./src/midi.o
 .rodata.PARAM_CHANNEL_IN
                0x00000000        0x4 ./src/midi.o
 .text.sendVelocityChange
                0x00000000       0x6c ./src/midi.o
 .text.sendControlChange
                0x00000000       0x6c ./src/midi.o
 .text.sendProgramChange
                0x00000000       0x5c ./src/midi.o
 .text.sendAfterTouch
                0x00000000       0x5c ./src/midi.o
 .text.sendPitchChange
                0x00000000       0x3c ./src/midi.o
 .text.sendSongPosition
                0x00000000       0x3c ./src/midi.o
 .text.sendSongSelect
                0x00000000       0x28 ./src/midi.o
 .text.sendTuneRequest
                0x00000000       0x10 ./src/midi.o
 .text.sendStart
                0x00000000       0x10 ./src/midi.o
 .text.sendContinue
                0x00000000       0x10 ./src/midi.o
 .text.sendStop
                0x00000000       0x10 ./src/midi.o
 .text.sendActiveSense
                0x00000000       0x10 ./src/midi.o
 .text.sendReset
                0x00000000       0x10 ./src/midi.o
 .text.setParam
                0x00000000       0x68 ./src/midi.o
 .text.getParam
[...]
Memory Configuration

Name             Origin             Length             Attributes
MFlash512        0x08000000         0x00080000         xr
Ram112           0x20000000         0x0001c000         xrw
PeriphRam16      0x2001c000         0x00004000         xrw
Ram64            0x10000000         0x00010000         xrw
*default*        0x00000000         0xffffffff

Linker script and memory map

LOAD ./src/CS4344.o
LOAD ./src/audio.o
LOAD ./src/cr_startup_stm32f4xx.o
LOAD ./src/main.o
LOAD ./src/midi.o
LOAD ./src/notelist.o
LOAD ./src/oscillator.o
LOAD ./src/pp6.o
LOAD ./src/pwm.o
LOAD ./src/sad.o
LOAD ./src/sadsr.o
LOAD ./src/sequencer.o
LOAD ./src/system_stm32f4xx.o
LOAD ./src/timer.o
LOAD ./src/uart.o
LOAD /home/owen/workspace-rs5/StdPeriphLib_v100_STM32F4xx/Debug/libStdPeriphLib_v100_STM32F4xx.a
LOAD /home/owen/workspace-rs5/CMSISv2p10_STM32F4xx/Debug/libCMSISv2p10_STM32F4xx.a
LOAD /home/owen/workspace-rs5/CMSISv2p10_DSPLIB_CM4/lib/libCMSISv2p10_DSPLIB_CM4.a
START GROUP
LOAD /usr/local/redsuite_5.2.4_2122/redsuite/tools/bin/../lib/gcc/arm-none-eabi/4.6.2/../../../../arm-none-eabi/lib/armv7e-m/softfp/libcr_c.a
LOAD /usr/local/redsuite_5.2.4_2122/redsuite/tools/bin/../lib/gcc/arm-none-eabi/4.6.2/armv7e-m/softfp/libcr_eabihelpers.a
END GROUP
                0x08080000                __top_MFlash512 = 0x8080000
                0x2001c000                __top_Ram112 = 0x2001c000
                0x20020000                __top_PeriphRam16 = 0x20020000
                0x10010000                __top_Ram64 = 0x10010000

.text           0x08000000     0x43ec
 FILL mask 0xff
                0x08000000                __vectors_start__ = ABSOLUTE (.)
 *(.isr_vector)
 .isr_vector    0x08000000      0x188 ./src/cr_startup_stm32f4xx.o
                0x08000000                g_pfnVectors
                0x08000188                . = ALIGN (0x4)
                0x08000188                __section_table_start = .
                0x08000188                __data_section_table = .
                0x08000188        0x4 LONG 0x80043ec LOADADDR (.data)
                0x0800018c        0x4 LONG 0x20000000 ADDR (.data)
                0x08000190        0x4 LONG 0x1f4 SIZEOF (.data)
                0x08000194        0x4 LONG 0x80043ec LOADADDR (.data_RAM2)
                0x08000198        0x4 LONG 0x2001c000 ADDR (.data_RAM2)
                0x0800019c        0x4 LONG 0x0 SIZEOF (.data_RAM2)
                0x080001a0        0x4 LONG 0x80043ec LOADADDR (.data_RAM3)
                0x080001a4        0x4 LONG 0x10000000 ADDR (.data_RAM3)
                0x080001a8        0x4 LONG 0x0 SIZEOF (.data_RAM3)
                0x080001ac                __data_section_table_end = .
                0x080001ac                __bss_section_table = .
                0x080001ac        0x4 LONG 0x200001f4 ADDR (.bss)
                0x080001b0        0x4 LONG 0x604 SIZEOF (.bss)
                0x080001b4        0x4 LONG 0x2001c000 ADDR (.bss_RAM2)
                0x080001b8        0x4 LONG 0x0 SIZEOF (.bss_RAM2)
                0x080001bc        0x4 LONG 0x10000000 ADDR (.bss_RAM3)
                0x080001c0        0x4 LONG 0x0 SIZEOF (.bss_RAM3)
                0x080001c4                __bss_section_table_end = .
                0x080001c4                __section_table_end = .
 *(.after_vectors*)
 .after_vectors
                0x080001c4       0x88 ./src/cr_startup_stm32f4xx.o
                0x080001c4                NMI_Handler
                0x080001c6                HardFault_Handler
                0x080001c8                MemManage_Handler
                0x080001ca                BusFault_Handler
                0x080001cc                UsageFault_Handler
                0x080001ce                SVC_Handler
                0x080001d0                DebugMon_Handler
                0x080001d2                PendSV_Handler
                0x080001d4                SysTick_Handler
                0x080001d6                data_init
                0x080001e8                bss_init
                0x080001f8                ResetISR
                0x08000244                RTC_Alarm_IRQHandler
                0x08000244                HASH_RNG_IRQHandler
                0x08000244                EXTI2_IRQHandler
                0x08000244                TIM8_CC_IRQHandler
                0x08000244                TIM1_CC_IRQHandler
                0x08000244                DMA2_Stream5_IRQHandler
                0x08000244                DMA1_Stream5_IRQHandler
                0x08000244                PVD_IRQHandler
                0x08000244                SDIO_IRQHandler
                0x08000244                TAMP_STAMP_IRQHandler
                0x08000244                CAN2_RX1_IRQHandler
                0x08000244                EXTI3_IRQHandler
                0x08000244                TIM8_TRG_COM_TIM14_IRQHandler
                0x08000244                TIM1_UP_TIM10_IRQHandler
                0x08000244                TIM8_UP_TIM13_IRQHandler
                0x08000244                I2C3_ER_IRQHandler
                0x08000244                EXTI0_IRQHandler
                0x08000244                I2C2_EV_IRQHandler
                0x08000244                DMA1_Stream2_IRQHandler
                0x08000244                CAN1_RX0_IRQHandler
                0x08000244                FPU_IRQHandler
                0x08000244                OTG_HS_WKUP_IRQHandler
                0x08000244                CAN2_SCE_IRQHandler
                0x08000244                DMA2_Stream2_IRQHandler
                0x08000244                SPI1_IRQHandler
                0x08000244                IntDefaultHandler
                0x08000244                TIM6_DAC_IRQHandler
                0x08000244                TIM1_BRK_TIM9_IRQHandler
                0x08000244                DCMI_IRQHandler
                0x08000244                CAN2_RX0_IRQHandler
                0x08000244                DMA2_Stream3_IRQHandler
                0x08000244                USART6_IRQHandler
                0x08000244                USART3_IRQHandler
                0x08000244                CRYP_IRQHandler
                0x08000244                CAN1_RX1_IRQHandler
                0x08000244                UART5_IRQHandler
                0x08000244                DMA2_Stream0_IRQHandler
                0x08000244                TIM4_IRQHandler
                0x08000244                I2C1_EV_IRQHandler
                0x08000244                DMA1_Stream6_IRQHandler
                0x08000244                DMA1_Stream1_IRQHandler
                0x08000244                UART4_IRQHandler
                0x08000244                TIM3_IRQHandler
                0x08000244                RCC_IRQHandler
                0x08000244                TIM8_BRK_TIM12_IRQHandler
                0x08000244                EXTI15_10_IRQHandler
                0x08000244                ADC_IRQHandler
                0x08000244                DMA1_Stream7_IRQHandler
                0x08000244                TIM7_IRQHandler
                0x08000244                CAN2_TX_IRQHandler
                0x08000244                TIM5_IRQHandler
                0x08000244                DMA2_Stream7_IRQHandler
                0x08000244                I2C3_EV_IRQHandler
                0x08000244                EXTI9_5_IRQHandler
                0x08000244                RTC_WKUP_IRQHandler
                0x08000244                ETH_WKUP_IRQHandler
                0x08000244                SPI2_IRQHandler
                0x08000244                OTG_HS_EP1_IN_IRQHandler
                0x08000244                DMA1_Stream0_IRQHandler
                0x08000244                CAN1_TX_IRQHandler
                0x08000244                EXTI4_IRQHandler
                0x08000244                FSMC_IRQHandler
                0x08000244                ETH_IRQHandler
                0x08000244                OTG_HS_EP1_OUT_IRQHandler
                0x08000244                WWDG_IRQHandler
                0x08000244                TIM2_IRQHandler
                0x08000244                OTG_FS_WKUP_IRQHandler
                0x08000244                TIM1_TRG_COM_TIM11_IRQHandler
                0x08000244                OTG_HS_IRQHandler
                0x08000244                EXTI1_IRQHandler
                0x08000244                USART2_IRQHandler
                0x08000244                I2C2_ER_IRQHandler
                0x08000244                DMA2_Stream1_IRQHandler
                0x08000244                CAN1_SCE_IRQHandler
                0x08000244                FLASH_IRQHandler
                0x08000244                DMA2_Stream4_IRQHandler
                0x08000244                USART1_IRQHandler
                0x08000244                OTG_FS_IRQHandler
                0x08000244                DMA1_Stream4_IRQHandler
                0x08000244                I2C1_ER_IRQHandler
                0x08000244                DMA2_Stream6_IRQHandler
                0x08000244                DMA1_Stream3_IRQHandler
 *(.text*)
 .text.CS4344_init
                0x0800024c      0x17c ./src/CS4344.o
                0x0800024c                CS4344_init
 .text.SPI3_IRQHandler
                0x080003c8       0x94 ./src/CS4344.o
                0x080003c8                SPI3_IRQHandler
 .text.c_to_f_ratio
                0x0800045c       0xe8 ./src/audio.o
                0x0800045c                c_to_f_ratio
 .text.main     0x08000544      0x5ec ./src/main.o
                0x08000544                main
 .text.Delay    0x08000b30       0x2c ./src/main.o
 .text.recvByte
                0x08000b5c      0x4c8 ./src/midi.o
                0x08000b5c                recvByte
 .text.sendNoteOff
                0x08001024       0x78 ./src/midi.o
                0x08001024                sendNoteOff
 .text.sendNoteOn
                0x0800109c       0x78 ./src/midi.o
                0x0800109c                sendNoteOn
 .text.sendSync
                0x08001114       0x10 ./src/midi.o
                0x08001114                sendSync
 .text.midi_init
                0x08001124       0x84 ./src/midi.o
                0x08001124                midi_init
 .text.handleNoteOff
                0x080011a8       0x24 ./src/midi.o
                0x080011a8                handleNoteOff
 .text.handleNoteOn
                0x080011cc       0x24 ./src/midi.o
                0x080011cc                handleNoteOn
 .text.handleSync
                0x080011f0        0xc ./src/midi.o
                0x080011f0                handleSync
 .text.handleStart
                0x080011fc        0xc ./src/midi.o
                0x080011fc                handleStart
 .text.handleStop
                0x08001208        0xc ./src/midi.o
                0x08001208                handleStop
 .text.handleVelocityChange
                0x08001214       0x18 ./src/midi.o
                0x08001214                handleVelocityChange
 .text.handleControlChange
                0x0800122c       0x18 ./src/midi.o
                0x0800122c                handleControlChange
 .text.handleProgramChange
                0x08001244       0x14 ./src/midi.o
                0x08001244                handleProgramChange
 .text.handleAfterTouch
                0x08001258       0x14 ./src/midi.o
                0x08001258                handleAfterTouch
 .text.handlePitchChange
                0x0800126c       0x14 ./src/midi.o
                0x0800126c                handlePitchChange
 .text.handleSongPosition
                0x08001280       0x14 ./src/midi.o
                0x08001280                handleSongPosition
 .text.handleSongSelect
                0x08001294       0x14 ./src/midi.o
                0x08001294                handleSongSelect
 .text.handleTuneRequest
                0x080012a8        0xc ./src/midi.o
                0x080012a8                handleTuneRequest
 .text.handleContinue
                0x080012b4        0xc ./src/midi.o
                0x080012b4                handleContinue
 .text.handleActiveSense
                0x080012c0        0xc ./src/midi.o
                0x080012c0                handleActiveSense
 .text.handleReset
                0x080012cc        0xc ./src/midi.o
                0x080012cc                handleReset
 .text.note_list_init
                0x080012d8       0x54 ./src/notelist.o
                0x080012d8                note_list_init
 .text.note_list_copy_notes
                0x0800132c       0x58 ./src/notelist.o
                0x0800132c                note_list_copy_notes
 .text.note_list_most_recent
                0x08001384       0x24 ./src/notelist.o
                0x08001384                note_list_most_recent
 .text.note_list_note_on
                0x080013a8       0x38 ./src/notelist.o
                0x080013a8                note_list_note_on
 .text.note_list_note_off
                0x080013e0       0x98 ./src/notelist.o
                0x080013e0                note_list_note_off
 .text.pp6_init
                0x08001478      0x154 ./src/pp6.o
                0x08001478                pp6_init
 .text.pp6_midi_clock_tick
                0x080015cc       0x98 ./src/pp6.o
                0x080015cc                pp6_midi_clock_tick
 .text.pp6_get_knob_2
                0x08001664       0x18 ./src/pp6.o
                0x08001664                pp6_get_knob_2
 .text.pp6_get_knob_3
                0x0800167c       0x18 ./src/pp6.o
                0x0800167c                pp6_get_knob_3
 .text.pp6_get_knob_4
                0x08001694       0x18 ./src/pp6.o
                0x08001694                pp6_get_knob_4
 .text.pp6_set_mode_button_pressed
                0x080016ac       0x1c ./src/pp6.o
                0x080016ac                pp6_set_mode_button_pressed
 .text.pp6_mode_button_pressed
                0x080016c8       0x18 ./src/pp6.o
                0x080016c8                pp6_mode_button_pressed
 .text.pp6_set_aux_button_pressed
                0x080016e0       0x1c ./src/pp6.o
                0x080016e0                pp6_set_aux_button_pressed
 .text.pp6_set_aux_button_released
                0x080016fc       0x1c ./src/pp6.o
                0x080016fc                pp6_set_aux_button_released
 .text.pp6_change_mode
                0x08001718       0x8c ./src/pp6.o
                0x08001718                pp6_change_mode
 .text.pp6_set_mode
                0x080017a4       0x38 ./src/pp6.o
                0x080017a4                pp6_set_mode
 .text.pp6_set_seq_led
                0x080017dc      0x244 ./src/pp6.o
                0x080017dc                pp6_set_seq_led
 .text.pp6_set_mode_led
                0x08001a20      0x244 ./src/pp6.o
                0x08001a20                pp6_set_mode_led
 .text.pp6_flash_mode_led
                0x08001c64       0x24 ./src/pp6.o
                0x08001c64                pp6_flash_mode_led
 .text.pp6_flash_update
                0x08001c88      0x120 ./src/pp6.o
                0x08001c88                pp6_flash_update
 .text.pp6_get_key_events
                0x08001da8      0x150 ./src/pp6.o
                0x08001da8                pp6_get_key_events
 .text.pp6_set_note_off
                0x08001ef8       0x4c ./src/pp6.o
                0x08001ef8                pp6_set_note_off
 .text.pp6_set_note_on
                0x08001f44       0x4c ./src/pp6.o
                0x08001f44                pp6_set_note_on
 .text.pp6_get_note_state
                0x08001f90       0x2c ./src/pp6.o
                0x08001f90                pp6_get_note_state
 .text.pp6_get_note_state_last
                0x08001fbc       0x2c ./src/pp6.o
                0x08001fbc                pp6_get_note_state_last
 .text.pp6_set_current_note_state_to_last
                0x08001fe8       0x48 ./src/pp6.o
                0x08001fe8                pp6_set_current_note_state_to_last
 .text.pp6_set_synth_note
                0x08002030       0x24 ./src/pp6.o
                0x08002030                pp6_set_synth_note
 .text.pp6_get_synth_note
                0x08002054       0x18 ./src/pp6.o
                0x08002054                pp6_get_synth_note
 .text.pp6_set_synth_note_start
                0x0800206c       0x34 ./src/pp6.o
                0x0800206c                pp6_set_synth_note_start
 .text.pp6_set_synth_note_stop
                0x080020a0       0x28 ./src/pp6.o
                0x080020a0                pp6_set_synth_note_stop
 .text.pp6_set_midi_start
                0x080020c8       0x2c ./src/pp6.o
                0x080020c8                pp6_set_midi_start
 .text.pp6_set_midi_stop
                0x080020f4       0x1c ./src/pp6.o
                0x080020f4                pp6_set_midi_stop
 .text.pp6_clear_flags
                0x08002110       0xe0 ./src/pp6.o
                0x08002110                pp6_clear_flags
 .text.pp6_inc_physical_notes_on
                0x080021f0       0x28 ./src/pp6.o
                0x080021f0                pp6_inc_physical_notes_on
 .text.pp6_dec_physical_notes_on
                0x08002218       0x38 ./src/pp6.o
                0x08002218                pp6_dec_physical_notes_on
 .text.pp6_knobs_init
                0x08002250      0x10c ./src/pp6.o
                0x08002250                pp6_knobs_init
 .text.pp6_knobs_update
                0x0800235c      0x1f0 ./src/pp6.o
                0x0800235c                pp6_knobs_update
 .text.pp6_init_digi_out
                0x0800254c       0xd0 ./src/pp6.o
                0x0800254c                pp6_init_digi_out
 .text.pp6_init_digi_in
                0x0800261c       0xd4 ./src/pp6.o
                0x0800261c                pp6_init_digi_in
 .text.pp6_keys_update
                0x080026f0      0x2a0 ./src/pp6.o
                0x080026f0                pp6_keys_update
 .text.pwm_init
                0x08002990      0x134 ./src/pwm.o
                0x08002990                pwm_init
 .text.pwm_set  0x08002ac4       0x74 ./src/pwm.o
                0x08002ac4                pwm_set
 .text.SystemInit
                0x08002b38       0xb0 ./src/system_stm32f4xx.o
                0x08002b38                SystemInit
 .text.SetSysClock
                0x08002be8      0x1e0 ./src/system_stm32f4xx.o
 .text.timer_init
                0x08002dc8       0x4c ./src/timer.o
                0x08002dc8                timer_init
 .text.uart_init
                0x08002e14       0xc4 ./src/uart.o
                0x08002e14                uart_init
 .text.put_char
                0x08002ed8       0x60 ./src/uart.o
                0x08002ed8                put_char
 .text.uart_service_tx_buf
                0x08002f38       0x8c ./src/uart.o
                0x08002f38                uart_service_tx_buf
 .text.NVIC_Init
                0x08002fc4       0xe4 /home/owen/workspace-rs5/StdPeriphLib_v100_STM32F4xx/Debug/libStdPeriphLib_v100_STM32F4xx.a(misc.o)
                0x08002fc4                NVIC_Init
 .text.ADC_Init
                0x080030a8       0xb8 /home/owen/workspace-rs5/StdPeriphLib_v100_STM32F4xx/Debug/libStdPeriphLib_v100_STM32F4xx.a(stm32f4xx_adc.o)
                0x080030a8                ADC_Init
 .text.ADC_CommonInit
                0x08003160       0x5c /home/owen/workspace-rs5/StdPeriphLib_v100_STM32F4xx/Debug/libStdPeriphLib_v100_STM32F4xx.a(stm32f4xx_adc.o)
                0x08003160                ADC_CommonInit
 .text.ADC_Cmd  0x080031bc       0x38 /home/owen/workspace-rs5/StdPeriphLib_v100_STM32F4xx/Debug/libStdPeriphLib_v100_STM32F4xx.a(stm32f4xx_adc.o)
                0x080031bc                ADC_Cmd
 .text.ADC_RegularChannelConfig
                0x080031f4      0x1bc /home/owen/workspace-rs5/StdPeriphLib_v100_STM32F4xx/Debug/libStdPeriphLib_v100_STM32F4xx.a(stm32f4xx_adc.o)
                0x080031f4                ADC_RegularChannelConfig
 .text.ADC_SoftwareStartConv
                0x080033b0       0x20 /home/owen/workspace-rs5/StdPeriphLib_v100_STM32F4xx/Debug/libStdPeriphLib_v100_STM32F4xx.a(stm32f4xx_adc.o)
                0x080033b0                ADC_SoftwareStartConv
 .text.ADC_GetConversionValue
                0x080033d0       0x1c /home/owen/workspace-rs5/StdPeriphLib_v100_STM32F4xx/Debug/libStdPeriphLib_v100_STM32F4xx.a(stm32f4xx_adc.o)
                0x080033d0                ADC_GetConversionValue
 .text.GPIO_Init
                0x080033ec      0x154 /home/owen/workspace-rs5/StdPeriphLib_v100_STM32F4xx/Debug/libStdPeriphLib_v100_STM32F4xx.a(stm32f4xx_gpio.o)
                0x080033ec                GPIO_Init
 .text.GPIO_ReadInputDataBit
                0x08003540       0x3c /home/owen/workspace-rs5/StdPeriphLib_v100_STM32F4xx/Debug/libStdPeriphLib_v100_STM32F4xx.a(stm32f4xx_gpio.o)
                0x08003540                GPIO_ReadInputDataBit
 .text.GPIO_WriteBit
                0x0800357c       0x30 /home/owen/workspace-rs5/StdPeriphLib_v100_STM32F4xx/Debug/libStdPeriphLib_v100_STM32F4xx.a(stm32f4xx_gpio.o)
                0x0800357c                GPIO_WriteBit
 .text.GPIO_PinAFConfig
                0x080035ac       0xac /home/owen/workspace-rs5/StdPeriphLib_v100_STM32F4xx/Debug/libStdPeriphLib_v100_STM32F4xx.a(stm32f4xx_gpio.o)
                0x080035ac                GPIO_PinAFConfig
 .text.RCC_GetClocksFreq
                0x08003658      0x1d0 /home/owen/workspace-rs5/StdPeriphLib_v100_STM32F4xx/Debug/libStdPeriphLib_v100_STM32F4xx.a(stm32f4xx_rcc.o)
                0x08003658                RCC_GetClocksFreq
 .text.RCC_AHB1PeriphClockCmd
                0x08003828       0x58 /home/owen/workspace-rs5/StdPeriphLib_v100_STM32F4xx/Debug/libStdPeriphLib_v100_STM32F4xx.a(stm32f4xx_rcc.o)
                0x08003828                RCC_AHB1PeriphClockCmd
 .text.RCC_AHB2PeriphClockCmd
                0x08003880       0x58 /home/owen/workspace-rs5/StdPeriphLib_v100_STM32F4xx/Debug/libStdPeriphLib_v100_STM32F4xx.a(stm32f4xx_rcc.o)
                0x08003880                RCC_AHB2PeriphClockCmd
 .text.RCC_APB1PeriphClockCmd
                0x080038d8       0x58 /home/owen/workspace-rs5/StdPeriphLib_v100_STM32F4xx/Debug/libStdPeriphLib_v100_STM32F4xx.a(stm32f4xx_rcc.o)
                0x080038d8                RCC_APB1PeriphClockCmd
 .text.RCC_APB2PeriphClockCmd
                0x08003930       0x58 /home/owen/workspace-rs5/StdPeriphLib_v100_STM32F4xx/Debug/libStdPeriphLib_v100_STM32F4xx.a(stm32f4xx_rcc.o)
                0x08003930                RCC_APB2PeriphClockCmd
 .text.RCC_APB1PeriphResetCmd
                0x08003988       0x58 /home/owen/workspace-rs5/StdPeriphLib_v100_STM32F4xx/Debug/libStdPeriphLib_v100_STM32F4xx.a(stm32f4xx_rcc.o)
                0x08003988                RCC_APB1PeriphResetCmd
 .text.RCC_APB2PeriphResetCmd
                0x080039e0       0x58 /home/owen/workspace-rs5/StdPeriphLib_v100_STM32F4xx/Debug/libStdPeriphLib_v100_STM32F4xx.a(stm32f4xx_rcc.o)
                0x080039e0                RCC_APB2PeriphResetCmd
 .text.RNG_Cmd  0x08003a38       0x4c /home/owen/workspace-rs5/StdPeriphLib_v100_STM32F4xx/Debug/libStdPeriphLib_v100_STM32F4xx.a(stm32f4xx_rng.o)
                0x08003a38                RNG_Cmd
 .text.SPI_I2S_DeInit
                0x08003a84       0x88 /home/owen/workspace-rs5/StdPeriphLib_v100_STM32F4xx/Debug/libStdPeriphLib_v100_STM32F4xx.a(stm32f4xx_spi.o)
                0x08003a84                SPI_I2S_DeInit
 .text.I2S_Init
                0x08003b0c      0x214 /home/owen/workspace-rs5/StdPeriphLib_v100_STM32F4xx/Debug/libStdPeriphLib_v100_STM32F4xx.a(stm32f4xx_spi.o)
                0x08003b0c                I2S_Init
 .text.I2S_Cmd  0x08003d20       0x40 /home/owen/workspace-rs5/StdPeriphLib_v100_STM32F4xx/Debug/libStdPeriphLib_v100_STM32F4xx.a(stm32f4xx_spi.o)
                0x08003d20                I2S_Cmd
 .text.SPI_I2S_SendData
                0x08003d60       0x1c /home/owen/workspace-rs5/StdPeriphLib_v100_STM32F4xx/Debug/libStdPeriphLib_v100_STM32F4xx.a(stm32f4xx_spi.o)
                0x08003d60                SPI_I2S_SendData
 .text.SPI_I2S_ITConfig
                0x08003d7c       0x6c /home/owen/workspace-rs5/StdPeriphLib_v100_STM32F4xx/Debug/libStdPeriphLib_v100_STM32F4xx.a(stm32f4xx_spi.o)
                0x08003d7c                SPI_I2S_ITConfig
 .text.SPI_I2S_GetFlagStatus
                0x08003de8       0x40 /home/owen/workspace-rs5/StdPeriphLib_v100_STM32F4xx/Debug/libStdPeriphLib_v100_STM32F4xx.a(stm32f4xx_spi.o)
                0x08003de8                SPI_I2S_GetFlagStatus
 .text.TIM_TimeBaseInit
                0x08003e28       0xf4 /home/owen/workspace-rs5/StdPeriphLib_v100_STM32F4xx/Debug/libStdPeriphLib_v100_STM32F4xx.a(stm32f4xx_tim.o)
                0x08003e28                TIM_TimeBaseInit
 .text.TIM_TimeBaseStructInit
                0x08003f1c       0x3c /home/owen/workspace-rs5/StdPeriphLib_v100_STM32F4xx/Debug/libStdPeriphLib_v100_STM32F4xx.a(stm32f4xx_tim.o)
                0x08003f1c                TIM_TimeBaseStructInit
 .text.TIM_Cmd  0x08003f58       0x40 /home/owen/workspace-rs5/StdPeriphLib_v100_STM32F4xx/Debug/libStdPeriphLib_v100_STM32F4xx.a(stm32f4xx_tim.o)
                0x08003f58                TIM_Cmd
 .text.TIM_OC1Init
                0x08003f98       0xfc /home/owen/workspace-rs5/StdPeriphLib_v100_STM32F4xx/Debug/libStdPeriphLib_v100_STM32F4xx.a(stm32f4xx_tim.o)
                0x08003f98                TIM_OC1Init
 .text.TIM_OCStructInit
                0x08004094       0x54 /home/owen/workspace-rs5/StdPeriphLib_v100_STM32F4xx/Debug/libStdPeriphLib_v100_STM32F4xx.a(stm32f4xx_tim.o)
                0x08004094                TIM_OCStructInit
 .text.TIM_OC1PreloadConfig
                0x080040e8       0x38 /home/owen/workspace-rs5/StdPeriphLib_v100_STM32F4xx/Debug/libStdPeriphLib_v100_STM32F4xx.a(stm32f4xx_tim.o)
                0x080040e8                TIM_OC1PreloadConfig
 .text.TIM_CtrlPWMOutputs
                0x08004120       0x50 /home/owen/workspace-rs5/StdPeriphLib_v100_STM32F4xx/Debug/libStdPeriphLib_v100_STM32F4xx.a(stm32f4xx_tim.o)
                0x08004120                TIM_CtrlPWMOutputs
 .text.USART_Init
                0x08004170      0x1ac /home/owen/workspace-rs5/StdPeriphLib_v100_STM32F4xx/Debug/libStdPeriphLib_v100_STM32F4xx.a(stm32f4xx_usart.o)
                0x08004170                USART_Init
 .text.USART_Cmd
                0x0800431c       0x40 /home/owen/workspace-rs5/StdPeriphLib_v100_STM32F4xx/Debug/libStdPeriphLib_v100_STM32F4xx.a(stm32f4xx_usart.o)
                0x0800431c                USART_Cmd
 .text.USART_SendData
                0x0800435c       0x28 /home/owen/workspace-rs5/StdPeriphLib_v100_STM32F4xx/Debug/libStdPeriphLib_v100_STM32F4xx.a(stm32f4xx_usart.o)
                0x0800435c                USART_SendData
 .text.USART_ReceiveData
                0x08004384       0x24 /home/owen/workspace-rs5/StdPeriphLib_v100_STM32F4xx/Debug/libStdPeriphLib_v100_STM32F4xx.a(stm32f4xx_usart.o)
                0x08004384                USART_ReceiveData
 .text.USART_GetFlagStatus
                0x080043a8       0x40 /home/owen/workspace-rs5/StdPeriphLib_v100_STM32F4xx/Debug/libStdPeriphLib_v100_STM32F4xx.a(stm32f4xx_usart.o)
                0x080043a8                USART_GetFlagStatus
 .text.__weak_main
                0x080043e8        0x4 /usr/local/redsuite_5.2.4_2122/redsuite/tools/bin/../lib/gcc/arm-none-eabi/4.6.2/../../../../arm-none-eabi/lib/armv7e-m/softfp/libcr_c.a(__weak__main.o)
                0x080043e8                __main
                0x080043e8                __weak_main
 *(.rodata .rodata.*)
                0x080043ec                . = ALIGN (0x4)

.glue_7         0x080043ec        0x0
 .glue_7        0x00000000        0x0 linker stubs

.glue_7t        0x080043ec        0x0
 .glue_7t       0x00000000        0x0 linker stubs

.vfp11_veneer   0x080043ec        0x0
 .vfp11_veneer  0x00000000        0x0 linker stubs

.v4_bx          0x080043ec        0x0
 .v4_bx         0x00000000        0x0 linker stubs

.ARM.extab
 *(.ARM.extab* .gnu.linkonce.armextab.*)
                0x080043ec                __exidx_start = .

.ARM.exidx
 *(.ARM.exidx* .gnu.linkonce.armexidx.*)
                0x080043ec                __exidx_end = .
                0x080043ec                _etext = .

.data_RAM2      0x2001c000        0x0 load address 0x080043ec
 FILL mask 0xff
 *(.data.$RAM2*)
 *(.data.$PeriphRam16*)
                0x2001c000                . = ALIGN (0x4)

.data_RAM3      0x10000000        0x0 load address 0x080043ec
 FILL mask 0xff
 *(.data.$RAM3*)
 *(.data.$Ram64*)
                0x10000000                . = ALIGN (0x4)

.uninit_RESERVED
                0x20000000        0x0
 *(.bss.$RESERVED*)
                0x20000000                . = ALIGN (0x4)
                0x20000000                _end_uninit_RESERVED = .

.data           0x20000000      0x1f4 load address 0x080043ec
 FILL mask 0xff
                0x20000000                _data = .
 *(vtable)
 *(.data*)
 .data.hardware_index
                0x20000000        0x4 ./src/CS4344.o
                0x20000000                hardware_index
 .data.pitch_class
                0x20000004       0x30 ./src/audio.o
                0x20000004                pitch_class
 .data.semitone
                0x20000034      0x190 ./src/audio.o
                0x20000034                semitone
 .data.keys_history
                0x200001c4       0x20 ./src/pp6.o
                0x200001c4                keys_history
 .data.APBAHBPrescTable
                0x200001e4       0x10 /home/owen/workspace-rs5/StdPeriphLib_v100_STM32F4xx/Debug/libStdPeriphLib_v100_STM32F4xx.a(stm32f4xx_rcc.o)
                0x200001f4                . = ALIGN (0x4)
                0x200001f4                _edata = .

.bss_RAM2       0x2001c000        0x0
 *(.bss.$RAM2*)
 *(.bss.$PeriphRam16*)
                0x2001c000                . = ALIGN (0x4)

.bss_RAM3       0x10000000        0x0
 *(.bss.$RAM3*)
 *(.bss.$Ram64*)
                0x10000000                . = ALIGN (0x4)

.bss            0x200001f4      0x604
                0x200001f4                _bss = .
 *(.bss*)
 .bss.software_index
                0x200001f4        0x4 ./src/CS4344.o
                0x200001f4                software_index
 .bss.sample_clock
                0x200001f8        0x4 ./src/CS4344.o
                0x200001f8                sample_clock
 .bss.sample_clock_last
                0x200001fc        0x4 ./src/main.o
 .bss.led_counter
                0x20000200        0x4 ./src/main.o
 .bss.uart_recv_buf_write
                0x20000204        0x1 ./src/main.o
                0x20000204                uart_recv_buf_write
 .bss.uart_recv_buf_read
                0x20000205        0x1 ./src/main.o
                0x20000205                uart_recv_buf_read
 .bss.history_index.9471
                0x20000206        0x1 ./src/pp6.o
 .bss.channel.9435
                0x20000207        0x1 ./src/pp6.o
 .bss.knobs.9436
                0x20000208       0x14 ./src/pp6.o
 .bss.uart_tx_buf
                0x2000021c       0x40 ./src/uart.o
 .bss.uart_tx_buf_write
                0x2000025c        0x1 ./src/uart.o
 .bss.uart_tx_buf_read
                0x2000025d        0x1 ./src/uart.o
 *(COMMON)
 *fill*         0x2000025e        0x2 00
 COMMON         0x20000260      0x400 ./src/CS4344.o
                0x20000260                play_buf
 COMMON         0x20000660       0x44 ./src/main.o
                0x20000660                recvArg0_
                0x20000664                channelIn_
                0x20000668                uart_recv_buf
                0x20000688                recvEvent_
                0x2000068c                tmp8
                0x20000690                recvMode_
                0x20000694                recvByteCount_
                0x20000698                sendFullCommands_
                0x2000069c                recvBytesNeeded_
                0x200006a0                lastStatusSent_
 COMMON         0x200006a4      0x154 ./src/pp6.o
                0x200006a4                pp6
                0x200007f8                . = ALIGN (0x4)
                0x200007f8                _ebss = .
                0x200007f8                PROVIDE (end, .)

.noinit_RAM2    0x2001c000        0x0
 *(.noinit.$RAM2*)
 *(.noinit.$PeriphRam16*)
                0x2001c000                . = ALIGN (0x4)

.noinit_RAM3    0x10000000        0x0
 *(.noinit.$RAM3*)
 *(.noinit.$Ram64*)
                0x10000000                . = ALIGN (0x4)

.noinit         0x200007f8        0x0
                0x200007f8                _noinit = .
 *(.noinit*)
                0x200007f8                . = ALIGN (0x4)
                0x200007f8                _end_noinit = .
                0x200007f8                PROVIDE (_pvHeapStart, .)
                0x2001c000                PROVIDE (_vStackTop, (__top_Ram112 - 0x0))
OUTPUT(MelodyMill.axf elf32-littlearm)

.debug_info     0x00000000     0xb3b0
 .debug_info    0x00000000      0x7cb ./src/CS4344.o
 .debug_info    0x000007cb      0x196 ./src/audio.o
 .debug_info    0x00000961      0x31b ./src/cr_startup_stm32f4xx.o
 .debug_info    0x00000c7c      0x53a ./src/main.o
 .debug_info    0x000011b6      0x849 ./src/midi.o
 .debug_info    0x000019ff      0x30a ./src/notelist.o
 .debug_info    0x00001d09      0x956 ./src/oscillator.o
 .debug_info    0x0000265f     0x1123 ./src/pp6.o
 .debug_info    0x00003782      0x6e4 ./src/pwm.o
 .debug_info    0x00003e66      0x1c6 ./src/sad.o
 .debug_info    0x0000402c      0x242 ./src/sadsr.o
 .debug_info    0x0000426e      0x40b ./src/sequencer.o
 .debug_info    0x00004679      0x625 ./src/system_stm32f4xx.o
 .debug_info    0x00004c9e      0x3be ./src/timer.o
 .debug_info    0x0000505c      0x4b4 ./src/uart.o
 .debug_info    0x00005510      0x59c /home/owen/workspace-rs5/StdPeriphLib_v100_STM32F4xx/Debug/libStdPeriphLib_v100_STM32F4xx.a(misc.o)
 .debug_info    0x00005aac      0xcfd /home/owen/workspace-rs5/StdPeriphLib_v100_STM32F4xx/Debug/libStdPeriphLib_v100_STM32F4xx.a(stm32f4xx_adc.o)
 .debug_info    0x000067a9      0x641 /home/owen/workspace-rs5/StdPeriphLib_v100_STM32F4xx/Debug/libStdPeriphLib_v100_STM32F4xx.a(stm32f4xx_gpio.o)
 .debug_info    0x00006dea      0xd2c /home/owen/workspace-rs5/StdPeriphLib_v100_STM32F4xx/Debug/libStdPeriphLib_v100_STM32F4xx.a(stm32f4xx_rcc.o)
 .debug_info    0x00007b16      0x299 /home/owen/workspace-rs5/StdPeriphLib_v100_STM32F4xx/Debug/libStdPeriphLib_v100_STM32F4xx.a(stm32f4xx_rng.o)
 .debug_info    0x00007daf      0xbd4 /home/owen/workspace-rs5/StdPeriphLib_v100_STM32F4xx/Debug/libStdPeriphLib_v100_STM32F4xx.a(stm32f4xx_spi.o)
 .debug_info    0x00008983     0x1e30 /home/owen/workspace-rs5/StdPeriphLib_v100_STM32F4xx/Debug/libStdPeriphLib_v100_STM32F4xx.a(stm32f4xx_tim.o)
 .debug_info    0x0000a7b3      0xa57 /home/owen/workspace-rs5/StdPeriphLib_v100_STM32F4xx/Debug/libStdPeriphLib_v100_STM32F4xx.a(stm32f4xx_usart.o)
 .debug_info    0x0000b20a      0x1a6 /home/owen/workspace-rs5/CMSISv2p10_DSPLIB_CM4/lib/libCMSISv2p10_DSPLIB_CM4.a(arm_sin_f32.o)

.debug_abbrev   0x00000000     0x1e18
 .debug_abbrev  0x00000000      0x17e ./src/CS4344.o
 .debug_abbrev  0x0000017e       0xc2 ./src/audio.o
 .debug_abbrev  0x00000240      0x119 ./src/cr_startup_stm32f4xx.o
 .debug_abbrev  0x00000359      0x183 ./src/main.o
 .debug_abbrev  0x000004dc      0x132 ./src/midi.o
 .debug_abbrev  0x0000060e       0xed ./src/notelist.o
 .debug_abbrev  0x000006fb      0x14f ./src/oscillator.o
 .debug_abbrev  0x0000084a      0x253 ./src/pp6.o
 .debug_abbrev  0x00000a9d      0x11e ./src/pwm.o
 .debug_abbrev  0x00000bbb       0xdd ./src/sad.o
 .debug_abbrev  0x00000c98       0xe1 ./src/sadsr.o
 .debug_abbrev  0x00000d79       0xdc ./src/sequencer.o
 .debug_abbrev  0x00000e55      0x144 ./src/system_stm32f4xx.o
 .debug_abbrev  0x00000f99      0x109 ./src/timer.o
 .debug_abbrev  0x000010a2      0x12f ./src/uart.o
 .debug_abbrev  0x000011d1      0x12a /home/owen/workspace-rs5/StdPeriphLib_v100_STM32F4xx/Debug/libStdPeriphLib_v100_STM32F4xx.a(misc.o)
 .debug_abbrev  0x000012fb      0x18d /home/owen/workspace-rs5/StdPeriphLib_v100_STM32F4xx/Debug/libStdPeriphLib_v100_STM32F4xx.a(stm32f4xx_adc.o)
 .debug_abbrev  0x00001488      0x186 /home/owen/workspace-rs5/StdPeriphLib_v100_STM32F4xx/Debug/libStdPeriphLib_v100_STM32F4xx.a(stm32f4xx_gpio.o)
 .debug_abbrev  0x0000160e      0x1bb /home/owen/workspace-rs5/StdPeriphLib_v100_STM32F4xx/Debug/libStdPeriphLib_v100_STM32F4xx.a(stm32f4xx_rcc.o)
 .debug_abbrev  0x000017c9      0x13b /home/owen/workspace-rs5/StdPeriphLib_v100_STM32F4xx/Debug/libStdPeriphLib_v100_STM32F4xx.a(stm32f4xx_rng.o)
 .debug_abbrev  0x00001904      0x164 /home/owen/workspace-rs5/StdPeriphLib_v100_STM32F4xx/Debug/libStdPeriphLib_v100_STM32F4xx.a(stm32f4xx_spi.o)
 .debug_abbrev  0x00001a68      0x167 /home/owen/workspace-rs5/StdPeriphLib_v100_STM32F4xx/Debug/libStdPeriphLib_v100_STM32F4xx.a(stm32f4xx_tim.o)
 .debug_abbrev  0x00001bcf      0x152 /home/owen/workspace-rs5/StdPeriphLib_v100_STM32F4xx/Debug/libStdPeriphLib_v100_STM32F4xx.a(stm32f4xx_usart.o)
 .debug_abbrev  0x00001d21       0xf7 /home/owen/workspace-rs5/CMSISv2p10_DSPLIB_CM4/lib/libCMSISv2p10_DSPLIB_CM4.a(arm_sin_f32.o)

.debug_loc      0x00000000     0x5f02
 .debug_loc     0x00000000       0x70 ./src/CS4344.o
 .debug_loc     0x00000070       0x70 ./src/audio.o
 .debug_loc     0x000000e0      0x102 ./src/cr_startup_stm32f4xx.o
 .debug_loc     0x000001e2       0xaa ./src/main.o
 .debug_loc     0x0000028c      0x738 ./src/midi.o
 .debug_loc     0x000009c4      0x1c2 ./src/notelist.o
 .debug_loc     0x00000b86      0x462 ./src/oscillator.o
 .debug_loc     0x00000fe8      0xe68 ./src/pp6.o
 .debug_loc     0x00001e50       0xa8 ./src/pwm.o
 .debug_loc     0x00001ef8       0xe0 ./src/sad.o
 .debug_loc     0x00001fd8      0x150 ./src/sadsr.o
 .debug_loc     0x00002128      0x410 ./src/sequencer.o
 .debug_loc     0x00002538       0x9c ./src/system_stm32f4xx.o
 .debug_loc     0x000025d4       0x90 ./src/timer.o
 .debug_loc     0x00002664       0x9c ./src/uart.o
 .debug_loc     0x00002700      0x118 /home/owen/workspace-rs5/StdPeriphLib_v100_STM32F4xx/Debug/libStdPeriphLib_v100_STM32F4xx.a(misc.o)
 .debug_loc     0x00002818      0x838 /home/owen/workspace-rs5/StdPeriphLib_v100_STM32F4xx/Debug/libStdPeriphLib_v100_STM32F4xx.a(stm32f4xx_adc.o)
 .debug_loc     0x00003050      0x310 /home/owen/workspace-rs5/StdPeriphLib_v100_STM32F4xx/Debug/libStdPeriphLib_v100_STM32F4xx.a(stm32f4xx_gpio.o)
 .debug_loc     0x00003360      0x97c /home/owen/workspace-rs5/StdPeriphLib_v100_STM32F4xx/Debug/libStdPeriphLib_v100_STM32F4xx.a(stm32f4xx_rcc.o)
 .debug_loc     0x00003cdc      0x1a8 /home/owen/workspace-rs5/StdPeriphLib_v100_STM32F4xx/Debug/libStdPeriphLib_v100_STM32F4xx.a(stm32f4xx_rng.o)
 .debug_loc     0x00003e84      0x578 /home/owen/workspace-rs5/StdPeriphLib_v100_STM32F4xx/Debug/libStdPeriphLib_v100_STM32F4xx.a(stm32f4xx_spi.o)
 .debug_loc     0x000043fc     0x1420 /home/owen/workspace-rs5/StdPeriphLib_v100_STM32F4xx/Debug/libStdPeriphLib_v100_STM32F4xx.a(stm32f4xx_tim.o)
 .debug_loc     0x0000581c      0x658 /home/owen/workspace-rs5/StdPeriphLib_v100_STM32F4xx/Debug/libStdPeriphLib_v100_STM32F4xx.a(stm32f4xx_usart.o)
 .debug_loc     0x00005e74       0x8e /home/owen/workspace-rs5/CMSISv2p10_DSPLIB_CM4/lib/libCMSISv2p10_DSPLIB_CM4.a(arm_sin_f32.o)

.debug_aranges  0x00000000     0x10a8
 .debug_aranges
                0x00000000       0x28 ./src/CS4344.o
 .debug_aranges
                0x00000028       0x28 ./src/audio.o
 .debug_aranges
                0x00000050       0x80 ./src/cr_startup_stm32f4xx.o
 .debug_aranges
                0x000000d0       0x30 ./src/main.o
 .debug_aranges
                0x00000100      0x138 ./src/midi.o
 .debug_aranges
                0x00000238       0x58 ./src/notelist.o
 .debug_aranges
                0x00000290       0xb8 ./src/oscillator.o
 .debug_aranges
                0x00000348      0x280 ./src/pp6.o
 .debug_aranges
                0x000005c8       0x30 ./src/pwm.o
 .debug_aranges
                0x000005f8       0x38 ./src/sad.o
 .debug_aranges
                0x00000630       0x48 ./src/sadsr.o
 .debug_aranges
                0x00000678       0xc8 ./src/sequencer.o
 .debug_aranges
                0x00000740       0x30 ./src/system_stm32f4xx.o
 .debug_aranges
                0x00000770       0x30 ./src/timer.o
 .debug_aranges
                0x000007a0       0x30 ./src/uart.o
 .debug_aranges
                0x000007d0       0x40 /home/owen/workspace-rs5/StdPeriphLib_v100_STM32F4xx/Debug/libStdPeriphLib_v100_STM32F4xx.a(misc.o)
 .debug_aranges
                0x00000810      0x148 /home/owen/workspace-rs5/StdPeriphLib_v100_STM32F4xx/Debug/libStdPeriphLib_v100_STM32F4xx.a(stm32f4xx_adc.o)
 .debug_aranges
                0x00000958       0x88 /home/owen/workspace-rs5/StdPeriphLib_v100_STM32F4xx/Debug/libStdPeriphLib_v100_STM32F4xx.a(stm32f4xx_gpio.o)
 .debug_aranges
                0x000009e0      0x178 /home/owen/workspace-rs5/StdPeriphLib_v100_STM32F4xx/Debug/libStdPeriphLib_v100_STM32F4xx.a(stm32f4xx_rcc.o)
 .debug_aranges
                0x00000b58       0x58 /home/owen/workspace-rs5/StdPeriphLib_v100_STM32F4xx/Debug/libStdPeriphLib_v100_STM32F4xx.a(stm32f4xx_rng.o)
 .debug_aranges
                0x00000bb0       0xe0 /home/owen/workspace-rs5/StdPeriphLib_v100_STM32F4xx/Debug/libStdPeriphLib_v100_STM32F4xx.a(stm32f4xx_spi.o)
 .debug_aranges
                0x00000c90      0x2f8 /home/owen/workspace-rs5/StdPeriphLib_v100_STM32F4xx/Debug/libStdPeriphLib_v100_STM32F4xx.a(stm32f4xx_tim.o)
 .debug_aranges
                0x00000f88      0x100 /home/owen/workspace-rs5/StdPeriphLib_v100_STM32F4xx/Debug/libStdPeriphLib_v100_STM32F4xx.a(stm32f4xx_usart.o)
 .debug_aranges
                0x00001088       0x20 /home/owen/workspace-rs5/CMSISv2p10_DSPLIB_CM4/lib/libCMSISv2p10_DSPLIB_CM4.a(arm_sin_f32.o)

.debug_ranges   0x00000000      0xf28
 .debug_ranges  0x00000000       0x18 ./src/CS4344.o
 .debug_ranges  0x00000018       0x18 ./src/audio.o
 .debug_ranges  0x00000030       0x70 ./src/cr_startup_stm32f4xx.o
 .debug_ranges  0x000000a0       0x20 ./src/main.o
 .debug_ranges  0x000000c0      0x128 ./src/midi.o
 .debug_ranges  0x000001e8       0x48 ./src/notelist.o
 .debug_ranges  0x00000230       0xa8 ./src/oscillator.o
 .debug_ranges  0x000002d8      0x270 ./src/pp6.o
 .debug_ranges  0x00000548       0x20 ./src/pwm.o
 .debug_ranges  0x00000568       0x28 ./src/sad.o
 .debug_ranges  0x00000590       0x38 ./src/sadsr.o
 .debug_ranges  0x000005c8       0xb8 ./src/sequencer.o
 .debug_ranges  0x00000680       0x20 ./src/system_stm32f4xx.o
 .debug_ranges  0x000006a0       0x20 ./src/timer.o
 .debug_ranges  0x000006c0       0x20 ./src/uart.o
 .debug_ranges  0x000006e0       0x30 /home/owen/workspace-rs5/StdPeriphLib_v100_STM32F4xx/Debug/libStdPeriphLib_v100_STM32F4xx.a(misc.o)
 .debug_ranges  0x00000710      0x138 /home/owen/workspace-rs5/StdPeriphLib_v100_STM32F4xx/Debug/libStdPeriphLib_v100_STM32F4xx.a(stm32f4xx_adc.o)
 .debug_ranges  0x00000848       0x78 /home/owen/workspace-rs5/StdPeriphLib_v100_STM32F4xx/Debug/libStdPeriphLib_v100_STM32F4xx.a(stm32f4xx_gpio.o)
 .debug_ranges  0x000008c0      0x168 /home/owen/workspace-rs5/StdPeriphLib_v100_STM32F4xx/Debug/libStdPeriphLib_v100_STM32F4xx.a(stm32f4xx_rcc.o)
 .debug_ranges  0x00000a28       0x48 /home/owen/workspace-rs5/StdPeriphLib_v100_STM32F4xx/Debug/libStdPeriphLib_v100_STM32F4xx.a(stm32f4xx_rng.o)
 .debug_ranges  0x00000a70       0xd0 /home/owen/workspace-rs5/StdPeriphLib_v100_STM32F4xx/Debug/libStdPeriphLib_v100_STM32F4xx.a(stm32f4xx_spi.o)
 .debug_ranges  0x00000b40      0x2e8 /home/owen/workspace-rs5/StdPeriphLib_v100_STM32F4xx/Debug/libStdPeriphLib_v100_STM32F4xx.a(stm32f4xx_tim.o)
 .debug_ranges  0x00000e28       0xf0 /home/owen/workspace-rs5/StdPeriphLib_v100_STM32F4xx/Debug/libStdPeriphLib_v100_STM32F4xx.a(stm32f4xx_usart.o)
 .debug_ranges  0x00000f18       0x10 /home/owen/workspace-rs5/CMSISv2p10_DSPLIB_CM4/lib/libCMSISv2p10_DSPLIB_CM4.a(arm_sin_f32.o)

.debug_line     0x00000000     0xb0fa
 .debug_line    0x00000000      0x634 ./src/CS4344.o
 .debug_line    0x00000634      0x463 ./src/audio.o
 .debug_line    0x00000a97      0x65e ./src/cr_startup_stm32f4xx.o
 .debug_line    0x000010f5      0x7d4 ./src/main.o
 .debug_line    0x000018c9      0x9df ./src/midi.o
 .debug_line    0x000022a8      0x563 ./src/notelist.o
 .debug_line    0x0000280b      0x647 ./src/oscillator.o
 .debug_line    0x00002e52      0xebd ./src/pp6.o
 .debug_line    0x00003d0f      0x70b ./src/pwm.o
 .debug_line    0x0000441a      0x48e ./src/sad.o
 .debug_line    0x000048a8      0x4bc ./src/sadsr.o
 .debug_line    0x00004d64      0x637 ./src/sequencer.o
 .debug_line    0x0000539b      0x674 ./src/system_stm32f4xx.o
 .debug_line    0x00005a0f      0x61e ./src/timer.o
 .debug_line    0x0000602d      0x62e ./src/uart.o
 .debug_line    0x0000665b      0x645 /home/owen/workspace-rs5/StdPeriphLib_v100_STM32F4xx/Debug/libStdPeriphLib_v100_STM32F4xx.a(misc.o)
 .debug_line    0x00006ca0      0x94b /home/owen/workspace-rs5/StdPeriphLib_v100_STM32F4xx/Debug/libStdPeriphLib_v100_STM32F4xx.a(stm32f4xx_adc.o)
 .debug_line    0x000075eb      0x735 /home/owen/workspace-rs5/StdPeriphLib_v100_STM32F4xx/Debug/libStdPeriphLib_v100_STM32F4xx.a(stm32f4xx_gpio.o)
 .debug_line    0x00007d20      0x993 /home/owen/workspace-rs5/StdPeriphLib_v100_STM32F4xx/Debug/libStdPeriphLib_v100_STM32F4xx.a(stm32f4xx_rcc.o)
 .debug_line    0x000086b3      0x67f /home/owen/workspace-rs5/StdPeriphLib_v100_STM32F4xx/Debug/libStdPeriphLib_v100_STM32F4xx.a(stm32f4xx_rng.o)
 .debug_line    0x00008d32      0x84b /home/owen/workspace-rs5/StdPeriphLib_v100_STM32F4xx/Debug/libStdPeriphLib_v100_STM32F4xx.a(stm32f4xx_spi.o)
 .debug_line    0x0000957d      0xe70 /home/owen/workspace-rs5/StdPeriphLib_v100_STM32F4xx/Debug/libStdPeriphLib_v100_STM32F4xx.a(stm32f4xx_tim.o)
 .debug_line    0x0000a3ed      0x886 /home/owen/workspace-rs5/StdPeriphLib_v100_STM32F4xx/Debug/libStdPeriphLib_v100_STM32F4xx.a(stm32f4xx_usart.o)
 .debug_line    0x0000ac73      0x487 /home/owen/workspace-rs5/CMSISv2p10_DSPLIB_CM4/lib/libCMSISv2p10_DSPLIB_CM4.a(arm_sin_f32.o)

.debug_macinfo  0x00000000   0x63cc3e
 .debug_macinfo
                0x00000000    0x5bcdb ./src/CS4344.o
 .debug_macinfo
                0x0005bcdb     0x5044 ./src/audio.o
 .debug_macinfo
                0x00060d1f    0x5baca ./src/cr_startup_stm32f4xx.o
 .debug_macinfo
                0x000bc7e9    0x5cc73 ./src/main.o
 .debug_macinfo
                0x0011945c    0x5c92d ./src/midi.o
 .debug_macinfo
                0x00175d89     0x4fc6 ./src/notelist.o
 .debug_macinfo
                0x0017ad4f     0x5069 ./src/oscillator.o
 .debug_macinfo
                0x0017fdb8    0x5c688 ./src/pp6.o
 .debug_macinfo
                0x001dc440    0x5c22b ./src/pwm.o
 .debug_macinfo
                0x0023866b     0x5052 ./src/sad.o
 .debug_macinfo
                0x0023d6bd     0x5054 ./src/sadsr.o
 .debug_macinfo
                0x00242711     0x54a6 ./src/sequencer.o
 .debug_macinfo
                0x00247bb7    0x5bacd ./src/system_stm32f4xx.o
 .debug_macinfo
                0x002a3684    0x5ba79 ./src/timer.o
 .debug_macinfo
                0x002ff0fd    0x5ba78 ./src/uart.o
 .debug_macinfo
                0x0035ab75    0x5ba7b /home/owen/workspace-rs5/StdPeriphLib_v100_STM32F4xx/Debug/libStdPeriphLib_v100_STM32F4xx.a(misc.o)
 .debug_macinfo
                0x003b65f0    0x5bd69 /home/owen/workspace-rs5/StdPeriphLib_v100_STM32F4xx/Debug/libStdPeriphLib_v100_STM32F4xx.a(stm32f4xx_adc.o)
 .debug_macinfo
                0x00412359    0x5ba4f /home/owen/workspace-rs5/StdPeriphLib_v100_STM32F4xx/Debug/libStdPeriphLib_v100_STM32F4xx.a(stm32f4xx_gpio.o)
 .debug_macinfo
                0x0046dda8    0x5bf5b /home/owen/workspace-rs5/StdPeriphLib_v100_STM32F4xx/Debug/libStdPeriphLib_v100_STM32F4xx.a(stm32f4xx_rcc.o)
 .debug_macinfo
                0x004c9d03    0x5ba4f /home/owen/workspace-rs5/StdPeriphLib_v100_STM32F4xx/Debug/libStdPeriphLib_v100_STM32F4xx.a(stm32f4xx_rng.o)
 .debug_macinfo
                0x00525752    0x5bb3c /home/owen/workspace-rs5/StdPeriphLib_v100_STM32F4xx/Debug/libStdPeriphLib_v100_STM32F4xx.a(stm32f4xx_spi.o)
 .debug_macinfo
                0x0058128e    0x5bb28 /home/owen/workspace-rs5/StdPeriphLib_v100_STM32F4xx/Debug/libStdPeriphLib_v100_STM32F4xx.a(stm32f4xx_tim.o)
 .debug_macinfo
                0x005dcdb6    0x5bb7b /home/owen/workspace-rs5/StdPeriphLib_v100_STM32F4xx/Debug/libStdPeriphLib_v100_STM32F4xx.a(stm32f4xx_usart.o)
 .debug_macinfo
                0x00638931     0x430d /home/owen/workspace-rs5/CMSISv2p10_DSPLIB_CM4/lib/libCMSISv2p10_DSPLIB_CM4.a(arm_sin_f32.o)

.debug_str      0x00000000     0x4185
 .debug_str     0x00000000      0x976 ./src/CS4344.o
                                0x9b3 (size before relaxing)
 .debug_str     0x00000976       0x54 ./src/audio.o
                                0x149 (size before relaxing)
 .debug_str     0x000009ca      0x179 ./src/cr_startup_stm32f4xx.o
                                0x280 (size before relaxing)
 .debug_str     0x00000b43      0x176 ./src/main.o
                                0x350 (size before relaxing)
 .debug_str     0x00000cb9      0x263 ./src/midi.o
                                0x414 (size before relaxing)
 .debug_str     0x00000f1c       0xc3 ./src/notelist.o
                                0x1d8 (size before relaxing)
 .debug_str     0x00000fdf      0x2a2 ./src/oscillator.o
                                0x3ea (size before relaxing)
 .debug_str     0x00001281      0x878 ./src/pp6.o
                                0xcac (size before relaxing)
 .debug_str     0x00001af9      0x1ce ./src/pwm.o
                                0x501 (size before relaxing)
 .debug_str     0x00001cc7       0x74 ./src/sad.o
                                0x178 (size before relaxing)
 .debug_str     0x00001d3b       0x85 ./src/sadsr.o
                                0x1bf (size before relaxing)
 .debug_str     0x00001dc0      0x279 ./src/sequencer.o
                                0x395 (size before relaxing)
 .debug_str     0x00002039      0x1b8 ./src/system_stm32f4xx.o
                                0x337 (size before relaxing)
 .debug_str     0x000021f1       0x35 ./src/timer.o
                                0x2be (size before relaxing)
 .debug_str     0x00002226       0xf0 ./src/uart.o
                                0x411 (size before relaxing)
 .debug_str     0x00002316      0x16c /home/owen/workspace-rs5/StdPeriphLib_v100_STM32F4xx/Debug/libStdPeriphLib_v100_STM32F4xx.a(misc.o)
                                0x371 (size before relaxing)
 .debug_str     0x00002482      0x4d6 /home/owen/workspace-rs5/StdPeriphLib_v100_STM32F4xx/Debug/libStdPeriphLib_v100_STM32F4xx.a(stm32f4xx_adc.o)
                                0x79c (size before relaxing)
 .debug_str     0x00002958      0x171 /home/owen/workspace-rs5/StdPeriphLib_v100_STM32F4xx/Debug/libStdPeriphLib_v100_STM32F4xx.a(stm32f4xx_gpio.o)
                                0x43b (size before relaxing)
 .debug_str     0x00002ac9      0x537 /home/owen/workspace-rs5/StdPeriphLib_v100_STM32F4xx/Debug/libStdPeriphLib_v100_STM32F4xx.a(stm32f4xx_rcc.o)
                                0x7e8 (size before relaxing)
 .debug_str     0x00003000       0xad /home/owen/workspace-rs5/StdPeriphLib_v100_STM32F4xx/Debug/libStdPeriphLib_v100_STM32F4xx.a(stm32f4xx_rng.o)
                                0x21c (size before relaxing)
 .debug_str     0x000030ad      0x2e6 /home/owen/workspace-rs5/StdPeriphLib_v100_STM32F4xx/Debug/libStdPeriphLib_v100_STM32F4xx.a(stm32f4xx_spi.o)
                                0x622 (size before relaxing)
 .debug_str     0x00003393      0x9cc /home/owen/workspace-rs5/StdPeriphLib_v100_STM32F4xx/Debug/libStdPeriphLib_v100_STM32F4xx.a(stm32f4xx_tim.o)
                                0xd68 (size before relaxing)
 .debug_str     0x00003d5f      0x378 /home/owen/workspace-rs5/StdPeriphLib_v100_STM32F4xx/Debug/libStdPeriphLib_v100_STM32F4xx.a(stm32f4xx_usart.o)
                                0x627 (size before relaxing)
 .debug_str     0x000040d7       0xae /home/owen/workspace-rs5/CMSISv2p10_DSPLIB_CM4/lib/libCMSISv2p10_DSPLIB_CM4.a(arm_sin_f32.o)
                                0x14e (size before relaxing)

.comment        0x00000000      0x10a
 .comment       0x00000000       0x70 ./src/CS4344.o
                                 0x71 (size before relaxing)
 .comment       0x00000000       0x71 ./src/audio.o
 .comment       0x00000000       0x71 ./src/cr_startup_stm32f4xx.o
 .comment       0x00000000       0x71 ./src/main.o
 .comment       0x00000000       0x71 ./src/midi.o
 .comment       0x00000000       0x71 ./src/notelist.o
 .comment       0x00000000       0x71 ./src/oscillator.o
 .comment       0x00000000       0x71 ./src/pp6.o
 .comment       0x00000000       0x71 ./src/pwm.o
 .comment       0x00000000       0x71 ./src/sad.o
 .comment       0x00000000       0x71 ./src/sadsr.o
 .comment       0x00000000       0x71 ./src/sequencer.o
 .comment       0x00000000       0x71 ./src/system_stm32f4xx.o
 .comment       0x00000000       0x71 ./src/timer.o
 .comment       0x00000000       0x71 ./src/uart.o
 .comment       0x00000000       0x71 /home/owen/workspace-rs5/StdPeriphLib_v100_STM32F4xx/Debug/libStdPeriphLib_v100_STM32F4xx.a(misc.o)
 .comment       0x00000000       0x71 /home/owen/workspace-rs5/StdPeriphLib_v100_STM32F4xx/Debug/libStdPeriphLib_v100_STM32F4xx.a(stm32f4xx_adc.o)
 .comment       0x00000000       0x71 /home/owen/workspace-rs5/StdPeriphLib_v100_STM32F4xx/Debug/libStdPeriphLib_v100_STM32F4xx.a(stm32f4xx_gpio.o)
 .comment       0x00000000       0x71 /home/owen/workspace-rs5/StdPeriphLib_v100_STM32F4xx/Debug/libStdPeriphLib_v100_STM32F4xx.a(stm32f4xx_rcc.o)
 .comment       0x00000000       0x71 /home/owen/workspace-rs5/StdPeriphLib_v100_STM32F4xx/Debug/libStdPeriphLib_v100_STM32F4xx.a(stm32f4xx_rng.o)
 .comment       0x00000000       0x71 /home/owen/workspace-rs5/StdPeriphLib_v100_STM32F4xx/Debug/libStdPeriphLib_v100_STM32F4xx.a(stm32f4xx_spi.o)
 .comment       0x00000000       0x71 /home/owen/workspace-rs5/StdPeriphLib_v100_STM32F4xx/Debug/libStdPeriphLib_v100_STM32F4xx.a(stm32f4xx_tim.o)
 .comment       0x00000000       0x71 /home/owen/workspace-rs5/StdPeriphLib_v100_STM32F4xx/Debug/libStdPeriphLib_v100_STM32F4xx.a(stm32f4xx_usart.o)
 .comment       0x00000070       0x2a /home/owen/workspace-rs5/CMSISv2p10_DSPLIB_CM4/lib/libCMSISv2p10_DSPLIB_CM4.a(arm_sin_f32.o)
                                 0x2b (size before relaxing)
 .comment       0x0000009a       0x70 /usr/local/redsuite_5.2.4_2122/redsuite/tools/bin/../lib/gcc/arm-none-eabi/4.6.2/../../../../arm-none-eabi/lib/armv7e-m/softfp/libcr_c.a(__weak__main.o)
                                 0x71 (size before relaxing)

.ARM.attributes
                0x00000000       0x39
 .ARM.attributes
                0x00000000       0x39 ./src/CS4344.o
 .ARM.attributes
                0x00000039       0x39 ./src/audio.o
 .ARM.attributes
                0x00000072       0x39 ./src/cr_startup_stm32f4xx.o
 .ARM.attributes
                0x000000ab       0x39 ./src/main.o
 .ARM.attributes
                0x000000e4       0x39 ./src/midi.o
 .ARM.attributes
                0x0000011d       0x39 ./src/notelist.o
 .ARM.attributes
                0x00000156       0x39 ./src/oscillator.o
 .ARM.attributes
                0x0000018f       0x39 ./src/pp6.o
 .ARM.attributes
                0x000001c8       0x39 ./src/pwm.o
 .ARM.attributes
                0x00000201       0x39 ./src/sad.o
 .ARM.attributes
                0x0000023a       0x39 ./src/sadsr.o
 .ARM.attributes
                0x00000273       0x39 ./src/sequencer.o
 .ARM.attributes
                0x000002ac       0x39 ./src/system_stm32f4xx.o
 .ARM.attributes
                0x000002e5       0x39 ./src/timer.o
 .ARM.attributes
                0x0000031e       0x39 ./src/uart.o
 .ARM.attributes
                0x00000357       0x39 /home/owen/workspace-rs5/StdPeriphLib_v100_STM32F4xx/Debug/libStdPeriphLib_v100_STM32F4xx.a(misc.o)
 .ARM.attributes
                0x00000390       0x39 /home/owen/workspace-rs5/StdPeriphLib_v100_STM32F4xx/Debug/libStdPeriphLib_v100_STM32F4xx.a(stm32f4xx_adc.o)
 .ARM.attributes
                0x000003c9       0x39 /home/owen/workspace-rs5/StdPeriphLib_v100_STM32F4xx/Debug/libStdPeriphLib_v100_STM32F4xx.a(stm32f4xx_gpio.o)
 .ARM.attributes
                0x00000402       0x39 /home/owen/workspace-rs5/StdPeriphLib_v100_STM32F4xx/Debug/libStdPeriphLib_v100_STM32F4xx.a(stm32f4xx_rcc.o)
 .ARM.attributes
                0x0000043b       0x39 /home/owen/workspace-rs5/StdPeriphLib_v100_STM32F4xx/Debug/libStdPeriphLib_v100_STM32F4xx.a(stm32f4xx_rng.o)
 .ARM.attributes
                0x00000474       0x39 /home/owen/workspace-rs5/StdPeriphLib_v100_STM32F4xx/Debug/libStdPeriphLib_v100_STM32F4xx.a(stm32f4xx_spi.o)
 .ARM.attributes
                0x000004ad       0x39 /home/owen/workspace-rs5/StdPeriphLib_v100_STM32F4xx/Debug/libStdPeriphLib_v100_STM32F4xx.a(stm32f4xx_tim.o)
 .ARM.attributes
                0x000004e6       0x39 /home/owen/workspace-rs5/StdPeriphLib_v100_STM32F4xx/Debug/libStdPeriphLib_v100_STM32F4xx.a(stm32f4xx_usart.o)
 .ARM.attributes
                0x0000051f       0x37 /home/owen/workspace-rs5/CMSISv2p10_DSPLIB_CM4/lib/libCMSISv2p10_DSPLIB_CM4.a(arm_sin_f32.o)
 .ARM.attributes
                0x00000556       0x39 /usr/local/redsuite_5.2.4_2122/redsuite/tools/bin/../lib/gcc/arm-none-eabi/4.6.2/../../../../arm-none-eabi/lib/armv7e-m/softfp/libcr_c.a(__weak__main.o)

.debug_frame    0x00000000     0x3328
 .debug_frame   0x00000000       0x50 ./src/CS4344.o
 .debug_frame   0x00000050       0x48 ./src/audio.o
 .debug_frame   0x00000098       0xf4 ./src/cr_startup_stm32f4xx.o
 .debug_frame   0x0000018c       0x70 ./src/main.o
 .debug_frame   0x000001fc      0x420 ./src/midi.o
 .debug_frame   0x0000061c       0xf4 ./src/notelist.o
 .debug_frame   0x00000710      0x24c ./src/oscillator.o
 .debug_frame   0x0000095c      0x7fc ./src/pp6.o
 .debug_frame   0x00001158       0x6c ./src/pwm.o
 .debug_frame   0x000011c4       0x80 ./src/sad.o
 .debug_frame   0x00001244       0xb8 ./src/sadsr.o
 .debug_frame   0x000012fc      0x258 ./src/sequencer.o
 .debug_frame   0x00001554       0x64 ./src/system_stm32f4xx.o
 .debug_frame   0x000015b8       0x68 ./src/timer.o
 .debug_frame   0x00001620       0x68 ./src/uart.o
 .debug_frame   0x00001688       0x9c /home/owen/workspace-rs5/StdPeriphLib_v100_STM32F4xx/Debug/libStdPeriphLib_v100_STM32F4xx.a(misc.o)
 .debug_frame   0x00001724      0x434 /home/owen/workspace-rs5/StdPeriphLib_v100_STM32F4xx/Debug/libStdPeriphLib_v100_STM32F4xx.a(stm32f4xx_adc.o)
 .debug_frame   0x00001b58      0x19c /home/owen/workspace-rs5/StdPeriphLib_v100_STM32F4xx/Debug/libStdPeriphLib_v100_STM32F4xx.a(stm32f4xx_gpio.o)
 .debug_frame   0x00001cf4      0x4d8 /home/owen/workspace-rs5/StdPeriphLib_v100_STM32F4xx/Debug/libStdPeriphLib_v100_STM32F4xx.a(stm32f4xx_rcc.o)
 .debug_frame   0x000021cc       0xec /home/owen/workspace-rs5/StdPeriphLib_v100_STM32F4xx/Debug/libStdPeriphLib_v100_STM32F4xx.a(stm32f4xx_rng.o)
 .debug_frame   0x000022b8      0x2d0 /home/owen/workspace-rs5/StdPeriphLib_v100_STM32F4xx/Debug/libStdPeriphLib_v100_STM32F4xx.a(stm32f4xx_spi.o)
 .debug_frame   0x00002588      0xa3c /home/owen/workspace-rs5/StdPeriphLib_v100_STM32F4xx/Debug/libStdPeriphLib_v100_STM32F4xx.a(stm32f4xx_tim.o)
 .debug_frame   0x00002fc4      0x344 /home/owen/workspace-rs5/StdPeriphLib_v100_STM32F4xx/Debug/libStdPeriphLib_v100_STM32F4xx.a(stm32f4xx_usart.o)
 .debug_frame   0x00003308       0x20 /home/owen/workspace-rs5/CMSISv2p10_DSPLIB_CM4/lib/libCMSISv2p10_DSPLIB_CM4.a(arm_sin_f32.o)

.debug_pubnames
                0x00000000       0x22
 .debug_pubnames
                0x00000000       0x22 /home/owen/workspace-rs5/CMSISv2p10_DSPLIB_CM4/lib/libCMSISv2p10_DSPLIB_CM4.a(arm_sin_f32.o)

.debug_pubtypes
                0x00000000       0x39
 .debug_pubtypes
                0x00000000       0x39 /home/owen/workspace-rs5/CMSISv2p10_DSPLIB_CM4/lib/libCMSISv2p10_DSPLIB_CM4.a(arm_sin_f32.o)
