Archive member included because of file (symbol)

/home/owen/workspace-rs5/StdPeriphLib_v100_STM32F4xx/Debug/libStdPeriphLib_v100_STM32F4xx.a(misc.o)
                              ./src/CS4344.o (NVIC_Init)
/home/owen/workspace-rs5/StdPeriphLib_v100_STM32F4xx/Debug/libStdPeriphLib_v100_STM32F4xx.a(stm32f4xx_adc.o)
                              ./src/pp6.o (ADC_Init)
/home/owen/workspace-rs5/StdPeriphLib_v100_STM32F4xx/Debug/libStdPeriphLib_v100_STM32F4xx.a(stm32f4xx_gpio.o)
                              ./src/CS4344.o (GPIO_Init)
/home/owen/workspace-rs5/StdPeriphLib_v100_STM32F4xx/Debug/libStdPeriphLib_v100_STM32F4xx.a(stm32f4xx_rcc.o)
                              ./src/CS4344.o (RCC_AHB1PeriphClockCmd)
/home/owen/workspace-rs5/StdPeriphLib_v100_STM32F4xx/Debug/libStdPeriphLib_v100_STM32F4xx.a(stm32f4xx_rng.o)
                              ./src/main.o (RNG_Cmd)
/home/owen/workspace-rs5/StdPeriphLib_v100_STM32F4xx/Debug/libStdPeriphLib_v100_STM32F4xx.a(stm32f4xx_spi.o)
                              ./src/CS4344.o (SPI_I2S_DeInit)
/home/owen/workspace-rs5/StdPeriphLib_v100_STM32F4xx/Debug/libStdPeriphLib_v100_STM32F4xx.a(stm32f4xx_tim.o)
                              ./src/pwm.o (TIM_TimeBaseInit)
/home/owen/workspace-rs5/StdPeriphLib_v100_STM32F4xx/Debug/libStdPeriphLib_v100_STM32F4xx.a(stm32f4xx_usart.o)
                              ./src/uart.o (USART_Init)
/home/owen/workspace-rs5/CMSISv2p10_DSPLIB_CM4/lib/libCMSISv2p10_DSPLIB_CM4.a(arm_sin_f32.o)
                              ./src/oscillator.o (arm_sin_f32)
/usr/local/redsuite_5.2.4_2122/redsuite/tools/bin/../lib/gcc/arm-none-eabi/4.6.2/../../../../arm-none-eabi/lib/armv7e-m/softfp/libcr_c.a(__weak__main.o)
                              ./src/cr_startup_stm32f4xx.o (__main)

Allocating common symbols
Common symbol       size              file

cents               0x4               ./src/main.o
rate                0x4               ./src/main.o
dur                 0x4               ./src/main.o
recvArg0_           0x4               ./src/main.o
channelIn_          0x4               ./src/main.o
tune                0x4               ./src/main.o
uart_recv_buf       0x20              ./src/uart.o
nl                  0x204             ./src/main.o
glide_step          0x4               ./src/main.o
recvEvent_          0x4               ./src/main.o
i                   0x4               ./src/main.o
v                   0x4               ./src/main.o
tmp8                0x1               ./src/main.o
cents_target        0x4               ./src/main.o
glide               0x4               ./src/main.o
transformed         0x204             ./src/main.o
recvMode_           0x4               ./src/main.o
recvByteCount_      0x4               ./src/main.o
sendFullCommands_   0x1               ./src/main.o
pp6                 0x350             ./src/pp6.o
s                   0x2               ./src/main.o
recvBytesNeeded_    0x4               ./src/main.o
oct_delta           0x1               ./src/main.o
play_buf            0x400             ./src/CS4344.o
lastStatusSent_     0x4               ./src/main.o
range               0x4               ./src/main.o

Discarded input sections

 .text          0x00000000        0x0 ./src/CS4344.o
 .data          0x00000000        0x0 ./src/CS4344.o
 .bss           0x00000000        0x0 ./src/CS4344.o
 .bss.o         0x00000000        0x2 ./src/CS4344.o
 .text          0x00000000        0x0 ./src/audio.o
 .data          0x00000000        0x0 ./src/audio.o
 .bss           0x00000000        0x0 ./src/audio.o
 .text.c_to_f   0x00000000       0xf4 ./src/audio.o
 .text          0x00000000        0x0 ./src/cr_startup_stm32f4xx.o
 .data          0x00000000        0x0 ./src/cr_startup_stm32f4xx.o
 .bss           0x00000000        0x0 ./src/cr_startup_stm32f4xx.o
 .text          0x00000000        0x0 ./src/main.o
 .data          0x00000000        0x0 ./src/main.o
 .bss           0x00000000        0x0 ./src/main.o
 .data.miditof  0x00000000       0x54 ./src/main.o
 .rodata.PARAM_SEND_FULL_COMMANDS
                0x00000000        0x4 ./src/main.o
 .rodata.PARAM_CHANNEL_IN
                0x00000000        0x4 ./src/main.o
 .bss.last_midi_note
                0x00000000        0x1 ./src/main.o
 .bss.oct_last  0x00000000        0x4 ./src/main.o
 .text.Delay    0x00000000       0x2c ./src/main.o
 .text          0x00000000        0x0 ./src/midi.o
 .data          0x00000000        0x0 ./src/midi.o
 .bss           0x00000000        0x0 ./src/midi.o
 .rodata.PARAM_SEND_FULL_COMMANDS
                0x00000000        0x4 ./src/midi.o
 .rodata.PARAM_CHANNEL_IN
                0x00000000        0x4 ./src/midi.o
 .text.sendVelocityChange
                0x00000000       0x6c ./src/midi.o
 .text.sendControlChange
                0x00000000       0x6c ./src/midi.o
 .text.sendProgramChange
                0x00000000       0x5c ./src/midi.o
 .text.sendAfterTouch
                0x00000000       0x5c ./src/midi.o
 .text.sendPitchChange
[...]
Memory Configuration

Name             Origin             Length             Attributes
MFlash512        0x08000000         0x00080000         xr
Ram112           0x20000000         0x0001c000         xrw
PeriphRam16      0x2001c000         0x00004000         xrw
Ram64            0x10000000         0x00010000         xrw
*default*        0x00000000         0xffffffff

Linker script and memory map

LOAD ./src/CS4344.o
LOAD ./src/audio.o
LOAD ./src/cr_startup_stm32f4xx.o
LOAD ./src/main.o
LOAD ./src/midi.o
LOAD ./src/notelist.o
LOAD ./src/oscillator.o
LOAD ./src/pp6.o
LOAD ./src/pwm.o
LOAD ./src/sad.o
LOAD ./src/sadsr.o
LOAD ./src/sequencer.o
LOAD ./src/system_stm32f4xx.o
LOAD ./src/timer.o
LOAD ./src/uart.o
LOAD /home/owen/workspace-rs5/StdPeriphLib_v100_STM32F4xx/Debug/libStdPeriphLib_v100_STM32F4xx.a
LOAD /home/owen/workspace-rs5/CMSISv2p10_STM32F4xx/Debug/libCMSISv2p10_STM32F4xx.a
LOAD /home/owen/workspace-rs5/CMSISv2p10_DSPLIB_CM4/lib/libCMSISv2p10_DSPLIB_CM4.a
START GROUP
LOAD /usr/local/redsuite_5.2.4_2122/redsuite/tools/bin/../lib/gcc/arm-none-eabi/4.6.2/../../../../arm-none-eabi/lib/armv7e-m/softfp/libcr_c.a
LOAD /usr/local/redsuite_5.2.4_2122/redsuite/tools/bin/../lib/gcc/arm-none-eabi/4.6.2/armv7e-m/softfp/libcr_eabihelpers.a
END GROUP
                0x08080000                __top_MFlash512 = 0x8080000
                0x2001c000                __top_Ram112 = 0x2001c000
                0x20020000                __top_PeriphRam16 = 0x20020000
                0x10010000                __top_Ram64 = 0x10010000

.text           0x08000000     0x72b8
 FILL mask 0xff
                0x08000000                __vectors_start__ = ABSOLUTE (.)
 *(.isr_vector)
 .isr_vector    0x08000000      0x188 ./src/cr_startup_stm32f4xx.o
                0x08000000                g_pfnVectors
                0x08000188                . = ALIGN (0x4)
                0x08000188                __section_table_start = .
                0x08000188                __data_section_table = .
                0x08000188        0x4 LONG 0x80072b8 LOADADDR (.data)
                0x0800018c        0x4 LONG 0x20000000 ADDR (.data)
                0x08000190        0x4 LONG 0x1fc SIZEOF (.data)
                0x08000194        0x4 LONG 0x80072b8 LOADADDR (.data_RAM2)
                0x08000198        0x4 LONG 0x2001c000 ADDR (.data_RAM2)
                0x0800019c        0x4 LONG 0x0 SIZEOF (.data_RAM2)
                0x080001a0        0x4 LONG 0x80072b8 LOADADDR (.data_RAM3)
                0x080001a4        0x4 LONG 0x10000000 ADDR (.data_RAM3)
                0x080001a8        0x4 LONG 0x0 SIZEOF (.data_RAM3)
                0x080001ac                __data_section_table_end = .
                0x080001ac                __bss_section_table = .
                0x080001ac        0x4 LONG 0x200001fc ADDR (.bss)
                0x080001b0        0x4 LONG 0xd984 SIZEOF (.bss)
                0x080001b4        0x4 LONG 0x2001c000 ADDR (.bss_RAM2)
                0x080001b8        0x4 LONG 0x0 SIZEOF (.bss_RAM2)
                0x080001bc        0x4 LONG 0x10000000 ADDR (.bss_RAM3)
                0x080001c0        0x4 LONG 0x0 SIZEOF (.bss_RAM3)
                0x080001c4                __bss_section_table_end = .
                0x080001c4                __section_table_end = .
 *(.after_vectors*)
 .after_vectors
                0x080001c4       0x88 ./src/cr_startup_stm32f4xx.o
                0x080001c4                NMI_Handler
                0x080001c6                HardFault_Handler
                0x080001c8                MemManage_Handler
                0x080001ca                BusFault_Handler
                0x080001cc                UsageFault_Handler
                0x080001ce                SVC_Handler
                0x080001d0                DebugMon_Handler
                0x080001d2                PendSV_Handler
                0x080001d4                SysTick_Handler
                0x080001d6                data_init
                0x080001e8                bss_init
                0x080001f8                ResetISR
                0x08000244                RTC_Alarm_IRQHandler
                0x08000244                HASH_RNG_IRQHandler
                0x08000244                EXTI2_IRQHandler
                0x08000244                TIM8_CC_IRQHandler
                0x08000244                TIM1_CC_IRQHandler
                0x08000244                DMA2_Stream5_IRQHandler
                0x08000244                DMA1_Stream5_IRQHandler
                0x08000244                PVD_IRQHandler
                0x08000244                SDIO_IRQHandler
                0x08000244                TAMP_STAMP_IRQHandler
                0x08000244                CAN2_RX1_IRQHandler
                0x08000244                EXTI3_IRQHandler
                0x08000244                TIM8_TRG_COM_TIM14_IRQHandler
                0x08000244                TIM1_UP_TIM10_IRQHandler
                0x08000244                TIM8_UP_TIM13_IRQHandler
                0x08000244                I2C3_ER_IRQHandler
                0x08000244                EXTI0_IRQHandler
                0x08000244                I2C2_EV_IRQHandler
                0x08000244                DMA1_Stream2_IRQHandler
                0x08000244                CAN1_RX0_IRQHandler
                0x08000244                FPU_IRQHandler
                0x08000244                OTG_HS_WKUP_IRQHandler
                0x08000244                CAN2_SCE_IRQHandler
                0x08000244                DMA2_Stream2_IRQHandler
                0x08000244                SPI1_IRQHandler
                0x08000244                IntDefaultHandler
                0x08000244                TIM6_DAC_IRQHandler
                0x08000244                TIM1_BRK_TIM9_IRQHandler
                0x08000244                DCMI_IRQHandler
                0x08000244                CAN2_RX0_IRQHandler
                0x08000244                DMA2_Stream3_IRQHandler
                0x08000244                USART6_IRQHandler
                0x08000244                USART3_IRQHandler
                0x08000244                CRYP_IRQHandler
                0x08000244                CAN1_RX1_IRQHandler
                0x08000244                UART5_IRQHandler
                0x08000244                DMA2_Stream0_IRQHandler
                0x08000244                TIM4_IRQHandler
                0x08000244                I2C1_EV_IRQHandler
                0x08000244                DMA1_Stream6_IRQHandler
                0x08000244                DMA1_Stream1_IRQHandler
                0x08000244                UART4_IRQHandler
                0x08000244                TIM3_IRQHandler
                0x08000244                RCC_IRQHandler
                0x08000244                TIM8_BRK_TIM12_IRQHandler
                0x08000244                EXTI15_10_IRQHandler
                0x08000244                ADC_IRQHandler
                0x08000244                DMA1_Stream7_IRQHandler
                0x08000244                TIM7_IRQHandler
                0x08000244                CAN2_TX_IRQHandler
                0x08000244                TIM5_IRQHandler
                0x08000244                DMA2_Stream7_IRQHandler
                0x08000244                I2C3_EV_IRQHandler
                0x08000244                EXTI9_5_IRQHandler
                0x08000244                RTC_WKUP_IRQHandler
                0x08000244                ETH_WKUP_IRQHandler
                0x08000244                SPI2_IRQHandler
                0x08000244                OTG_HS_EP1_IN_IRQHandler
                0x08000244                DMA1_Stream0_IRQHandler
                0x08000244                CAN1_TX_IRQHandler
                0x08000244                EXTI4_IRQHandler
                0x08000244                FSMC_IRQHandler
                0x08000244                ETH_IRQHandler
                0x08000244                OTG_HS_EP1_OUT_IRQHandler
                0x08000244                WWDG_IRQHandler
                0x08000244                TIM2_IRQHandler
                0x08000244                OTG_FS_WKUP_IRQHandler
                0x08000244                TIM1_TRG_COM_TIM11_IRQHandler
                0x08000244                OTG_HS_IRQHandler
                0x08000244                EXTI1_IRQHandler
                0x08000244                USART2_IRQHandler
                0x08000244                I2C2_ER_IRQHandler
                0x08000244                DMA2_Stream1_IRQHandler
                0x08000244                CAN1_SCE_IRQHandler
                0x08000244                FLASH_IRQHandler
                0x08000244                DMA2_Stream4_IRQHandler
                0x08000244                OTG_FS_IRQHandler
                0x08000244                DMA1_Stream4_IRQHandler
                0x08000244                I2C1_ER_IRQHandler
                0x08000244                DMA2_Stream6_IRQHandler
                0x08000244                DMA1_Stream3_IRQHandler
 *(.text*)
 .text.CS4344_init
                0x0800024c      0x17c ./src/CS4344.o
                0x0800024c                CS4344_init
 .text.SPI3_IRQHandler
                0x080003c8       0x94 ./src/CS4344.o
                0x080003c8                SPI3_IRQHandler
 .text.c_to_f_ratio
                0x0800045c       0xe8 ./src/audio.o
                0x0800045c                c_to_f_ratio
 .text.main     0x08000544     0x11d4 ./src/main.o
                0x08000544                main
 .text.tune_up  0x08001718       0x68 ./src/main.o
 .text.update_note_list
                0x08001780       0xbc ./src/main.o
 .text.check_for_hold_release
                0x0800183c       0x8c ./src/main.o
 .text.combine_keyboard_and_sequencer_notes
                0x080018c8       0x94 ./src/main.o
 .text.run_arp_ticks
                0x0800195c      0x324 ./src/main.o
 .text.run_arp_ticks_full_speed
                0x08001c80       0x7c ./src/main.o
 .text.run_sequencer
                0x08001cfc      0x350 ./src/main.o
 .text.check_cv_clock
                0x0800204c       0xe8 ./src/main.o
 .text.determine_clock_source
                0x08002134       0x4c ./src/main.o
 .text.play_note
                0x08002180      0x130 ./src/main.o
 .text.adjust_f
                0x080022b0      0x2b0 ./src/main.o
 .text.flash_led_record_enable
                0x08002560       0x40 ./src/main.o
 .text.recvByte
                0x080025a0      0x4c8 ./src/midi.o
                0x080025a0                recvByte
 .text.sendNoteOff
                0x08002a68       0x78 ./src/midi.o
                0x08002a68                sendNoteOff
 .text.sendNoteOn
                0x08002ae0       0x78 ./src/midi.o
                0x08002ae0                sendNoteOn
 .text.sendStart
                0x08002b58       0x10 ./src/midi.o
                0x08002b58                sendStart
 .text.sendStop
                0x08002b68       0x10 ./src/midi.o
                0x08002b68                sendStop
 .text.midi_init
                0x08002b78       0x84 ./src/midi.o
                0x08002b78                midi_init
 .text.handleNoteOff
                0x08002bfc       0x20 ./src/midi.o
                0x08002bfc                handleNoteOff
 .text.handleNoteOn
                0x08002c1c       0x20 ./src/midi.o
                0x08002c1c                handleNoteOn
 .text.handleSync
                0x08002c3c        0xc ./src/midi.o
                0x08002c3c                handleSync
 .text.handleStart
                0x08002c48        0xc ./src/midi.o
                0x08002c48                handleStart
 .text.handleStop
                0x08002c54        0xc ./src/midi.o
                0x08002c54                handleStop
 .text.handleVelocityChange
                0x08002c60       0x18 ./src/midi.o
                0x08002c60                handleVelocityChange
 .text.handleControlChange
                0x08002c78       0x18 ./src/midi.o
                0x08002c78                handleControlChange
 .text.handleProgramChange
                0x08002c90       0x14 ./src/midi.o
                0x08002c90                handleProgramChange
 .text.handleAfterTouch
                0x08002ca4       0x14 ./src/midi.o
                0x08002ca4                handleAfterTouch
 .text.handlePitchChange
                0x08002cb8       0x14 ./src/midi.o
                0x08002cb8                handlePitchChange
 .text.handleSongPosition
                0x08002ccc       0x14 ./src/midi.o
                0x08002ccc                handleSongPosition
 .text.handleSongSelect
                0x08002ce0       0x14 ./src/midi.o
                0x08002ce0                handleSongSelect
 .text.handleTuneRequest
                0x08002cf4        0xc ./src/midi.o
                0x08002cf4                handleTuneRequest
 .text.handleContinue
                0x08002d00        0xc ./src/midi.o
                0x08002d00                handleContinue
 .text.handleActiveSense
                0x08002d0c        0xc ./src/midi.o
                0x08002d0c                handleActiveSense
 .text.handleReset
                0x08002d18        0xc ./src/midi.o
                0x08002d18                handleReset
 .text.note_list_init
                0x08002d24       0x8c ./src/notelist.o
                0x08002d24                note_list_init
 .text.note_list_set_current_to_last
                0x08002db0       0x60 ./src/notelist.o
                0x08002db0                note_list_set_current_to_last
 .text.note_list_copy_notes
                0x08002e10       0x58 ./src/notelist.o
                0x08002e10                note_list_copy_notes
 .text.note_list_most_recent
                0x08002e68       0x24 ./src/notelist.o
                0x08002e68                note_list_most_recent
 .text.note_list_note_on
                0x08002e8c       0x38 ./src/notelist.o
                0x08002e8c                note_list_note_on
 .text.note_list_note_off
                0x08002ec4       0x98 ./src/notelist.o
                0x08002ec4                note_list_note_off
 .text.pp6_init
                0x08002f5c      0x290 ./src/pp6.o
                0x08002f5c                pp6_init
 .text.pp6_set_trig
                0x080031ec       0x40 ./src/pp6.o
                0x080031ec                pp6_set_trig
 .text.pp6_set_gate
                0x0800322c       0x50 ./src/pp6.o
                0x0800322c                pp6_set_gate
 .text.pp6_get_gate
                0x0800327c       0x18 ./src/pp6.o
                0x0800327c                pp6_get_gate
 .text.pp6_get_cv_clk
                0x08003294       0x28 ./src/pp6.o
                0x08003294                pp6_get_cv_clk
 .text.pp6_get_clk_src
                0x080032bc       0x18 ./src/pp6.o
                0x080032bc                pp6_get_clk_src
 .text.pp6_set_clk_src
                0x080032d4       0x24 ./src/pp6.o
                0x080032d4                pp6_set_clk_src
 .text.pp6_midi_clock_tick
                0x080032f8       0x94 ./src/pp6.o
                0x080032f8                pp6_midi_clock_tick
 .text.pp6_get_midi_clock_count
                0x0800338c       0x18 ./src/pp6.o
                0x0800338c                pp6_get_midi_clock_count
 .text.pp6_check_for_midi_clock
                0x080033a4       0x4c ./src/pp6.o
                0x080033a4                pp6_check_for_midi_clock
 .text.pp6_midi_clock_present
                0x080033f0       0x18 ./src/pp6.o
                0x080033f0                pp6_midi_clock_present
 .text.pp6_get_knob_1
                0x08003408       0x18 ./src/pp6.o
                0x08003408                pp6_get_knob_1
 .text.pp6_get_knob_2
                0x08003420       0x18 ./src/pp6.o
                0x08003420                pp6_get_knob_2
 .text.pp6_get_knob_3
                0x08003438       0x18 ./src/pp6.o
                0x08003438                pp6_get_knob_3
 .text.pp6_get_knob_4
                0x08003450       0x18 ./src/pp6.o
                0x08003450                pp6_get_knob_4
 .text.pp6_get_knob_5
                0x08003468       0x18 ./src/pp6.o
                0x08003468                pp6_get_knob_5
 .text.pp6_get_knob_array
                0x08003480       0x14 ./src/pp6.o
                0x08003480                pp6_get_knob_array
 .text.pp6_set_mode_button_pressed
                0x08003494       0x1c ./src/pp6.o
                0x08003494                pp6_set_mode_button_pressed
 .text.pp6_mode_button_pressed
                0x080034b0       0x18 ./src/pp6.o
                0x080034b0                pp6_mode_button_pressed
 .text.pp6_set_aux_button_pressed
                0x080034c8       0x1c ./src/pp6.o
                0x080034c8                pp6_set_aux_button_pressed
 .text.pp6_set_aux_button_released
                0x080034e4       0x1c ./src/pp6.o
                0x080034e4                pp6_set_aux_button_released
 .text.pp6_aux_button_pressed
                0x08003500       0x18 ./src/pp6.o
                0x08003500                pp6_aux_button_pressed
 .text.pp6_change_mode
                0x08003518       0x8c ./src/pp6.o
                0x08003518                pp6_change_mode
 .text.pp6_set_mode
                0x080035a4       0x38 ./src/pp6.o
                0x080035a4                pp6_set_mode
 .text.pp6_get_mode
                0x080035dc       0x18 ./src/pp6.o
                0x080035dc                pp6_get_mode
 .text.pp6_set_seq_led
                0x080035f4      0x244 ./src/pp6.o
                0x080035f4                pp6_set_seq_led
 .text.pp6_get_seq_led
                0x08003838       0x18 ./src/pp6.o
                0x08003838                pp6_get_seq_led
 .text.pp6_set_mode_led
                0x08003850      0x244 ./src/pp6.o
                0x08003850                pp6_set_mode_led
 .text.pp6_set_clk_led
                0x08003a94      0x230 ./src/pp6.o
                0x08003a94                pp6_set_clk_led
 .text.pp6_get_clk_led
                0x08003cc4       0x18 ./src/pp6.o
                0x08003cc4                pp6_get_clk_led
 .text.pp6_flash_seq_led
                0x08003cdc       0x24 ./src/pp6.o
                0x08003cdc                pp6_flash_seq_led
 .text.pp6_flash_update
                0x08003d00      0x120 ./src/pp6.o
                0x08003d00                pp6_flash_update
 .text.pp6_get_keys
                0x08003e20       0x18 ./src/pp6.o
                0x08003e20                pp6_get_keys
 .text.pp6_get_key_events
                0x08003e38      0x148 ./src/pp6.o
                0x08003e38                pp6_get_key_events
 .text.pp6_set_midi_out_note_off
                0x08003f80       0x2c ./src/pp6.o
                0x08003f80                pp6_set_midi_out_note_off
 .text.pp6_set_midi_out_note_on
                0x08003fac       0x2c ./src/pp6.o
                0x08003fac                pp6_set_midi_out_note_on
 .text.pp6_get_midi_out_note_state
                0x08003fd8       0x2c ./src/pp6.o
                0x08003fd8                pp6_get_midi_out_note_state
 .text.pp6_get_midi_out_note_state_last
                0x08004004       0x2c ./src/pp6.o
                0x08004004                pp6_get_midi_out_note_state_last
 .text.pp6_set_current_midi_out_note_state_to_last
                0x08004030       0x48 ./src/pp6.o
                0x08004030                pp6_set_current_midi_out_note_state_to_last
 .text.pp6_set_all_midi_out_off
                0x08004078       0x30 ./src/pp6.o
                0x08004078                pp6_set_all_midi_out_off
 .text.pp6_keyboard_note_on_flag
                0x080040a8       0x18 ./src/pp6.o
                0x080040a8                pp6_keyboard_note_on_flag
 .text.pp6_set_keyboard_note_off
                0x080040c0       0x2c ./src/pp6.o
                0x080040c0                pp6_set_keyboard_note_off
 .text.pp6_set_keyboard_note_on
                0x080040ec       0x3c ./src/pp6.o
                0x080040ec                pp6_set_keyboard_note_on
 .text.pp6_get_keyboard_note_state
                0x08004128       0x2c ./src/pp6.o
                0x08004128                pp6_get_keyboard_note_state
 .text.pp6_get_keyboard_note_state_last
                0x08004154       0x2c ./src/pp6.o
                0x08004154                pp6_get_keyboard_note_state_last
 .text.pp6_set_current_keyboard_note_state_to_last
                0x08004180       0x48 ./src/pp6.o
                0x08004180                pp6_set_current_keyboard_note_state_to_last
 .text.pp6_set_note_off
                0x080041c8       0x2c ./src/pp6.o
                0x080041c8                pp6_set_note_off
 .text.pp6_set_note_on
                0x080041f4       0x2c ./src/pp6.o
                0x080041f4                pp6_set_note_on
 .text.pp6_get_note_state
                0x08004220       0x2c ./src/pp6.o
                0x08004220                pp6_get_note_state
 .text.pp6_get_note_state_last
                0x0800424c       0x2c ./src/pp6.o
                0x0800424c                pp6_get_note_state_last
 .text.pp6_set_current_note_state_to_last
                0x08004278       0x48 ./src/pp6.o
                0x08004278                pp6_set_current_note_state_to_last
 .text.pp6_set_midi_start
                0x080042c0       0x2c ./src/pp6.o
                0x080042c0                pp6_set_midi_start
 .text.pp6_get_midi_start
                0x080042ec       0x18 ./src/pp6.o
                0x080042ec                pp6_get_midi_start
 .text.pp6_set_midi_stop
                0x08004304       0x1c ./src/pp6.o
                0x08004304                pp6_set_midi_stop
 .text.pp6_get_midi_stop
                0x08004320       0x18 ./src/pp6.o
                0x08004320                pp6_get_midi_stop
 .text.pp6_clear_flags
                0x08004338       0xe0 ./src/pp6.o
                0x08004338                pp6_clear_flags
 .text.pp6_get_keyboard_notes_on
                0x08004418       0x78 ./src/pp6.o
                0x08004418                pp6_get_keyboard_notes_on
 .text.pp6_set_cv_clock_tick
                0x08004490       0x1c ./src/pp6.o
                0x08004490                pp6_set_cv_clock_tick
 .text.pp6_get_cv_clock_tick
                0x080044ac       0x18 ./src/pp6.o
                0x080044ac                pp6_get_cv_clock_tick
 .text.pp6_knobs_init
                0x080044c4      0x10c ./src/pp6.o
                0x080044c4                pp6_knobs_init
 .text.pp6_knobs_update
                0x080045d0      0x1f0 ./src/pp6.o
                0x080045d0                pp6_knobs_update
 .text.pp6_knob_1_touched
                0x080047c0       0x18 ./src/pp6.o
                0x080047c0                pp6_knob_1_touched
 .text.pp6_knob_2_touched
                0x080047d8       0x18 ./src/pp6.o
                0x080047d8                pp6_knob_2_touched
 .text.pp6_knob_3_touched
                0x080047f0       0x18 ./src/pp6.o
                0x080047f0                pp6_knob_3_touched
 .text.pp6_init_digi_out
                0x08004808       0xd0 ./src/pp6.o
                0x08004808                pp6_init_digi_out
 .text.pp6_init_digi_in
                0x080048d8       0xd4 ./src/pp6.o
                0x080048d8                pp6_init_digi_in
 .text.pp6_keys_update
                0x080049ac      0x2b8 ./src/pp6.o
                0x080049ac                pp6_keys_update
 .text.pwm_init
                0x08004c64      0x134 ./src/pwm.o
                0x08004c64                pwm_init
 .text.pwm_set  0x08004d98       0xb0 ./src/pwm.o
                0x08004d98                pwm_set
 .text.seq_init
                0x08004e48       0x94 ./src/sequencer.o
                0x08004e48                seq_init
 .text.seq_set_all_notes_off
                0x08004edc       0x38 ./src/sequencer.o
                0x08004edc                seq_set_all_notes_off
 .text.seq_set_note_off
                0x08004f14       0x28 ./src/sequencer.o
                0x08004f14                seq_set_note_off
 .text.seq_set_note_on
                0x08004f3c       0x28 ./src/sequencer.o
                0x08004f3c                seq_set_note_on
 .text.seq_get_note_state
                0x08004f64       0x28 ./src/sequencer.o
                0x08004f64                seq_get_note_state
 .text.seq_set_status
                0x08004f8c       0x20 ./src/sequencer.o
                0x08004f8c                seq_set_status
 .text.seq_get_status
                0x08004fac       0x18 ./src/sequencer.o
                0x08004fac                seq_get_status
 .text.seq_start_recording
                0x08004fc4       0x28 ./src/sequencer.o
                0x08004fc4                seq_start_recording
 .text.seq_log_first_note_null
                0x08004fec       0x54 ./src/sequencer.o
                0x08004fec                seq_log_first_note_null
 .text.seq_log_note_start
                0x08005040       0x90 ./src/sequencer.o
                0x08005040                seq_log_note_start
 .text.seq_log_note_stop
                0x080050d0       0x90 ./src/sequencer.o
                0x080050d0                seq_log_note_stop
 .text.seq_log_events
                0x08005160       0x60 ./src/sequencer.o
                0x08005160                seq_log_events
 .text.seq_log_first_notes
                0x080051c0       0x4c ./src/sequencer.o
                0x080051c0                seq_log_first_notes
 .text.seq_stop_recording
                0x0800520c      0x168 ./src/sequencer.o
                0x0800520c                seq_stop_recording
 .text.seq_rewind
                0x08005374       0x28 ./src/sequencer.o
                0x08005374                seq_rewind
 .text.seq_play_tick
                0x0800539c      0x14c ./src/sequencer.o
                0x0800539c                seq_play_tick
 .text.seq_tick
                0x080054e8       0x24 ./src/sequencer.o
                0x080054e8                seq_tick
 .text.seq_get_time
                0x0800550c       0x18 ./src/sequencer.o
                0x0800550c                seq_get_time
 .text.seq_get_length
                0x08005524       0x18 ./src/sequencer.o
                0x08005524                seq_get_length
 .text.seq_log_knobs
                0x0800553c       0xb8 ./src/sequencer.o
                0x0800553c                seq_log_knobs
 .text.seq_play_knobs
                0x080055f4       0x90 ./src/sequencer.o
                0x080055f4                seq_play_knobs
 .text.seq_enable_knob_playback
                0x08005684       0x44 ./src/sequencer.o
                0x08005684                seq_enable_knob_playback
 .text.seq_set_auto_stop
                0x080056c8       0x18 ./src/sequencer.o
                0x080056c8                seq_set_auto_stop
 .text.seq_get_auto_stop
                0x080056e0       0x18 ./src/sequencer.o
                0x080056e0                seq_get_auto_stop
 .text.seq_clear_auto_stop
                0x080056f8       0x18 ./src/sequencer.o
                0x080056f8                seq_clear_auto_stop
 .text.SystemInit
                0x08005710       0xb0 ./src/system_stm32f4xx.o
                0x08005710                SystemInit
 .text.SetSysClock
                0x080057c0      0x1e0 ./src/system_stm32f4xx.o
 .text.timer_init
                0x080059a0       0x4c ./src/timer.o
                0x080059a0                timer_init
 .text.timer_reset
                0x080059ec       0x14 ./src/timer.o
                0x080059ec                timer_reset
 .text.timer_get_time
                0x08005a00       0x14 ./src/timer.o
                0x08005a00                timer_get_time
 .text.uart_init
                0x08005a14       0xfc ./src/uart.o
                0x08005a14                uart_init
 .text.put_char
                0x08005b10       0x60 ./src/uart.o
                0x08005b10                put_char
 .text.uart_service_tx_buf
                0x08005b70       0x8c ./src/uart.o
                0x08005b70                uart_service_tx_buf
 .text.USART1_IRQHandler
                0x08005bfc       0xe0 ./src/uart.o
                0x08005bfc                USART1_IRQHandler
 .text.NVIC_Init
                0x08005cdc       0xe4 /home/owen/workspace-rs5/StdPeriphLib_v100_STM32F4xx/Debug/libStdPeriphLib_v100_STM32F4xx.a(misc.o)
                0x08005cdc                NVIC_Init
 .text.ADC_Init
                0x08005dc0       0xb8 /home/owen/workspace-rs5/StdPeriphLib_v100_STM32F4xx/Debug/libStdPeriphLib_v100_STM32F4xx.a(stm32f4xx_adc.o)
                0x08005dc0                ADC_Init
 .text.ADC_CommonInit
                0x08005e78       0x5c /home/owen/workspace-rs5/StdPeriphLib_v100_STM32F4xx/Debug/libStdPeriphLib_v100_STM32F4xx.a(stm32f4xx_adc.o)
                0x08005e78                ADC_CommonInit
 .text.ADC_Cmd  0x08005ed4       0x38 /home/owen/workspace-rs5/StdPeriphLib_v100_STM32F4xx/Debug/libStdPeriphLib_v100_STM32F4xx.a(stm32f4xx_adc.o)
                0x08005ed4                ADC_Cmd
 .text.ADC_RegularChannelConfig
                0x08005f0c      0x1bc /home/owen/workspace-rs5/StdPeriphLib_v100_STM32F4xx/Debug/libStdPeriphLib_v100_STM32F4xx.a(stm32f4xx_adc.o)
                0x08005f0c                ADC_RegularChannelConfig
 .text.ADC_SoftwareStartConv
                0x080060c8       0x20 /home/owen/workspace-rs5/StdPeriphLib_v100_STM32F4xx/Debug/libStdPeriphLib_v100_STM32F4xx.a(stm32f4xx_adc.o)
                0x080060c8                ADC_SoftwareStartConv
 .text.ADC_GetConversionValue
                0x080060e8       0x1c /home/owen/workspace-rs5/StdPeriphLib_v100_STM32F4xx/Debug/libStdPeriphLib_v100_STM32F4xx.a(stm32f4xx_adc.o)
                0x080060e8                ADC_GetConversionValue
 .text.GPIO_Init
                0x08006104      0x154 /home/owen/workspace-rs5/StdPeriphLib_v100_STM32F4xx/Debug/libStdPeriphLib_v100_STM32F4xx.a(stm32f4xx_gpio.o)
                0x08006104                GPIO_Init
 .text.GPIO_ReadInputDataBit
                0x08006258       0x3c /home/owen/workspace-rs5/StdPeriphLib_v100_STM32F4xx/Debug/libStdPeriphLib_v100_STM32F4xx.a(stm32f4xx_gpio.o)
                0x08006258                GPIO_ReadInputDataBit
 .text.GPIO_WriteBit
                0x08006294       0x30 /home/owen/workspace-rs5/StdPeriphLib_v100_STM32F4xx/Debug/libStdPeriphLib_v100_STM32F4xx.a(stm32f4xx_gpio.o)
                0x08006294                GPIO_WriteBit
 .text.GPIO_PinAFConfig
                0x080062c4       0xac /home/owen/workspace-rs5/StdPeriphLib_v100_STM32F4xx/Debug/libStdPeriphLib_v100_STM32F4xx.a(stm32f4xx_gpio.o)
                0x080062c4                GPIO_PinAFConfig
 .text.RCC_GetClocksFreq
                0x08006370      0x1d0 /home/owen/workspace-rs5/StdPeriphLib_v100_STM32F4xx/Debug/libStdPeriphLib_v100_STM32F4xx.a(stm32f4xx_rcc.o)
                0x08006370                RCC_GetClocksFreq
 .text.RCC_AHB1PeriphClockCmd
                0x08006540       0x58 /home/owen/workspace-rs5/StdPeriphLib_v100_STM32F4xx/Debug/libStdPeriphLib_v100_STM32F4xx.a(stm32f4xx_rcc.o)
                0x08006540                RCC_AHB1PeriphClockCmd
 .text.RCC_AHB2PeriphClockCmd
                0x08006598       0x58 /home/owen/workspace-rs5/StdPeriphLib_v100_STM32F4xx/Debug/libStdPeriphLib_v100_STM32F4xx.a(stm32f4xx_rcc.o)
                0x08006598                RCC_AHB2PeriphClockCmd
 .text.RCC_APB1PeriphClockCmd
                0x080065f0       0x58 /home/owen/workspace-rs5/StdPeriphLib_v100_STM32F4xx/Debug/libStdPeriphLib_v100_STM32F4xx.a(stm32f4xx_rcc.o)
                0x080065f0                RCC_APB1PeriphClockCmd
 .text.RCC_APB2PeriphClockCmd
                0x08006648       0x58 /home/owen/workspace-rs5/StdPeriphLib_v100_STM32F4xx/Debug/libStdPeriphLib_v100_STM32F4xx.a(stm32f4xx_rcc.o)
                0x08006648                RCC_APB2PeriphClockCmd
 .text.RCC_APB1PeriphResetCmd
                0x080066a0       0x58 /home/owen/workspace-rs5/StdPeriphLib_v100_STM32F4xx/Debug/libStdPeriphLib_v100_STM32F4xx.a(stm32f4xx_rcc.o)
                0x080066a0                RCC_APB1PeriphResetCmd
 .text.RCC_APB2PeriphResetCmd
                0x080066f8       0x58 /home/owen/workspace-rs5/StdPeriphLib_v100_STM32F4xx/Debug/libStdPeriphLib_v100_STM32F4xx.a(stm32f4xx_rcc.o)
                0x080066f8                RCC_APB2PeriphResetCmd
 .text.RNG_Cmd  0x08006750       0x4c /home/owen/workspace-rs5/StdPeriphLib_v100_STM32F4xx/Debug/libStdPeriphLib_v100_STM32F4xx.a(stm32f4xx_rng.o)
                0x08006750                RNG_Cmd
 .text.RNG_GetRandomNumber
                0x0800679c       0x18 /home/owen/workspace-rs5/StdPeriphLib_v100_STM32F4xx/Debug/libStdPeriphLib_v100_STM32F4xx.a(stm32f4xx_rng.o)
                0x0800679c                RNG_GetRandomNumber
 .text.SPI_I2S_DeInit
                0x080067b4       0x88 /home/owen/workspace-rs5/StdPeriphLib_v100_STM32F4xx/Debug/libStdPeriphLib_v100_STM32F4xx.a(stm32f4xx_spi.o)
                0x080067b4                SPI_I2S_DeInit
 .text.I2S_Init
                0x0800683c      0x214 /home/owen/workspace-rs5/StdPeriphLib_v100_STM32F4xx/Debug/libStdPeriphLib_v100_STM32F4xx.a(stm32f4xx_spi.o)
                0x0800683c                I2S_Init
 .text.I2S_Cmd  0x08006a50       0x40 /home/owen/workspace-rs5/StdPeriphLib_v100_STM32F4xx/Debug/libStdPeriphLib_v100_STM32F4xx.a(stm32f4xx_spi.o)
                0x08006a50                I2S_Cmd
 .text.SPI_I2S_SendData
                0x08006a90       0x1c /home/owen/workspace-rs5/StdPeriphLib_v100_STM32F4xx/Debug/libStdPeriphLib_v100_STM32F4xx.a(stm32f4xx_spi.o)
                0x08006a90                SPI_I2S_SendData
 .text.SPI_I2S_ITConfig
                0x08006aac       0x6c /home/owen/workspace-rs5/StdPeriphLib_v100_STM32F4xx/Debug/libStdPeriphLib_v100_STM32F4xx.a(stm32f4xx_spi.o)
                0x08006aac                SPI_I2S_ITConfig
 .text.SPI_I2S_GetFlagStatus
                0x08006b18       0x40 /home/owen/workspace-rs5/StdPeriphLib_v100_STM32F4xx/Debug/libStdPeriphLib_v100_STM32F4xx.a(stm32f4xx_spi.o)
                0x08006b18                SPI_I2S_GetFlagStatus
 .text.TIM_TimeBaseInit
                0x08006b58       0xf4 /home/owen/workspace-rs5/StdPeriphLib_v100_STM32F4xx/Debug/libStdPeriphLib_v100_STM32F4xx.a(stm32f4xx_tim.o)
                0x08006b58                TIM_TimeBaseInit
 .text.TIM_TimeBaseStructInit
                0x08006c4c       0x3c /home/owen/workspace-rs5/StdPeriphLib_v100_STM32F4xx/Debug/libStdPeriphLib_v100_STM32F4xx.a(stm32f4xx_tim.o)
                0x08006c4c                TIM_TimeBaseStructInit
 .text.TIM_SetCounter
                0x08006c88       0x1c /home/owen/workspace-rs5/StdPeriphLib_v100_STM32F4xx/Debug/libStdPeriphLib_v100_STM32F4xx.a(stm32f4xx_tim.o)
                0x08006c88                TIM_SetCounter
 .text.TIM_GetCounter
                0x08006ca4       0x18 /home/owen/workspace-rs5/StdPeriphLib_v100_STM32F4xx/Debug/libStdPeriphLib_v100_STM32F4xx.a(stm32f4xx_tim.o)
                0x08006ca4                TIM_GetCounter
 .text.TIM_Cmd  0x08006cbc       0x40 /home/owen/workspace-rs5/StdPeriphLib_v100_STM32F4xx/Debug/libStdPeriphLib_v100_STM32F4xx.a(stm32f4xx_tim.o)
                0x08006cbc                TIM_Cmd
 .text.TIM_OC1Init
                0x08006cfc       0xfc /home/owen/workspace-rs5/StdPeriphLib_v100_STM32F4xx/Debug/libStdPeriphLib_v100_STM32F4xx.a(stm32f4xx_tim.o)
                0x08006cfc                TIM_OC1Init
 .text.TIM_OCStructInit
                0x08006df8       0x54 /home/owen/workspace-rs5/StdPeriphLib_v100_STM32F4xx/Debug/libStdPeriphLib_v100_STM32F4xx.a(stm32f4xx_tim.o)
                0x08006df8                TIM_OCStructInit
 .text.TIM_OC1PreloadConfig
                0x08006e4c       0x38 /home/owen/workspace-rs5/StdPeriphLib_v100_STM32F4xx/Debug/libStdPeriphLib_v100_STM32F4xx.a(stm32f4xx_tim.o)
                0x08006e4c                TIM_OC1PreloadConfig
 .text.TIM_CtrlPWMOutputs
                0x08006e84       0x50 /home/owen/workspace-rs5/StdPeriphLib_v100_STM32F4xx/Debug/libStdPeriphLib_v100_STM32F4xx.a(stm32f4xx_tim.o)
                0x08006e84                TIM_CtrlPWMOutputs
 .text.USART_Init
                0x08006ed4      0x1ac /home/owen/workspace-rs5/StdPeriphLib_v100_STM32F4xx/Debug/libStdPeriphLib_v100_STM32F4xx.a(stm32f4xx_usart.o)
                0x08006ed4                USART_Init
 .text.USART_Cmd
                0x08007080       0x40 /home/owen/workspace-rs5/StdPeriphLib_v100_STM32F4xx/Debug/libStdPeriphLib_v100_STM32F4xx.a(stm32f4xx_usart.o)
                0x08007080                USART_Cmd
 .text.USART_SendData
                0x080070c0       0x28 /home/owen/workspace-rs5/StdPeriphLib_v100_STM32F4xx/Debug/libStdPeriphLib_v100_STM32F4xx.a(stm32f4xx_usart.o)
                0x080070c0                USART_SendData
 .text.USART_ReceiveData
                0x080070e8       0x24 /home/owen/workspace-rs5/StdPeriphLib_v100_STM32F4xx/Debug/libStdPeriphLib_v100_STM32F4xx.a(stm32f4xx_usart.o)
                0x080070e8                USART_ReceiveData
 .text.USART_ITConfig
                0x0800710c       0xa4 /home/owen/workspace-rs5/StdPeriphLib_v100_STM32F4xx/Debug/libStdPeriphLib_v100_STM32F4xx.a(stm32f4xx_usart.o)
                0x0800710c                USART_ITConfig
 .text.USART_GetFlagStatus
                0x080071b0       0x40 /home/owen/workspace-rs5/StdPeriphLib_v100_STM32F4xx/Debug/libStdPeriphLib_v100_STM32F4xx.a(stm32f4xx_usart.o)
                0x080071b0                USART_GetFlagStatus
 .text.USART_GetITStatus
                0x080071f0       0xc4 /home/owen/workspace-rs5/StdPeriphLib_v100_STM32F4xx/Debug/libStdPeriphLib_v100_STM32F4xx.a(stm32f4xx_usart.o)
                0x080071f0                USART_GetITStatus
 .text.__weak_main
                0x080072b4        0x4 /usr/local/redsuite_5.2.4_2122/redsuite/tools/bin/../lib/gcc/arm-none-eabi/4.6.2/../../../../arm-none-eabi/lib/armv7e-m/softfp/libcr_c.a(__weak__main.o)
                0x080072b4                __main
                0x080072b4                __weak_main
 *(.rodata .rodata.*)
                0x080072b8                . = ALIGN (0x4)

.glue_7         0x080072b8        0x0
 .glue_7        0x00000000        0x0 linker stubs

.glue_7t        0x080072b8        0x0
 .glue_7t       0x00000000        0x0 linker stubs

.vfp11_veneer   0x080072b8        0x0
 .vfp11_veneer  0x00000000        0x0 linker stubs

.v4_bx          0x080072b8        0x0
 .v4_bx         0x00000000        0x0 linker stubs

.ARM.extab
 *(.ARM.extab* .gnu.linkonce.armextab.*)
                0x080072b8                __exidx_start = .

.ARM.exidx
 *(.ARM.exidx* .gnu.linkonce.armexidx.*)
                0x080072b8                __exidx_end = .
                0x080072b8                _etext = .

.data_RAM2      0x2001c000        0x0 load address 0x080072b8
 FILL mask 0xff
 *(.data.$RAM2*)
 *(.data.$PeriphRam16*)
                0x2001c000                . = ALIGN (0x4)

.data_RAM3      0x10000000        0x0 load address 0x080072b8
 FILL mask 0xff
 *(.data.$RAM3*)
 *(.data.$Ram64*)
                0x10000000                . = ALIGN (0x4)

.uninit_RESERVED
                0x20000000        0x0
 *(.bss.$RESERVED*)
                0x20000000                . = ALIGN (0x4)
                0x20000000                _end_uninit_RESERVED = .

.data           0x20000000      0x1fc load address 0x080072b8
 FILL mask 0xff
                0x20000000                _data = .
 *(vtable)
 *(.data*)
 .data.hardware_index
                0x20000000        0x4 ./src/CS4344.o
                0x20000000                hardware_index
 .data.pitch_class
                0x20000004       0x30 ./src/audio.o
                0x20000004                pitch_class
 .data.semitone
                0x20000034      0x190 ./src/audio.o
                0x20000034                semitone
 .data.cv_clock_period
                0x200001c4        0x4 ./src/main.o
                0x200001c4                cv_clock_period
 .data.keys_history
                0x200001c8       0x20 ./src/pp6.o
                0x200001c8                keys_history
 .data.seq_playback_knobs_enabled
                0x200001e8        0x1 ./src/sequencer.o
 .data.seq_knob_1_playback_enabled
                0x200001e9        0x1 ./src/sequencer.o
 .data.seq_knob_2_playback_enabled
                0x200001ea        0x1 ./src/sequencer.o
 .data.seq_knob_3_playback_enabled
                0x200001eb        0x1 ./src/sequencer.o
 .data.APBAHBPrescTable
                0x200001ec       0x10 /home/owen/workspace-rs5/StdPeriphLib_v100_STM32F4xx/Debug/libStdPeriphLib_v100_STM32F4xx.a(stm32f4xx_rcc.o)
                0x200001fc                . = ALIGN (0x4)
                0x200001fc                _edata = .

.bss_RAM2       0x2001c000        0x0
 *(.bss.$RAM2*)
 *(.bss.$PeriphRam16*)
                0x2001c000                . = ALIGN (0x4)

.bss_RAM3       0x10000000        0x0
 *(.bss.$RAM3*)
 *(.bss.$Ram64*)
                0x10000000                . = ALIGN (0x4)

.bss            0x200001fc     0xd984
                0x200001fc                _bss = .
 *(.bss*)
 .bss.software_index
                0x200001fc        0x4 ./src/CS4344.o
                0x200001fc                software_index
 .bss.sample_clock
                0x20000200        0x4 ./src/CS4344.o
                0x20000200                sample_clock
 .bss.sample_clock_last
                0x20000204        0x4 ./src/main.o
                0x20000204                sample_clock_last
 .bss.led_counter
                0x20000208        0x4 ./src/main.o
                0x20000208                led_counter
 .bss.aux_led_color
                0x2000020c        0x1 ./src/main.o
                0x2000020c                aux_led_color
 *fill*         0x2000020d        0x3 00
 .bss.rate_knob_10_bit_flipped
                0x20000210        0x4 ./src/main.o
                0x20000210                rate_knob_10_bit_flipped
 .bss.gate_time
                0x20000214        0x4 ./src/main.o
                0x20000214                gate_time
 .bss.gate_reset
                0x20000218        0x4 ./src/main.o
                0x20000218                gate_reset
 .bss.trig_time
                0x2000021c        0x1 ./src/main.o
                0x2000021c                trig_time
 .bss.current_midi_clock
                0x2000021d        0x1 ./src/main.o
                0x2000021d                current_midi_clock
 .bss.current_midi_note
                0x2000021e        0x1 ./src/main.o
                0x2000021e                current_midi_note
 *fill*         0x2000021f        0x1 00
 .bss.period    0x20000220        0x4 ./src/main.o
                0x20000220                period
 .bss.arp_count
                0x20000224        0x4 ./src/main.o
                0x20000224                arp_count
 .bss.arp_tick  0x20000228        0x4 ./src/main.o
                0x20000228                arp_tick
 .bss.current_note
                0x2000022c        0x1 ./src/main.o
                0x2000022c                current_note
 .bss.oct       0x2000022d        0x1 ./src/main.o
                0x2000022d                oct
 *fill*         0x2000022e        0x2 00
 .bss.cv_clock_state_history
                0x20000230        0x4 ./src/main.o
                0x20000230                cv_clock_state_history
 .bss.cv_clock_state_history_index
                0x20000234        0x1 ./src/main.o
                0x20000234                cv_clock_state_history_index
 .bss.cv_clock_state
                0x20000235        0x1 ./src/main.o
                0x20000235                cv_clock_state
 .bss.cv_clock_state_last
                0x20000236        0x1 ./src/main.o
                0x20000236                cv_clock_state_last
 *fill*         0x20000237        0x1 00
 .bss.cv_clock_last_tick
                0x20000238        0x4 ./src/main.o
                0x20000238                cv_clock_last_tick
 .bss.tuning_mode
                0x2000023c        0x1 ./src/main.o
                0x2000023c                tuning_mode
 *fill*         0x2000023d        0x3 00
 .bss.aux_button_depress_time
                0x20000240        0x4 ./src/main.o
                0x20000240                aux_button_depress_time
 .bss.index_last
                0x20000244        0x4 ./src/main.o
                0x20000244                index_last
 .bss.history_index.9640
                0x20000248        0x1 ./src/pp6.o
 .bss.channel.9604
                0x20000249        0x1 ./src/pp6.o
 *fill*         0x2000024a        0x2 00
 .bss.knobs.9605
                0x2000024c       0x14 ./src/pp6.o
 .bss.seq_deltas
                0x20000260      0x400 ./src/sequencer.o
 .bss.seq_notes
                0x20000660      0x400 ./src/sequencer.o
 .bss.seq_events
                0x20000a60      0x400 ./src/sequencer.o
 .bss.seq_index
                0x20000e60        0x4 ./src/sequencer.o
 .bss.seq_time  0x20000e64        0x4 ./src/sequencer.o
 .bss.seq_length
                0x20000e68        0x4 ./src/sequencer.o
 .bss.seq_status
                0x20000e6c        0x1 ./src/sequencer.o
 .bss.seq_auto_stop
                0x20000e6d        0x1 ./src/sequencer.o
 *fill*         0x20000e6e        0x2 00
 .bss.first_time_thru
                0x20000e70        0x4 ./src/sequencer.o
 .bss.knob_log  0x20000e74     0xc000 ./src/sequencer.o
 .bss.seq_note_state
                0x2000ce74       0x80 ./src/sequencer.o
 .bss.seq_notes_on_at_start
                0x2000cef4       0x80 ./src/sequencer.o
 .bss.uart_tx_buf
                0x2000cf74       0x40 ./src/uart.o
 .bss.uart_tx_buf_write
                0x2000cfb4        0x1 ./src/uart.o
 .bss.uart_tx_buf_read
                0x2000cfb5        0x1 ./src/uart.o
 .bss.uart_recv_buf_write
                0x2000cfb6        0x1 ./src/uart.o
                0x2000cfb6                uart_recv_buf_write
 .bss.uart_recv_buf_read
                0x2000cfb7        0x1 ./src/uart.o
                0x2000cfb7                uart_recv_buf_read
 *(COMMON)
 COMMON         0x2000cfb8      0x400 ./src/CS4344.o
                0x2000cfb8                play_buf
 COMMON         0x2000d3b8      0x458 ./src/main.o
                0x2000d3b8                cents
                0x2000d3bc                rate
                0x2000d3c0                dur
                0x2000d3c4                recvArg0_
                0x2000d3c8                channelIn_
                0x2000d3cc                tune
                0x2000d3d0                nl
                0x2000d5d4                glide_step
                0x2000d5d8                recvEvent_
                0x2000d5dc                i
                0x2000d5e0                v
                0x2000d5e4                tmp8
                0x2000d5e8                cents_target
                0x2000d5ec                glide
                0x2000d5f0                transformed
                0x2000d7f4                recvMode_
                0x2000d7f8                recvByteCount_
                0x2000d7fc                sendFullCommands_
                0x2000d7fe                s
                0x2000d800                recvBytesNeeded_
                0x2000d804                oct_delta
                0x2000d808                lastStatusSent_
                0x2000d80c                range
 COMMON         0x2000d810      0x350 ./src/pp6.o
                0x2000d810                pp6
 COMMON         0x2000db60       0x20 ./src/uart.o
                0x2000db60                uart_recv_buf
                0x2000db80                . = ALIGN (0x4)
                0x2000db80                _ebss = .
                0x2000db80                PROVIDE (end, .)

.noinit_RAM2    0x2001c000        0x0
 *(.noinit.$RAM2*)
 *(.noinit.$PeriphRam16*)
                0x2001c000                . = ALIGN (0x4)

.noinit_RAM3    0x10000000        0x0
 *(.noinit.$RAM3*)
 *(.noinit.$Ram64*)
                0x10000000                . = ALIGN (0x4)

.noinit         0x2000db80        0x0
                0x2000db80                _noinit = .
 *(.noinit*)
                0x2000db80                . = ALIGN (0x4)
                0x2000db80                _end_noinit = .
                0x2000db80                PROVIDE (_pvHeapStart, .)
                0x2001c000                PROVIDE (_vStackTop, (__top_Ram112 - 0x0))
OUTPUT(MelodyMill.axf elf32-littlearm)

.debug_info     0x00000000     0xc23c
 .debug_info    0x00000000      0x7cb ./src/CS4344.o
 .debug_info    0x000007cb      0x196 ./src/audio.o
 .debug_info    0x00000961      0x31b ./src/cr_startup_stm32f4xx.o
 .debug_info    0x00000c7c      0xa04 ./src/main.o
 .debug_info    0x00001680      0x849 ./src/midi.o
 .debug_info    0x00001ec9      0x4ec ./src/notelist.o
 .debug_info    0x000023b5      0x956 ./src/oscillator.o
 .debug_info    0x00002d0b     0x13b2 ./src/pp6.o
 .debug_info    0x000040bd      0x6e8 ./src/pwm.o
 .debug_info    0x000047a5      0x1c6 ./src/sad.o
 .debug_info    0x0000496b      0x242 ./src/sadsr.o
 .debug_info    0x00004bad      0x58b ./src/sequencer.o
 .debug_info    0x00005138      0x625 ./src/system_stm32f4xx.o
 .debug_info    0x0000575d      0x3be ./src/timer.o
 .debug_info    0x00005b1b      0x881 ./src/uart.o
 .debug_info    0x0000639c      0x59c /home/owen/workspace-rs5/StdPeriphLib_v100_STM32F4xx/Debug/libStdPeriphLib_v100_STM32F4xx.a(misc.o)
 .debug_info    0x00006938      0xcfd /home/owen/workspace-rs5/StdPeriphLib_v100_STM32F4xx/Debug/libStdPeriphLib_v100_STM32F4xx.a(stm32f4xx_adc.o)
 .debug_info    0x00007635      0x641 /home/owen/workspace-rs5/StdPeriphLib_v100_STM32F4xx/Debug/libStdPeriphLib_v100_STM32F4xx.a(stm32f4xx_gpio.o)
 .debug_info    0x00007c76      0xd2c /home/owen/workspace-rs5/StdPeriphLib_v100_STM32F4xx/Debug/libStdPeriphLib_v100_STM32F4xx.a(stm32f4xx_rcc.o)
 .debug_info    0x000089a2      0x299 /home/owen/workspace-rs5/StdPeriphLib_v100_STM32F4xx/Debug/libStdPeriphLib_v100_STM32F4xx.a(stm32f4xx_rng.o)
 .debug_info    0x00008c3b      0xbd4 /home/owen/workspace-rs5/StdPeriphLib_v100_STM32F4xx/Debug/libStdPeriphLib_v100_STM32F4xx.a(stm32f4xx_spi.o)
 .debug_info    0x0000980f     0x1e30 /home/owen/workspace-rs5/StdPeriphLib_v100_STM32F4xx/Debug/libStdPeriphLib_v100_STM32F4xx.a(stm32f4xx_tim.o)
 .debug_info    0x0000b63f      0xa57 /home/owen/workspace-rs5/StdPeriphLib_v100_STM32F4xx/Debug/libStdPeriphLib_v100_STM32F4xx.a(stm32f4xx_usart.o)
 .debug_info    0x0000c096      0x1a6 /home/owen/workspace-rs5/CMSISv2p10_DSPLIB_CM4/lib/libCMSISv2p10_DSPLIB_CM4.a(arm_sin_f32.o)

.debug_abbrev   0x00000000     0x1f12
 .debug_abbrev  0x00000000      0x17e ./src/CS4344.o
 .debug_abbrev  0x0000017e       0xc2 ./src/audio.o
 .debug_abbrev  0x00000240      0x119 ./src/cr_startup_stm32f4xx.o
 .debug_abbrev  0x00000359      0x1a5 ./src/main.o
 .debug_abbrev  0x000004fe      0x132 ./src/midi.o
 .debug_abbrev  0x00000630       0xed ./src/notelist.o
 .debug_abbrev  0x0000071d      0x14f ./src/oscillator.o
 .debug_abbrev  0x0000086c      0x253 ./src/pp6.o
 .debug_abbrev  0x00000abf      0x137 ./src/pwm.o
 .debug_abbrev  0x00000bf6       0xdd ./src/sad.o
 .debug_abbrev  0x00000cd3       0xe1 ./src/sadsr.o
 .debug_abbrev  0x00000db4      0x163 ./src/sequencer.o
 .debug_abbrev  0x00000f17      0x144 ./src/system_stm32f4xx.o
 .debug_abbrev  0x0000105b      0x109 ./src/timer.o
 .debug_abbrev  0x00001164      0x167 ./src/uart.o
 .debug_abbrev  0x000012cb      0x12a /home/owen/workspace-rs5/StdPeriphLib_v100_STM32F4xx/Debug/libStdPeriphLib_v100_STM32F4xx.a(misc.o)
 .debug_abbrev  0x000013f5      0x18d /home/owen/workspace-rs5/StdPeriphLib_v100_STM32F4xx/Debug/libStdPeriphLib_v100_STM32F4xx.a(stm32f4xx_adc.o)
 .debug_abbrev  0x00001582      0x186 /home/owen/workspace-rs5/StdPeriphLib_v100_STM32F4xx/Debug/libStdPeriphLib_v100_STM32F4xx.a(stm32f4xx_gpio.o)
 .debug_abbrev  0x00001708      0x1bb /home/owen/workspace-rs5/StdPeriphLib_v100_STM32F4xx/Debug/libStdPeriphLib_v100_STM32F4xx.a(stm32f4xx_rcc.o)
 .debug_abbrev  0x000018c3      0x13b /home/owen/workspace-rs5/StdPeriphLib_v100_STM32F4xx/Debug/libStdPeriphLib_v100_STM32F4xx.a(stm32f4xx_rng.o)
 .debug_abbrev  0x000019fe      0x164 /home/owen/workspace-rs5/StdPeriphLib_v100_STM32F4xx/Debug/libStdPeriphLib_v100_STM32F4xx.a(stm32f4xx_spi.o)
 .debug_abbrev  0x00001b62      0x167 /home/owen/workspace-rs5/StdPeriphLib_v100_STM32F4xx/Debug/libStdPeriphLib_v100_STM32F4xx.a(stm32f4xx_tim.o)
 .debug_abbrev  0x00001cc9      0x152 /home/owen/workspace-rs5/StdPeriphLib_v100_STM32F4xx/Debug/libStdPeriphLib_v100_STM32F4xx.a(stm32f4xx_usart.o)
 .debug_abbrev  0x00001e1b       0xf7 /home/owen/workspace-rs5/CMSISv2p10_DSPLIB_CM4/lib/libCMSISv2p10_DSPLIB_CM4.a(arm_sin_f32.o)

.debug_loc      0x00000000     0x671a
 .debug_loc     0x00000000       0x70 ./src/CS4344.o
 .debug_loc     0x00000070       0x70 ./src/audio.o
 .debug_loc     0x000000e0      0x102 ./src/cr_startup_stm32f4xx.o
 .debug_loc     0x000001e2      0x280 ./src/main.o
 .debug_loc     0x00000462      0x738 ./src/midi.o
 .debug_loc     0x00000b9a      0x34c ./src/notelist.o
 .debug_loc     0x00000ee6      0x462 ./src/oscillator.o
 .debug_loc     0x00001348     0x116c ./src/pp6.o
 .debug_loc     0x000024b4       0xa8 ./src/pwm.o
 .debug_loc     0x0000255c       0xe0 ./src/sad.o
 .debug_loc     0x0000263c      0x150 ./src/sadsr.o
 .debug_loc     0x0000278c      0x598 ./src/sequencer.o
 .debug_loc     0x00002d24       0x9c ./src/system_stm32f4xx.o
 .debug_loc     0x00002dc0       0x90 ./src/timer.o
 .debug_loc     0x00002e50       0xc8 ./src/uart.o
 .debug_loc     0x00002f18      0x118 /home/owen/workspace-rs5/StdPeriphLib_v100_STM32F4xx/Debug/libStdPeriphLib_v100_STM32F4xx.a(misc.o)
 .debug_loc     0x00003030      0x838 /home/owen/workspace-rs5/StdPeriphLib_v100_STM32F4xx/Debug/libStdPeriphLib_v100_STM32F4xx.a(stm32f4xx_adc.o)
 .debug_loc     0x00003868      0x310 /home/owen/workspace-rs5/StdPeriphLib_v100_STM32F4xx/Debug/libStdPeriphLib_v100_STM32F4xx.a(stm32f4xx_gpio.o)
 .debug_loc     0x00003b78      0x97c /home/owen/workspace-rs5/StdPeriphLib_v100_STM32F4xx/Debug/libStdPeriphLib_v100_STM32F4xx.a(stm32f4xx_rcc.o)
 .debug_loc     0x000044f4      0x1a8 /home/owen/workspace-rs5/StdPeriphLib_v100_STM32F4xx/Debug/libStdPeriphLib_v100_STM32F4xx.a(stm32f4xx_rng.o)
 .debug_loc     0x0000469c      0x578 /home/owen/workspace-rs5/StdPeriphLib_v100_STM32F4xx/Debug/libStdPeriphLib_v100_STM32F4xx.a(stm32f4xx_spi.o)
 .debug_loc     0x00004c14     0x1420 /home/owen/workspace-rs5/StdPeriphLib_v100_STM32F4xx/Debug/libStdPeriphLib_v100_STM32F4xx.a(stm32f4xx_tim.o)
 .debug_loc     0x00006034      0x658 /home/owen/workspace-rs5/StdPeriphLib_v100_STM32F4xx/Debug/libStdPeriphLib_v100_STM32F4xx.a(stm32f4xx_usart.o)
 .debug_loc     0x0000668c       0x8e /home/owen/workspace-rs5/CMSISv2p10_DSPLIB_CM4/lib/libCMSISv2p10_DSPLIB_CM4.a(arm_sin_f32.o)

.debug_aranges  0x00000000     0x11e8
 .debug_aranges
                0x00000000       0x28 ./src/CS4344.o
 .debug_aranges
                0x00000028       0x28 ./src/audio.o
 .debug_aranges
                0x00000050       0x80 ./src/cr_startup_stm32f4xx.o
 .debug_aranges
                0x000000d0       0x88 ./src/main.o
 .debug_aranges
                0x00000158      0x138 ./src/midi.o
 .debug_aranges
                0x00000290       0x90 ./src/notelist.o
 .debug_aranges
                0x00000320       0xb8 ./src/oscillator.o
 .debug_aranges
                0x000003d8      0x2f0 ./src/pp6.o
 .debug_aranges
                0x000006c8       0x30 ./src/pwm.o
 .debug_aranges
                0x000006f8       0x38 ./src/sad.o
 .debug_aranges
                0x00000730       0x48 ./src/sadsr.o
 .debug_aranges
                0x00000778      0x100 ./src/sequencer.o
 .debug_aranges
                0x00000878       0x30 ./src/system_stm32f4xx.o
 .debug_aranges
                0x000008a8       0x30 ./src/timer.o
 .debug_aranges
                0x000008d8       0x38 ./src/uart.o
 .debug_aranges
                0x00000910       0x40 /home/owen/workspace-rs5/StdPeriphLib_v100_STM32F4xx/Debug/libStdPeriphLib_v100_STM32F4xx.a(misc.o)
 .debug_aranges
                0x00000950      0x148 /home/owen/workspace-rs5/StdPeriphLib_v100_STM32F4xx/Debug/libStdPeriphLib_v100_STM32F4xx.a(stm32f4xx_adc.o)
 .debug_aranges
                0x00000a98       0x88 /home/owen/workspace-rs5/StdPeriphLib_v100_STM32F4xx/Debug/libStdPeriphLib_v100_STM32F4xx.a(stm32f4xx_gpio.o)
 .debug_aranges
                0x00000b20      0x178 /home/owen/workspace-rs5/StdPeriphLib_v100_STM32F4xx/Debug/libStdPeriphLib_v100_STM32F4xx.a(stm32f4xx_rcc.o)
 .debug_aranges
                0x00000c98       0x58 /home/owen/workspace-rs5/StdPeriphLib_v100_STM32F4xx/Debug/libStdPeriphLib_v100_STM32F4xx.a(stm32f4xx_rng.o)
 .debug_aranges
                0x00000cf0       0xe0 /home/owen/workspace-rs5/StdPeriphLib_v100_STM32F4xx/Debug/libStdPeriphLib_v100_STM32F4xx.a(stm32f4xx_spi.o)
 .debug_aranges
                0x00000dd0      0x2f8 /home/owen/workspace-rs5/StdPeriphLib_v100_STM32F4xx/Debug/libStdPeriphLib_v100_STM32F4xx.a(stm32f4xx_tim.o)
 .debug_aranges
                0x000010c8      0x100 /home/owen/workspace-rs5/StdPeriphLib_v100_STM32F4xx/Debug/libStdPeriphLib_v100_STM32F4xx.a(stm32f4xx_usart.o)
 .debug_aranges
                0x000011c8       0x20 /home/owen/workspace-rs5/CMSISv2p10_DSPLIB_CM4/lib/libCMSISv2p10_DSPLIB_CM4.a(arm_sin_f32.o)

.debug_ranges   0x00000000     0x1068
 .debug_ranges  0x00000000       0x18 ./src/CS4344.o
 .debug_ranges  0x00000018       0x18 ./src/audio.o
 .debug_ranges  0x00000030       0x70 ./src/cr_startup_stm32f4xx.o
 .debug_ranges  0x000000a0       0x78 ./src/main.o
 .debug_ranges  0x00000118      0x128 ./src/midi.o
 .debug_ranges  0x00000240       0x80 ./src/notelist.o
 .debug_ranges  0x000002c0       0xa8 ./src/oscillator.o
 .debug_ranges  0x00000368      0x2e0 ./src/pp6.o
 .debug_ranges  0x00000648       0x20 ./src/pwm.o
 .debug_ranges  0x00000668       0x28 ./src/sad.o
 .debug_ranges  0x00000690       0x38 ./src/sadsr.o
 .debug_ranges  0x000006c8       0xf0 ./src/sequencer.o
 .debug_ranges  0x000007b8       0x20 ./src/system_stm32f4xx.o
 .debug_ranges  0x000007d8       0x20 ./src/timer.o
 .debug_ranges  0x000007f8       0x28 ./src/uart.o
 .debug_ranges  0x00000820       0x30 /home/owen/workspace-rs5/StdPeriphLib_v100_STM32F4xx/Debug/libStdPeriphLib_v100_STM32F4xx.a(misc.o)
 .debug_ranges  0x00000850      0x138 /home/owen/workspace-rs5/StdPeriphLib_v100_STM32F4xx/Debug/libStdPeriphLib_v100_STM32F4xx.a(stm32f4xx_adc.o)
 .debug_ranges  0x00000988       0x78 /home/owen/workspace-rs5/StdPeriphLib_v100_STM32F4xx/Debug/libStdPeriphLib_v100_STM32F4xx.a(stm32f4xx_gpio.o)
 .debug_ranges  0x00000a00      0x168 /home/owen/workspace-rs5/StdPeriphLib_v100_STM32F4xx/Debug/libStdPeriphLib_v100_STM32F4xx.a(stm32f4xx_rcc.o)
 .debug_ranges  0x00000b68       0x48 /home/owen/workspace-rs5/StdPeriphLib_v100_STM32F4xx/Debug/libStdPeriphLib_v100_STM32F4xx.a(stm32f4xx_rng.o)
 .debug_ranges  0x00000bb0       0xd0 /home/owen/workspace-rs5/StdPeriphLib_v100_STM32F4xx/Debug/libStdPeriphLib_v100_STM32F4xx.a(stm32f4xx_spi.o)
 .debug_ranges  0x00000c80      0x2e8 /home/owen/workspace-rs5/StdPeriphLib_v100_STM32F4xx/Debug/libStdPeriphLib_v100_STM32F4xx.a(stm32f4xx_tim.o)
 .debug_ranges  0x00000f68       0xf0 /home/owen/workspace-rs5/StdPeriphLib_v100_STM32F4xx/Debug/libStdPeriphLib_v100_STM32F4xx.a(stm32f4xx_usart.o)
 .debug_ranges  0x00001058       0x10 /home/owen/workspace-rs5/CMSISv2p10_DSPLIB_CM4/lib/libCMSISv2p10_DSPLIB_CM4.a(arm_sin_f32.o)

.debug_line     0x00000000     0xb7b4
 .debug_line    0x00000000      0x634 ./src/CS4344.o
 .debug_line    0x00000634      0x463 ./src/audio.o
 .debug_line    0x00000a97      0x65e ./src/cr_startup_stm32f4xx.o
 .debug_line    0x000010f5      0xae1 ./src/main.o
 .debug_line    0x00001bd6      0x9dd ./src/midi.o
 .debug_line    0x000025b3      0x66e ./src/notelist.o
 .debug_line    0x00002c21      0x647 ./src/oscillator.o
 .debug_line    0x00003268     0x104e ./src/pp6.o
 .debug_line    0x000042b6      0x70f ./src/pwm.o
 .debug_line    0x000049c5      0x48e ./src/sad.o
 .debug_line    0x00004e53      0x4bc ./src/sadsr.o
 .debug_line    0x0000530f      0x71a ./src/sequencer.o
 .debug_line    0x00005a29      0x674 ./src/system_stm32f4xx.o
 .debug_line    0x0000609d      0x61e ./src/timer.o
 .debug_line    0x000066bb      0x65a ./src/uart.o
 .debug_line    0x00006d15      0x645 /home/owen/workspace-rs5/StdPeriphLib_v100_STM32F4xx/Debug/libStdPeriphLib_v100_STM32F4xx.a(misc.o)
 .debug_line    0x0000735a      0x94b /home/owen/workspace-rs5/StdPeriphLib_v100_STM32F4xx/Debug/libStdPeriphLib_v100_STM32F4xx.a(stm32f4xx_adc.o)
 .debug_line    0x00007ca5      0x735 /home/owen/workspace-rs5/StdPeriphLib_v100_STM32F4xx/Debug/libStdPeriphLib_v100_STM32F4xx.a(stm32f4xx_gpio.o)
 .debug_line    0x000083da      0x993 /home/owen/workspace-rs5/StdPeriphLib_v100_STM32F4xx/Debug/libStdPeriphLib_v100_STM32F4xx.a(stm32f4xx_rcc.o)
 .debug_line    0x00008d6d      0x67f /home/owen/workspace-rs5/StdPeriphLib_v100_STM32F4xx/Debug/libStdPeriphLib_v100_STM32F4xx.a(stm32f4xx_rng.o)
 .debug_line    0x000093ec      0x84b /home/owen/workspace-rs5/StdPeriphLib_v100_STM32F4xx/Debug/libStdPeriphLib_v100_STM32F4xx.a(stm32f4xx_spi.o)
 .debug_line    0x00009c37      0xe70 /home/owen/workspace-rs5/StdPeriphLib_v100_STM32F4xx/Debug/libStdPeriphLib_v100_STM32F4xx.a(stm32f4xx_tim.o)
 .debug_line    0x0000aaa7      0x886 /home/owen/workspace-rs5/StdPeriphLib_v100_STM32F4xx/Debug/libStdPeriphLib_v100_STM32F4xx.a(stm32f4xx_usart.o)
 .debug_line    0x0000b32d      0x487 /home/owen/workspace-rs5/CMSISv2p10_DSPLIB_CM4/lib/libCMSISv2p10_DSPLIB_CM4.a(arm_sin_f32.o)

.debug_macinfo  0x00000000   0x63d084
 .debug_macinfo
                0x00000000    0x5bcdb ./src/CS4344.o
 .debug_macinfo
                0x0005bcdb     0x5044 ./src/audio.o
 .debug_macinfo
                0x00060d1f    0x5baca ./src/cr_startup_stm32f4xx.o
 .debug_macinfo
                0x000bc7e9    0x5cce3 ./src/main.o
 .debug_macinfo
                0x001194cc    0x5c987 ./src/midi.o
 .debug_macinfo
                0x00175e53     0x4fc6 ./src/notelist.o
 .debug_macinfo
                0x0017ae19     0x5069 ./src/oscillator.o
 .debug_macinfo
                0x0017fe82    0x5c79c ./src/pp6.o
 .debug_macinfo
                0x001dc61e    0x5c22b ./src/pwm.o
 .debug_macinfo
                0x00238849     0x5052 ./src/sad.o
 .debug_macinfo
                0x0023d89b     0x5054 ./src/sadsr.o
 .debug_macinfo
                0x002428ef     0x5500 ./src/sequencer.o
 .debug_macinfo
                0x00247def    0x5bacd ./src/system_stm32f4xx.o
 .debug_macinfo
                0x002a38bc    0x5ba79 ./src/timer.o
 .debug_macinfo
                0x002ff335    0x5bc86 ./src/uart.o
 .debug_macinfo
                0x0035afbb    0x5ba7b /home/owen/workspace-rs5/StdPeriphLib_v100_STM32F4xx/Debug/libStdPeriphLib_v100_STM32F4xx.a(misc.o)
 .debug_macinfo
                0x003b6a36    0x5bd69 /home/owen/workspace-rs5/StdPeriphLib_v100_STM32F4xx/Debug/libStdPeriphLib_v100_STM32F4xx.a(stm32f4xx_adc.o)
 .debug_macinfo
                0x0041279f    0x5ba4f /home/owen/workspace-rs5/StdPeriphLib_v100_STM32F4xx/Debug/libStdPeriphLib_v100_STM32F4xx.a(stm32f4xx_gpio.o)
 .debug_macinfo
                0x0046e1ee    0x5bf5b /home/owen/workspace-rs5/StdPeriphLib_v100_STM32F4xx/Debug/libStdPeriphLib_v100_STM32F4xx.a(stm32f4xx_rcc.o)
 .debug_macinfo
                0x004ca149    0x5ba4f /home/owen/workspace-rs5/StdPeriphLib_v100_STM32F4xx/Debug/libStdPeriphLib_v100_STM32F4xx.a(stm32f4xx_rng.o)
 .debug_macinfo
                0x00525b98    0x5bb3c /home/owen/workspace-rs5/StdPeriphLib_v100_STM32F4xx/Debug/libStdPeriphLib_v100_STM32F4xx.a(stm32f4xx_spi.o)
 .debug_macinfo
                0x005816d4    0x5bb28 /home/owen/workspace-rs5/StdPeriphLib_v100_STM32F4xx/Debug/libStdPeriphLib_v100_STM32F4xx.a(stm32f4xx_tim.o)
 .debug_macinfo
                0x005dd1fc    0x5bb7b /home/owen/workspace-rs5/StdPeriphLib_v100_STM32F4xx/Debug/libStdPeriphLib_v100_STM32F4xx.a(stm32f4xx_usart.o)
 .debug_macinfo
                0x00638d77     0x430d /home/owen/workspace-rs5/CMSISv2p10_DSPLIB_CM4/lib/libCMSISv2p10_DSPLIB_CM4.a(arm_sin_f32.o)

.debug_str      0x00000000     0x46a5
 .debug_str     0x00000000      0x976 ./src/CS4344.o
                                0x9b3 (size before relaxing)
 .debug_str     0x00000976       0x54 ./src/audio.o
                                0x149 (size before relaxing)
 .debug_str     0x000009ca      0x179 ./src/cr_startup_stm32f4xx.o
                                0x280 (size before relaxing)
 .debug_str     0x00000b43      0x399 ./src/main.o
                                0x56f (size before relaxing)
 .debug_str     0x00000edc      0x263 ./src/midi.o
                                0x414 (size before relaxing)
 .debug_str     0x0000113f      0x162 ./src/notelist.o
                                0x2a3 (size before relaxing)
 .debug_str     0x000012a1      0x2a2 ./src/oscillator.o
                                0x3ea (size before relaxing)
 .debug_str     0x00001543      0xa0d ./src/pp6.o
                                0xea1 (size before relaxing)
 .debug_str     0x00001f50      0x1ce ./src/pwm.o
                                0x501 (size before relaxing)
 .debug_str     0x0000211e       0x74 ./src/sad.o
                                0x178 (size before relaxing)
 .debug_str     0x00002192       0x85 ./src/sadsr.o
                                0x1bf (size before relaxing)
 .debug_str     0x00002217      0x31d ./src/sequencer.o
                                0x452 (size before relaxing)
 .debug_str     0x00002534      0x1b8 ./src/system_stm32f4xx.o
                                0x337 (size before relaxing)
 .debug_str     0x000026ec       0x35 ./src/timer.o
                                0x2be (size before relaxing)
 .debug_str     0x00002721      0x115 ./src/uart.o
                                0xa84 (size before relaxing)
 .debug_str     0x00002836      0x16c /home/owen/workspace-rs5/StdPeriphLib_v100_STM32F4xx/Debug/libStdPeriphLib_v100_STM32F4xx.a(misc.o)
                                0x371 (size before relaxing)
 .debug_str     0x000029a2      0x4d6 /home/owen/workspace-rs5/StdPeriphLib_v100_STM32F4xx/Debug/libStdPeriphLib_v100_STM32F4xx.a(stm32f4xx_adc.o)
                                0x79c (size before relaxing)
 .debug_str     0x00002e78      0x171 /home/owen/workspace-rs5/StdPeriphLib_v100_STM32F4xx/Debug/libStdPeriphLib_v100_STM32F4xx.a(stm32f4xx_gpio.o)
                                0x43b (size before relaxing)
 .debug_str     0x00002fe9      0x537 /home/owen/workspace-rs5/StdPeriphLib_v100_STM32F4xx/Debug/libStdPeriphLib_v100_STM32F4xx.a(stm32f4xx_rcc.o)
                                0x7e8 (size before relaxing)
 .debug_str     0x00003520       0xad /home/owen/workspace-rs5/StdPeriphLib_v100_STM32F4xx/Debug/libStdPeriphLib_v100_STM32F4xx.a(stm32f4xx_rng.o)
                                0x21c (size before relaxing)
 .debug_str     0x000035cd      0x2e6 /home/owen/workspace-rs5/StdPeriphLib_v100_STM32F4xx/Debug/libStdPeriphLib_v100_STM32F4xx.a(stm32f4xx_spi.o)
                                0x622 (size before relaxing)
 .debug_str     0x000038b3      0x9cc /home/owen/workspace-rs5/StdPeriphLib_v100_STM32F4xx/Debug/libStdPeriphLib_v100_STM32F4xx.a(stm32f4xx_tim.o)
                                0xd68 (size before relaxing)
 .debug_str     0x0000427f      0x378 /home/owen/workspace-rs5/StdPeriphLib_v100_STM32F4xx/Debug/libStdPeriphLib_v100_STM32F4xx.a(stm32f4xx_usart.o)
                                0x627 (size before relaxing)
 .debug_str     0x000045f7       0xae /home/owen/workspace-rs5/CMSISv2p10_DSPLIB_CM4/lib/libCMSISv2p10_DSPLIB_CM4.a(arm_sin_f32.o)
                                0x14e (size before relaxing)

.comment        0x00000000      0x10a
 .comment       0x00000000       0x70 ./src/CS4344.o
                                 0x71 (size before relaxing)
 .comment       0x00000000       0x71 ./src/audio.o
 .comment       0x00000000       0x71 ./src/cr_startup_stm32f4xx.o
 .comment       0x00000000       0x71 ./src/main.o
 .comment       0x00000000       0x71 ./src/midi.o
 .comment       0x00000000       0x71 ./src/notelist.o
 .comment       0x00000000       0x71 ./src/oscillator.o
 .comment       0x00000000       0x71 ./src/pp6.o
 .comment       0x00000000       0x71 ./src/pwm.o
 .comment       0x00000000       0x71 ./src/sad.o
 .comment       0x00000000       0x71 ./src/sadsr.o
 .comment       0x00000000       0x71 ./src/sequencer.o
 .comment       0x00000000       0x71 ./src/system_stm32f4xx.o
 .comment       0x00000000       0x71 ./src/timer.o
 .comment       0x00000000       0x71 ./src/uart.o
 .comment       0x00000000       0x71 /home/owen/workspace-rs5/StdPeriphLib_v100_STM32F4xx/Debug/libStdPeriphLib_v100_STM32F4xx.a(misc.o)
 .comment       0x00000000       0x71 /home/owen/workspace-rs5/StdPeriphLib_v100_STM32F4xx/Debug/libStdPeriphLib_v100_STM32F4xx.a(stm32f4xx_adc.o)
 .comment       0x00000000       0x71 /home/owen/workspace-rs5/StdPeriphLib_v100_STM32F4xx/Debug/libStdPeriphLib_v100_STM32F4xx.a(stm32f4xx_gpio.o)
 .comment       0x00000000       0x71 /home/owen/workspace-rs5/StdPeriphLib_v100_STM32F4xx/Debug/libStdPeriphLib_v100_STM32F4xx.a(stm32f4xx_rcc.o)
 .comment       0x00000000       0x71 /home/owen/workspace-rs5/StdPeriphLib_v100_STM32F4xx/Debug/libStdPeriphLib_v100_STM32F4xx.a(stm32f4xx_rng.o)
 .comment       0x00000000       0x71 /home/owen/workspace-rs5/StdPeriphLib_v100_STM32F4xx/Debug/libStdPeriphLib_v100_STM32F4xx.a(stm32f4xx_spi.o)
 .comment       0x00000000       0x71 /home/owen/workspace-rs5/StdPeriphLib_v100_STM32F4xx/Debug/libStdPeriphLib_v100_STM32F4xx.a(stm32f4xx_tim.o)
 .comment       0x00000000       0x71 /home/owen/workspace-rs5/StdPeriphLib_v100_STM32F4xx/Debug/libStdPeriphLib_v100_STM32F4xx.a(stm32f4xx_usart.o)
 .comment       0x00000070       0x2a /home/owen/workspace-rs5/CMSISv2p10_DSPLIB_CM4/lib/libCMSISv2p10_DSPLIB_CM4.a(arm_sin_f32.o)
                                 0x2b (size before relaxing)
 .comment       0x0000009a       0x70 /usr/local/redsuite_5.2.4_2122/redsuite/tools/bin/../lib/gcc/arm-none-eabi/4.6.2/../../../../arm-none-eabi/lib/armv7e-m/softfp/libcr_c.a(__weak__main.o)
                                 0x71 (size before relaxing)

.ARM.attributes
                0x00000000       0x39
 .ARM.attributes
                0x00000000       0x39 ./src/CS4344.o
 .ARM.attributes
                0x00000039       0x39 ./src/audio.o
 .ARM.attributes
                0x00000072       0x39 ./src/cr_startup_stm32f4xx.o
 .ARM.attributes
                0x000000ab       0x39 ./src/main.o
 .ARM.attributes
                0x000000e4       0x39 ./src/midi.o
 .ARM.attributes
                0x0000011d       0x39 ./src/notelist.o
 .ARM.attributes
                0x00000156       0x39 ./src/oscillator.o
 .ARM.attributes
                0x0000018f       0x39 ./src/pp6.o
 .ARM.attributes
                0x000001c8       0x39 ./src/pwm.o
 .ARM.attributes
                0x00000201       0x39 ./src/sad.o
 .ARM.attributes
                0x0000023a       0x39 ./src/sadsr.o
 .ARM.attributes
                0x00000273       0x39 ./src/sequencer.o
 .ARM.attributes
                0x000002ac       0x39 ./src/system_stm32f4xx.o
 .ARM.attributes
                0x000002e5       0x39 ./src/timer.o
 .ARM.attributes
                0x0000031e       0x39 ./src/uart.o
 .ARM.attributes
                0x00000357       0x39 /home/owen/workspace-rs5/StdPeriphLib_v100_STM32F4xx/Debug/libStdPeriphLib_v100_STM32F4xx.a(misc.o)
 .ARM.attributes
                0x00000390       0x39 /home/owen/workspace-rs5/StdPeriphLib_v100_STM32F4xx/Debug/libStdPeriphLib_v100_STM32F4xx.a(stm32f4xx_adc.o)
 .ARM.attributes
                0x000003c9       0x39 /home/owen/workspace-rs5/StdPeriphLib_v100_STM32F4xx/Debug/libStdPeriphLib_v100_STM32F4xx.a(stm32f4xx_gpio.o)
 .ARM.attributes
                0x00000402       0x39 /home/owen/workspace-rs5/StdPeriphLib_v100_STM32F4xx/Debug/libStdPeriphLib_v100_STM32F4xx.a(stm32f4xx_rcc.o)
 .ARM.attributes
                0x0000043b       0x39 /home/owen/workspace-rs5/StdPeriphLib_v100_STM32F4xx/Debug/libStdPeriphLib_v100_STM32F4xx.a(stm32f4xx_rng.o)
 .ARM.attributes
                0x00000474       0x39 /home/owen/workspace-rs5/StdPeriphLib_v100_STM32F4xx/Debug/libStdPeriphLib_v100_STM32F4xx.a(stm32f4xx_spi.o)
 .ARM.attributes
                0x000004ad       0x39 /home/owen/workspace-rs5/StdPeriphLib_v100_STM32F4xx/Debug/libStdPeriphLib_v100_STM32F4xx.a(stm32f4xx_tim.o)
 .ARM.attributes
                0x000004e6       0x39 /home/owen/workspace-rs5/StdPeriphLib_v100_STM32F4xx/Debug/libStdPeriphLib_v100_STM32F4xx.a(stm32f4xx_usart.o)
 .ARM.attributes
                0x0000051f       0x37 /home/owen/workspace-rs5/CMSISv2p10_DSPLIB_CM4/lib/libCMSISv2p10_DSPLIB_CM4.a(arm_sin_f32.o)
 .ARM.attributes
                0x00000556       0x39 /usr/local/redsuite_5.2.4_2122/redsuite/tools/bin/../lib/gcc/arm-none-eabi/4.6.2/../../../../arm-none-eabi/lib/armv7e-m/softfp/libcr_c.a(__weak__main.o)

.debug_frame    0x00000000     0x379c
 .debug_frame   0x00000000       0x50 ./src/CS4344.o
 .debug_frame   0x00000050       0x48 ./src/audio.o
 .debug_frame   0x00000098       0xf4 ./src/cr_startup_stm32f4xx.o
 .debug_frame   0x0000018c      0x1a8 ./src/main.o
 .debug_frame   0x00000334      0x420 ./src/midi.o
 .debug_frame   0x00000754      0x1bc ./src/notelist.o
 .debug_frame   0x00000910      0x24c ./src/oscillator.o
 .debug_frame   0x00000b5c      0x980 ./src/pp6.o
 .debug_frame   0x000014dc       0x70 ./src/pwm.o
 .debug_frame   0x0000154c       0x80 ./src/sad.o
 .debug_frame   0x000015cc       0xb8 ./src/sadsr.o
 .debug_frame   0x00001684      0x324 ./src/sequencer.o
 .debug_frame   0x000019a8       0x64 ./src/system_stm32f4xx.o
 .debug_frame   0x00001a0c       0x68 ./src/timer.o
 .debug_frame   0x00001a74       0x88 ./src/uart.o
 .debug_frame   0x00001afc       0x9c /home/owen/workspace-rs5/StdPeriphLib_v100_STM32F4xx/Debug/libStdPeriphLib_v100_STM32F4xx.a(misc.o)
 .debug_frame   0x00001b98      0x434 /home/owen/workspace-rs5/StdPeriphLib_v100_STM32F4xx/Debug/libStdPeriphLib_v100_STM32F4xx.a(stm32f4xx_adc.o)
 .debug_frame   0x00001fcc      0x19c /home/owen/workspace-rs5/StdPeriphLib_v100_STM32F4xx/Debug/libStdPeriphLib_v100_STM32F4xx.a(stm32f4xx_gpio.o)
 .debug_frame   0x00002168      0x4d8 /home/owen/workspace-rs5/StdPeriphLib_v100_STM32F4xx/Debug/libStdPeriphLib_v100_STM32F4xx.a(stm32f4xx_rcc.o)
 .debug_frame   0x00002640       0xec /home/owen/workspace-rs5/StdPeriphLib_v100_STM32F4xx/Debug/libStdPeriphLib_v100_STM32F4xx.a(stm32f4xx_rng.o)
 .debug_frame   0x0000272c      0x2d0 /home/owen/workspace-rs5/StdPeriphLib_v100_STM32F4xx/Debug/libStdPeriphLib_v100_STM32F4xx.a(stm32f4xx_spi.o)
 .debug_frame   0x000029fc      0xa3c /home/owen/workspace-rs5/StdPeriphLib_v100_STM32F4xx/Debug/libStdPeriphLib_v100_STM32F4xx.a(stm32f4xx_tim.o)
 .debug_frame   0x00003438      0x344 /home/owen/workspace-rs5/StdPeriphLib_v100_STM32F4xx/Debug/libStdPeriphLib_v100_STM32F4xx.a(stm32f4xx_usart.o)
 .debug_frame   0x0000377c       0x20 /home/owen/workspace-rs5/CMSISv2p10_DSPLIB_CM4/lib/libCMSISv2p10_DSPLIB_CM4.a(arm_sin_f32.o)

.debug_pubnames
                0x00000000       0x22
 .debug_pubnames
                0x00000000       0x22 /home/owen/workspace-rs5/CMSISv2p10_DSPLIB_CM4/lib/libCMSISv2p10_DSPLIB_CM4.a(arm_sin_f32.o)

.debug_pubtypes
                0x00000000       0x39
 .debug_pubtypes
                0x00000000       0x39 /home/owen/workspace-rs5/CMSISv2p10_DSPLIB_CM4/lib/libCMSISv2p10_DSPLIB_CM4.a(arm_sin_f32.o)
